Archive member included to satisfy reference by file (symbol)

C:/ST/STM32CubeIDE_1.14.1/STM32CubeIDE/plugins/com.st.stm32cube.ide.mcu.externaltools.gnu-tools-for-stm32.11.3.rel1.win32_1.1.100.202309141235/tools/bin/../lib/gcc/arm-none-eabi/11.3.1/../../../../arm-none-eabi/lib/thumb/v7e-m+fp/hard\libc_nano.a(libc_a-assert.o)
                              ./Proyecto/API/Src/API_delay.o (__assert_func)
C:/ST/STM32CubeIDE_1.14.1/STM32CubeIDE/plugins/com.st.stm32cube.ide.mcu.externaltools.gnu-tools-for-stm32.11.3.rel1.win32_1.1.100.202309141235/tools/bin/../lib/gcc/arm-none-eabi/11.3.1/../../../../arm-none-eabi/lib/thumb/v7e-m+fp/hard\libc_nano.a(libc_a-exit.o)
                              C:/ST/STM32CubeIDE_1.14.1/STM32CubeIDE/plugins/com.st.stm32cube.ide.mcu.externaltools.gnu-tools-for-stm32.11.3.rel1.win32_1.1.100.202309141235/tools/bin/../lib/gcc/arm-none-eabi/11.3.1/../../../../arm-none-eabi/lib/thumb/v7e-m+fp/hard/crt0.o (exit)
C:/ST/STM32CubeIDE_1.14.1/STM32CubeIDE/plugins/com.st.stm32cube.ide.mcu.externaltools.gnu-tools-for-stm32.11.3.rel1.win32_1.1.100.202309141235/tools/bin/../lib/gcc/arm-none-eabi/11.3.1/../../../../arm-none-eabi/lib/thumb/v7e-m+fp/hard\libc_nano.a(libc_a-findfp.o)
                              C:/ST/STM32CubeIDE_1.14.1/STM32CubeIDE/plugins/com.st.stm32cube.ide.mcu.externaltools.gnu-tools-for-stm32.11.3.rel1.win32_1.1.100.202309141235/tools/bin/../lib/gcc/arm-none-eabi/11.3.1/../../../../arm-none-eabi/lib/thumb/v7e-m+fp/hard\libc_nano.a(libc_a-exit.o) (__stdio_exit_handler)
C:/ST/STM32CubeIDE_1.14.1/STM32CubeIDE/plugins/com.st.stm32cube.ide.mcu.externaltools.gnu-tools-for-stm32.11.3.rel1.win32_1.1.100.202309141235/tools/bin/../lib/gcc/arm-none-eabi/11.3.1/../../../../arm-none-eabi/lib/thumb/v7e-m+fp/hard\libc_nano.a(libc_a-fprintf.o)
                              C:/ST/STM32CubeIDE_1.14.1/STM32CubeIDE/plugins/com.st.stm32cube.ide.mcu.externaltools.gnu-tools-for-stm32.11.3.rel1.win32_1.1.100.202309141235/tools/bin/../lib/gcc/arm-none-eabi/11.3.1/../../../../arm-none-eabi/lib/thumb/v7e-m+fp/hard\libc_nano.a(libc_a-assert.o) (fiprintf)
C:/ST/STM32CubeIDE_1.14.1/STM32CubeIDE/plugins/com.st.stm32cube.ide.mcu.externaltools.gnu-tools-for-stm32.11.3.rel1.win32_1.1.100.202309141235/tools/bin/../lib/gcc/arm-none-eabi/11.3.1/../../../../arm-none-eabi/lib/thumb/v7e-m+fp/hard\libc_nano.a(libc_a-fwalk.o)
                              C:/ST/STM32CubeIDE_1.14.1/STM32CubeIDE/plugins/com.st.stm32cube.ide.mcu.externaltools.gnu-tools-for-stm32.11.3.rel1.win32_1.1.100.202309141235/tools/bin/../lib/gcc/arm-none-eabi/11.3.1/../../../../arm-none-eabi/lib/thumb/v7e-m+fp/hard\libc_nano.a(libc_a-findfp.o) (_fwalk_sglue)
C:/ST/STM32CubeIDE_1.14.1/STM32CubeIDE/plugins/com.st.stm32cube.ide.mcu.externaltools.gnu-tools-for-stm32.11.3.rel1.win32_1.1.100.202309141235/tools/bin/../lib/gcc/arm-none-eabi/11.3.1/../../../../arm-none-eabi/lib/thumb/v7e-m+fp/hard\libc_nano.a(libc_a-snprintf.o)
                              ./Proyecto/app/app.o (snprintf)
C:/ST/STM32CubeIDE_1.14.1/STM32CubeIDE/plugins/com.st.stm32cube.ide.mcu.externaltools.gnu-tools-for-stm32.11.3.rel1.win32_1.1.100.202309141235/tools/bin/../lib/gcc/arm-none-eabi/11.3.1/../../../../arm-none-eabi/lib/thumb/v7e-m+fp/hard\libc_nano.a(libc_a-sprintf.o)
                              ./Proyecto/app/app.o (sprintf)
C:/ST/STM32CubeIDE_1.14.1/STM32CubeIDE/plugins/com.st.stm32cube.ide.mcu.externaltools.gnu-tools-for-stm32.11.3.rel1.win32_1.1.100.202309141235/tools/bin/../lib/gcc/arm-none-eabi/11.3.1/../../../../arm-none-eabi/lib/thumb/v7e-m+fp/hard\libc_nano.a(libc_a-sscanf.o)
                              ./Proyecto/drivers/usb_cdc/Src/usb_commands.o (sscanf)
C:/ST/STM32CubeIDE_1.14.1/STM32CubeIDE/plugins/com.st.stm32cube.ide.mcu.externaltools.gnu-tools-for-stm32.11.3.rel1.win32_1.1.100.202309141235/tools/bin/../lib/gcc/arm-none-eabi/11.3.1/../../../../arm-none-eabi/lib/thumb/v7e-m+fp/hard\libc_nano.a(libc_a-stdio.o)
                              C:/ST/STM32CubeIDE_1.14.1/STM32CubeIDE/plugins/com.st.stm32cube.ide.mcu.externaltools.gnu-tools-for-stm32.11.3.rel1.win32_1.1.100.202309141235/tools/bin/../lib/gcc/arm-none-eabi/11.3.1/../../../../arm-none-eabi/lib/thumb/v7e-m+fp/hard\libc_nano.a(libc_a-findfp.o) (__sread)
C:/ST/STM32CubeIDE_1.14.1/STM32CubeIDE/plugins/com.st.stm32cube.ide.mcu.externaltools.gnu-tools-for-stm32.11.3.rel1.win32_1.1.100.202309141235/tools/bin/../lib/gcc/arm-none-eabi/11.3.1/../../../../arm-none-eabi/lib/thumb/v7e-m+fp/hard\libc_nano.a(libc_a-memset.o)
                              C:/ST/STM32CubeIDE_1.14.1/STM32CubeIDE/plugins/com.st.stm32cube.ide.mcu.externaltools.gnu-tools-for-stm32.11.3.rel1.win32_1.1.100.202309141235/tools/bin/../lib/gcc/arm-none-eabi/11.3.1/../../../../arm-none-eabi/lib/thumb/v7e-m+fp/hard/crt0.o (memset)
[...]
Memory Configuration

Name             Origin             Length             Attributes
RAM              0x0000000020000000 0x0000000000020000 xrw
FLASH            0x0000000008000000 0x0000000000080000 xr
*default*        0x0000000000000000 0xffffffffffffffff

Linker script and memory map

LOAD C:/ST/STM32CubeIDE_1.14.1/STM32CubeIDE/plugins/com.st.stm32cube.ide.mcu.externaltools.gnu-tools-for-stm32.11.3.rel1.win32_1.1.100.202309141235/tools/bin/../lib/gcc/arm-none-eabi/11.3.1/thumb/v7e-m+fp/hard/crti.o
LOAD C:/ST/STM32CubeIDE_1.14.1/STM32CubeIDE/plugins/com.st.stm32cube.ide.mcu.externaltools.gnu-tools-for-stm32.11.3.rel1.win32_1.1.100.202309141235/tools/bin/../lib/gcc/arm-none-eabi/11.3.1/thumb/v7e-m+fp/hard/crtbegin.o
LOAD C:/ST/STM32CubeIDE_1.14.1/STM32CubeIDE/plugins/com.st.stm32cube.ide.mcu.externaltools.gnu-tools-for-stm32.11.3.rel1.win32_1.1.100.202309141235/tools/bin/../lib/gcc/arm-none-eabi/11.3.1/../../../../arm-none-eabi/lib/thumb/v7e-m+fp/hard/crt0.o
LOAD ./Core/Src/main.o
LOAD ./Core/Src/stm32f4xx_hal_msp.o
LOAD ./Core/Src/stm32f4xx_it.o
LOAD ./Core/Src/syscalls.o
LOAD ./Core/Src/sysmem.o
LOAD ./Core/Src/system_stm32f4xx.o
LOAD ./Core/Startup/startup_stm32f446retx.o
LOAD ./Drivers/STM32F4xx_HAL_Driver/Src/stm32f4xx_hal.o
LOAD ./Drivers/STM32F4xx_HAL_Driver/Src/stm32f4xx_hal_adc.o
LOAD ./Drivers/STM32F4xx_HAL_Driver/Src/stm32f4xx_hal_adc_ex.o
LOAD ./Drivers/STM32F4xx_HAL_Driver/Src/stm32f4xx_hal_cortex.o
LOAD ./Drivers/STM32F4xx_HAL_Driver/Src/stm32f4xx_hal_dma.o
LOAD ./Drivers/STM32F4xx_HAL_Driver/Src/stm32f4xx_hal_dma_ex.o
LOAD ./Drivers/STM32F4xx_HAL_Driver/Src/stm32f4xx_hal_exti.o
LOAD ./Drivers/STM32F4xx_HAL_Driver/Src/stm32f4xx_hal_flash.o
LOAD ./Drivers/STM32F4xx_HAL_Driver/Src/stm32f4xx_hal_flash_ex.o
LOAD ./Drivers/STM32F4xx_HAL_Driver/Src/stm32f4xx_hal_flash_ramfunc.o
LOAD ./Drivers/STM32F4xx_HAL_Driver/Src/stm32f4xx_hal_gpio.o
LOAD ./Drivers/STM32F4xx_HAL_Driver/Src/stm32f4xx_hal_i2c.o
LOAD ./Drivers/STM32F4xx_HAL_Driver/Src/stm32f4xx_hal_i2c_ex.o
LOAD ./Drivers/STM32F4xx_HAL_Driver/Src/stm32f4xx_hal_pcd.o
LOAD ./Drivers/STM32F4xx_HAL_Driver/Src/stm32f4xx_hal_pcd_ex.o
LOAD ./Drivers/STM32F4xx_HAL_Driver/Src/stm32f4xx_hal_pwr.o
LOAD ./Drivers/STM32F4xx_HAL_Driver/Src/stm32f4xx_hal_pwr_ex.o
LOAD ./Drivers/STM32F4xx_HAL_Driver/Src/stm32f4xx_hal_rcc.o
LOAD ./Drivers/STM32F4xx_HAL_Driver/Src/stm32f4xx_hal_rcc_ex.o
LOAD ./Drivers/STM32F4xx_HAL_Driver/Src/stm32f4xx_hal_tim.o
LOAD ./Drivers/STM32F4xx_HAL_Driver/Src/stm32f4xx_hal_tim_ex.o
LOAD ./Drivers/STM32F4xx_HAL_Driver/Src/stm32f4xx_hal_uart.o
LOAD ./Drivers/STM32F4xx_HAL_Driver/Src/stm32f4xx_ll_adc.o
LOAD ./Drivers/STM32F4xx_HAL_Driver/Src/stm32f4xx_ll_usb.o
LOAD ./Middlewares/ST/STM32_USB_Device_Library/Class/CDC/Src/usbd_cdc.o
LOAD ./Middlewares/ST/STM32_USB_Device_Library/Core/Src/usbd_core.o
LOAD ./Middlewares/ST/STM32_USB_Device_Library/Core/Src/usbd_ctlreq.o
LOAD ./Middlewares/ST/STM32_USB_Device_Library/Core/Src/usbd_ioreq.o
LOAD ./Proyecto/API/Src/API_delay.o
LOAD ./Proyecto/app/app.o
LOAD ./Proyecto/app/app_isr.o
LOAD ./Proyecto/drivers/bt/Src/bt.o
LOAD ./Proyecto/drivers/bt/Src/port_bt.o
LOAD ./Proyecto/drivers/button/Src/button.o
LOAD ./Proyecto/drivers/button/Src/port_button.o
LOAD ./Proyecto/drivers/eeprom/Src/eeprom.o
LOAD ./Proyecto/drivers/eeprom/Src/port_eeprom.o
LOAD ./Proyecto/drivers/rtc/Src/port_rtc.o
LOAD ./Proyecto/drivers/rtc/Src/rtc.o
LOAD ./Proyecto/drivers/uart/Src/debug_uart.o
LOAD ./Proyecto/drivers/uart/Src/port_debug_uart.o
LOAD ./Proyecto/drivers/usb_cdc/Src/port_usb_cdc.o
LOAD ./Proyecto/drivers/usb_cdc/Src/usb_cdc.o
LOAD ./Proyecto/drivers/usb_cdc/Src/usb_commands.o
LOAD ./Proyecto/proyecto.o
LOAD ./USB_DEVICE/App/usb_device.o
LOAD ./USB_DEVICE/App/usbd_cdc_if.o
LOAD ./USB_DEVICE/App/usbd_desc.o
LOAD ./USB_DEVICE/Target/usbd_conf.o
START GROUP
LOAD C:/ST/STM32CubeIDE_1.14.1/STM32CubeIDE/plugins/com.st.stm32cube.ide.mcu.externaltools.gnu-tools-for-stm32.11.3.rel1.win32_1.1.100.202309141235/tools/bin/../lib/gcc/arm-none-eabi/11.3.1/../../../../arm-none-eabi/lib/thumb/v7e-m+fp/hard\libc_nano.a
LOAD C:/ST/STM32CubeIDE_1.14.1/STM32CubeIDE/plugins/com.st.stm32cube.ide.mcu.externaltools.gnu-tools-for-stm32.11.3.rel1.win32_1.1.100.202309141235/tools/bin/../lib/gcc/arm-none-eabi/11.3.1/../../../../arm-none-eabi/lib/thumb/v7e-m+fp/hard\libm.a
END GROUP
START GROUP
LOAD C:/ST/STM32CubeIDE_1.14.1/STM32CubeIDE/plugins/com.st.stm32cube.ide.mcu.externaltools.gnu-tools-for-stm32.11.3.rel1.win32_1.1.100.202309141235/tools/bin/../lib/gcc/arm-none-eabi/11.3.1/thumb/v7e-m+fp/hard\libgcc.a
LOAD C:/ST/STM32CubeIDE_1.14.1/STM32CubeIDE/plugins/com.st.stm32cube.ide.mcu.externaltools.gnu-tools-for-stm32.11.3.rel1.win32_1.1.100.202309141235/tools/bin/../lib/gcc/arm-none-eabi/11.3.1/../../../../arm-none-eabi/lib/thumb/v7e-m+fp/hard\libc_nano.a
END GROUP
START GROUP
LOAD C:/ST/STM32CubeIDE_1.14.1/STM32CubeIDE/plugins/com.st.stm32cube.ide.mcu.externaltools.gnu-tools-for-stm32.11.3.rel1.win32_1.1.100.202309141235/tools/bin/../lib/gcc/arm-none-eabi/11.3.1/thumb/v7e-m+fp/hard\libgcc.a
LOAD C:/ST/STM32CubeIDE_1.14.1/STM32CubeIDE/plugins/com.st.stm32cube.ide.mcu.externaltools.gnu-tools-for-stm32.11.3.rel1.win32_1.1.100.202309141235/tools/bin/../lib/gcc/arm-none-eabi/11.3.1/../../../../arm-none-eabi/lib/thumb/v7e-m+fp/hard\libc_nano.a
LOAD C:/ST/STM32CubeIDE_1.14.1/STM32CubeIDE/plugins/com.st.stm32cube.ide.mcu.externaltools.gnu-tools-for-stm32.11.3.rel1.win32_1.1.100.202309141235/tools/bin/../lib/gcc/arm-none-eabi/11.3.1/../../../../arm-none-eabi/lib/thumb/v7e-m+fp/hard\libnosys.a
END GROUP
START GROUP
LOAD C:/ST/STM32CubeIDE_1.14.1/STM32CubeIDE/plugins/com.st.stm32cube.ide.mcu.externaltools.gnu-tools-for-stm32.11.3.rel1.win32_1.1.100.202309141235/tools/bin/../lib/gcc/arm-none-eabi/11.3.1/thumb/v7e-m+fp/hard\libgcc.a
LOAD C:/ST/STM32CubeIDE_1.14.1/STM32CubeIDE/plugins/com.st.stm32cube.ide.mcu.externaltools.gnu-tools-for-stm32.11.3.rel1.win32_1.1.100.202309141235/tools/bin/../lib/gcc/arm-none-eabi/11.3.1/../../../../arm-none-eabi/lib/thumb/v7e-m+fp/hard\libc_nano.a
LOAD C:/ST/STM32CubeIDE_1.14.1/STM32CubeIDE/plugins/com.st.stm32cube.ide.mcu.externaltools.gnu-tools-for-stm32.11.3.rel1.win32_1.1.100.202309141235/tools/bin/../lib/gcc/arm-none-eabi/11.3.1/../../../../arm-none-eabi/lib/thumb/v7e-m+fp/hard\libnosys.a
END GROUP
LOAD C:/ST/STM32CubeIDE_1.14.1/STM32CubeIDE/plugins/com.st.stm32cube.ide.mcu.externaltools.gnu-tools-for-stm32.11.3.rel1.win32_1.1.100.202309141235/tools/bin/../lib/gcc/arm-none-eabi/11.3.1/thumb/v7e-m+fp/hard/crtend.o
LOAD C:/ST/STM32CubeIDE_1.14.1/STM32CubeIDE/plugins/com.st.stm32cube.ide.mcu.externaltools.gnu-tools-for-stm32.11.3.rel1.win32_1.1.100.202309141235/tools/bin/../lib/gcc/arm-none-eabi/11.3.1/thumb/v7e-m+fp/hard/crtn.o
                0x0000000020020000                _estack = (ORIGIN (RAM) + LENGTH (RAM))
                0x0000000000000100                _Min_Heap_Size = 0x100
                0x0000000000000400                _Min_Stack_Size = 0x400

.isr_vector     0x0000000008000000      0x1c4
                0x0000000008000000                . = ALIGN (0x4)
 *(.isr_vector)
 .isr_vector    0x0000000008000000      0x1c4 ./Core/Startup/startup_stm32f446retx.o
                0x0000000008000000                g_pfnVectors
                0x00000000080001c4                . = ALIGN (0x4)

.text           0x00000000080001d0     0xe570
                0x00000000080001d0                . = ALIGN (0x4)
 *(.text)
 .text          0x00000000080001d0       0x40 C:/ST/STM32CubeIDE_1.14.1/STM32CubeIDE/plugins/com.st.stm32cube.ide.mcu.externaltools.gnu-tools-for-stm32.11.3.rel1.win32_1.1.100.202309141235/tools/bin/../lib/gcc/arm-none-eabi/11.3.1/thumb/v7e-m+fp/hard/crtbegin.o
 .text          0x0000000008000210       0x14 C:/ST/STM32CubeIDE_1.14.1/STM32CubeIDE/plugins/com.st.stm32cube.ide.mcu.externaltools.gnu-tools-for-stm32.11.3.rel1.win32_1.1.100.202309141235/tools/bin/../lib/gcc/arm-none-eabi/11.3.1/../../../../arm-none-eabi/lib/thumb/v7e-m+fp/hard\libc_nano.a(libc_a-strcmp.o)
                0x0000000008000210                strcmp
 .text          0x0000000008000224       0x10 C:/ST/STM32CubeIDE_1.14.1/STM32CubeIDE/plugins/com.st.stm32cube.ide.mcu.externaltools.gnu-tools-for-stm32.11.3.rel1.win32_1.1.100.202309141235/tools/bin/../lib/gcc/arm-none-eabi/11.3.1/../../../../arm-none-eabi/lib/thumb/v7e-m+fp/hard\libc_nano.a(libc_a-strlen.o)
                0x0000000008000224                strlen
 *fill*         0x0000000008000234        0xc 
 .text          0x0000000008000240       0xa0 C:/ST/STM32CubeIDE_1.14.1/STM32CubeIDE/plugins/com.st.stm32cube.ide.mcu.externaltools.gnu-tools-for-stm32.11.3.rel1.win32_1.1.100.202309141235/tools/bin/../lib/gcc/arm-none-eabi/11.3.1/../../../../arm-none-eabi/lib/thumb/v7e-m+fp/hard\libc_nano.a(libc_a-memchr.o)
                0x0000000008000240                memchr
 .text          0x00000000080002e0       0x30 C:/ST/STM32CubeIDE_1.14.1/STM32CubeIDE/plugins/com.st.stm32cube.ide.mcu.externaltools.gnu-tools-for-stm32.11.3.rel1.win32_1.1.100.202309141235/tools/bin/../lib/gcc/arm-none-eabi/11.3.1/thumb/v7e-m+fp/hard\libgcc.a(_aeabi_uldivmod.o)
                0x00000000080002e0                __aeabi_uldivmod
 .text          0x0000000008000310      0x2c8 C:/ST/STM32CubeIDE_1.14.1/STM32CubeIDE/plugins/com.st.stm32cube.ide.mcu.externaltools.gnu-tools-for-stm32.11.3.rel1.win32_1.1.100.202309141235/tools/bin/../lib/gcc/arm-none-eabi/11.3.1/thumb/v7e-m+fp/hard\libgcc.a(_udivmoddi4.o)
                0x0000000008000310                __udivmoddi4
 .text          0x00000000080005d8        0x4 C:/ST/STM32CubeIDE_1.14.1/STM32CubeIDE/plugins/com.st.stm32cube.ide.mcu.externaltools.gnu-tools-for-stm32.11.3.rel1.win32_1.1.100.202309141235/tools/bin/../lib/gcc/arm-none-eabi/11.3.1/thumb/v7e-m+fp/hard\libgcc.a(_dvmd_tls.o)
                0x00000000080005d8                __aeabi_idiv0
                0x00000000080005d8                __aeabi_ldiv0
 *(.text*)
 .text.main     0x00000000080005dc       0x32 ./Core/Src/main.o
                0x00000000080005dc                main
 *fill*         0x000000000800060e        0x2 
 .text.SystemClock_Config
                0x0000000008000610       0xd8 ./Core/Src/main.o
                0x0000000008000610                SystemClock_Config
 .text.MX_ADC1_Init
                0x00000000080006e8       0xa4 ./Core/Src/main.o
 .text.MX_I2C1_Init
                0x000000000800078c       0x5c ./Core/Src/main.o
 .text.MX_TIM2_Init
                0x00000000080007e8       0x98 ./Core/Src/main.o
 .text.MX_USART1_UART_Init
                0x0000000008000880       0x54 ./Core/Src/main.o
 .text.MX_USART2_UART_Init
                0x00000000080008d4       0x54 ./Core/Src/main.o
 .text.MX_DMA_Init
                0x0000000008000928       0x40 ./Core/Src/main.o
 .text.MX_GPIO_Init
                0x0000000008000968      0x108 ./Core/Src/main.o
 .text.Error_Handler
                0x0000000008000a70        0xa ./Core/Src/main.o
                0x0000000008000a70                Error_Handler
 *fill*         0x0000000008000a7a        0x2 
 .text.HAL_MspInit
                0x0000000008000a7c       0x50 ./Core/Src/stm32f4xx_hal_msp.o
                0x0000000008000a7c                HAL_MspInit
 .text.HAL_ADC_MspInit
                0x0000000008000acc       0xf0 ./Core/Src/stm32f4xx_hal_msp.o
                0x0000000008000acc                HAL_ADC_MspInit
 .text.HAL_I2C_MspInit
                0x0000000008000bbc       0x90 ./Core/Src/stm32f4xx_hal_msp.o
                0x0000000008000bbc                HAL_I2C_MspInit
 .text.HAL_TIM_Base_MspInit
                0x0000000008000c4c       0x40 ./Core/Src/stm32f4xx_hal_msp.o
                0x0000000008000c4c                HAL_TIM_Base_MspInit
 .text.HAL_UART_MspInit
                0x0000000008000c8c      0x108 ./Core/Src/stm32f4xx_hal_msp.o
                0x0000000008000c8c                HAL_UART_MspInit
 .text.NMI_Handler
                0x0000000008000d94        0x6 ./Core/Src/stm32f4xx_it.o
                0x0000000008000d94                NMI_Handler
 .text.HardFault_Handler
                0x0000000008000d9a        0x6 ./Core/Src/stm32f4xx_it.o
                0x0000000008000d9a                HardFault_Handler
 .text.MemManage_Handler
                0x0000000008000da0        0x6 ./Core/Src/stm32f4xx_it.o
                0x0000000008000da0                MemManage_Handler
 .text.BusFault_Handler
                0x0000000008000da6        0x6 ./Core/Src/stm32f4xx_it.o
                0x0000000008000da6                BusFault_Handler
 .text.UsageFault_Handler
                0x0000000008000dac        0x6 ./Core/Src/stm32f4xx_it.o
                0x0000000008000dac                UsageFault_Handler
 .text.SVC_Handler
                0x0000000008000db2        0xe ./Core/Src/stm32f4xx_it.o
                0x0000000008000db2                SVC_Handler
 .text.DebugMon_Handler
                0x0000000008000dc0        0xe ./Core/Src/stm32f4xx_it.o
                0x0000000008000dc0                DebugMon_Handler
 .text.PendSV_Handler
                0x0000000008000dce        0xe ./Core/Src/stm32f4xx_it.o
                0x0000000008000dce                PendSV_Handler
 .text.SysTick_Handler
                0x0000000008000ddc        0xc ./Core/Src/stm32f4xx_it.o
                0x0000000008000ddc                SysTick_Handler
 .text.USART2_IRQHandler
                0x0000000008000de8       0x14 ./Core/Src/stm32f4xx_it.o
                0x0000000008000de8                USART2_IRQHandler
 .text.DMA2_Stream0_IRQHandler
                0x0000000008000dfc       0x14 ./Core/Src/stm32f4xx_it.o
                0x0000000008000dfc                DMA2_Stream0_IRQHandler
 .text.OTG_FS_IRQHandler
                0x0000000008000e10       0x14 ./Core/Src/stm32f4xx_it.o
                0x0000000008000e10                OTG_FS_IRQHandler
 .text._getpid  0x0000000008000e24       0x10 ./Core/Src/syscalls.o
                0x0000000008000e24                _getpid
 .text._kill    0x0000000008000e34       0x20 ./Core/Src/syscalls.o
                0x0000000008000e34                _kill
 .text._exit    0x0000000008000e54       0x14 ./Core/Src/syscalls.o
                0x0000000008000e54                _exit
 .text._read    0x0000000008000e68       0x3a ./Core/Src/syscalls.o
                0x0000000008000e68                _read
 .text._write   0x0000000008000ea2       0x38 ./Core/Src/syscalls.o
                0x0000000008000ea2                _write
 .text._close   0x0000000008000eda       0x18 ./Core/Src/syscalls.o
                0x0000000008000eda                _close
 .text._fstat   0x0000000008000ef2       0x20 ./Core/Src/syscalls.o
                0x0000000008000ef2                _fstat
 .text._isatty  0x0000000008000f12       0x16 ./Core/Src/syscalls.o
                0x0000000008000f12                _isatty
 .text._lseek   0x0000000008000f28       0x1a ./Core/Src/syscalls.o
                0x0000000008000f28                _lseek
 *fill*         0x0000000008000f42        0x2 
 .text._sbrk    0x0000000008000f44       0x6c ./Core/Src/sysmem.o
                0x0000000008000f44                _sbrk
 .text.SystemInit
                0x0000000008000fb0       0x24 ./Core/Src/system_stm32f4xx.o
                0x0000000008000fb0                SystemInit
 .text.Reset_Handler
                0x0000000008000fd4       0x50 ./Core/Startup/startup_stm32f446retx.o
                0x0000000008000fd4                Reset_Handler
 .text.Default_Handler
                0x0000000008001024        0x2 ./Core/Startup/startup_stm32f446retx.o
                0x0000000008001024                RTC_Alarm_IRQHandler
                0x0000000008001024                EXTI2_IRQHandler
                0x0000000008001024                TIM8_CC_IRQHandler
                0x0000000008001024                FMPI2C1_EV_IRQHandler
                0x0000000008001024                SPI4_IRQHandler
                0x0000000008001024                TIM1_CC_IRQHandler
                0x0000000008001024                DMA2_Stream5_IRQHandler
                0x0000000008001024                DMA1_Stream5_IRQHandler
                0x0000000008001024                PVD_IRQHandler
                0x0000000008001024                SDIO_IRQHandler
                0x0000000008001024                TAMP_STAMP_IRQHandler
                0x0000000008001024                CAN2_RX1_IRQHandler
                0x0000000008001024                EXTI3_IRQHandler
                0x0000000008001024                TIM8_TRG_COM_TIM14_IRQHandler
                0x0000000008001024                TIM1_UP_TIM10_IRQHandler
                0x0000000008001024                TIM8_UP_TIM13_IRQHandler
                0x0000000008001024                I2C3_ER_IRQHandler
                0x0000000008001024                EXTI0_IRQHandler
                0x0000000008001024                I2C2_EV_IRQHandler
                0x0000000008001024                DMA1_Stream2_IRQHandler
                0x0000000008001024                CAN1_RX0_IRQHandler
                0x0000000008001024                FPU_IRQHandler
                0x0000000008001024                OTG_HS_WKUP_IRQHandler
                0x0000000008001024                CAN2_SCE_IRQHandler
                0x0000000008001024                DMA2_Stream2_IRQHandler
                0x0000000008001024                SPI1_IRQHandler
                0x0000000008001024                TIM6_DAC_IRQHandler
                0x0000000008001024                TIM1_BRK_TIM9_IRQHandler
                0x0000000008001024                DCMI_IRQHandler
                0x0000000008001024                CAN2_RX0_IRQHandler
                0x0000000008001024                DMA2_Stream3_IRQHandler
                0x0000000008001024                SAI2_IRQHandler
                0x0000000008001024                USART6_IRQHandler
                0x0000000008001024                USART3_IRQHandler
                0x0000000008001024                CAN1_RX1_IRQHandler
                0x0000000008001024                UART5_IRQHandler
                0x0000000008001024                TIM4_IRQHandler
                0x0000000008001024                QUADSPI_IRQHandler
                0x0000000008001024                I2C1_EV_IRQHandler
                0x0000000008001024                DMA1_Stream6_IRQHandler
                0x0000000008001024                DMA1_Stream1_IRQHandler
                0x0000000008001024                UART4_IRQHandler
                0x0000000008001024                TIM3_IRQHandler
                0x0000000008001024                RCC_IRQHandler
                0x0000000008001024                TIM8_BRK_TIM12_IRQHandler
                0x0000000008001024                Default_Handler
                0x0000000008001024                CEC_IRQHandler
                0x0000000008001024                EXTI15_10_IRQHandler
                0x0000000008001024                ADC_IRQHandler
                0x0000000008001024                DMA1_Stream7_IRQHandler
                0x0000000008001024                TIM7_IRQHandler
                0x0000000008001024                CAN2_TX_IRQHandler
                0x0000000008001024                TIM5_IRQHandler
                0x0000000008001024                DMA2_Stream7_IRQHandler
                0x0000000008001024                I2C3_EV_IRQHandler
                0x0000000008001024                EXTI9_5_IRQHandler
                0x0000000008001024                RTC_WKUP_IRQHandler
                0x0000000008001024                SPDIF_RX_IRQHandler
                0x0000000008001024                SPI2_IRQHandler
                0x0000000008001024                OTG_HS_EP1_IN_IRQHandler
                0x0000000008001024                DMA1_Stream0_IRQHandler
                0x0000000008001024                CAN1_TX_IRQHandler
                0x0000000008001024                FMPI2C1_ER_IRQHandler
                0x0000000008001024                EXTI4_IRQHandler
                0x0000000008001024                OTG_HS_EP1_OUT_IRQHandler
                0x0000000008001024                WWDG_IRQHandler
                0x0000000008001024                TIM2_IRQHandler
                0x0000000008001024                OTG_FS_WKUP_IRQHandler
                0x0000000008001024                TIM1_TRG_COM_TIM11_IRQHandler
                0x0000000008001024                OTG_HS_IRQHandler
                0x0000000008001024                EXTI1_IRQHandler
                0x0000000008001024                I2C2_ER_IRQHandler
                0x0000000008001024                DMA2_Stream1_IRQHandler
                0x0000000008001024                CAN1_SCE_IRQHandler
                0x0000000008001024                FLASH_IRQHandler
                0x0000000008001024                DMA2_Stream4_IRQHandler
                0x0000000008001024                USART1_IRQHandler
                0x0000000008001024                SPI3_IRQHandler
                0x0000000008001024                DMA1_Stream4_IRQHandler
                0x0000000008001024                I2C1_ER_IRQHandler
                0x0000000008001024                FMC_IRQHandler
                0x0000000008001024                DMA2_Stream6_IRQHandler
                0x0000000008001024                SAI1_IRQHandler
                0x0000000008001024                DMA1_Stream3_IRQHandler
 *fill*         0x0000000008001026        0x2 
 .text.HAL_Init
                0x0000000008001028       0x44 ./Drivers/STM32F4xx_HAL_Driver/Src/stm32f4xx_hal.o
                0x0000000008001028                HAL_Init
 .text.HAL_InitTick
                0x000000000800106c       0x60 ./Drivers/STM32F4xx_HAL_Driver/Src/stm32f4xx_hal.o
                0x000000000800106c                HAL_InitTick
 .text.HAL_IncTick
                0x00000000080010cc       0x28 ./Drivers/STM32F4xx_HAL_Driver/Src/stm32f4xx_hal.o
                0x00000000080010cc                HAL_IncTick
 .text.HAL_GetTick
                0x00000000080010f4       0x18 ./Drivers/STM32F4xx_HAL_Driver/Src/stm32f4xx_hal.o
                0x00000000080010f4                HAL_GetTick
 .text.HAL_Delay
                0x000000000800110c       0x48 ./Drivers/STM32F4xx_HAL_Driver/Src/stm32f4xx_hal.o
                0x000000000800110c                HAL_Delay
 .text.HAL_ADC_Init
                0x0000000008001154       0x86 ./Drivers/STM32F4xx_HAL_Driver/Src/stm32f4xx_hal_adc.o
                0x0000000008001154                HAL_ADC_Init
 *fill*         0x00000000080011da        0x2 
 .text.HAL_ADC_Start_DMA
                0x00000000080011dc      0x220 ./Drivers/STM32F4xx_HAL_Driver/Src/stm32f4xx_hal_adc.o
                0x00000000080011dc                HAL_ADC_Start_DMA
 .text.HAL_ADC_ConvHalfCpltCallback
                0x00000000080013fc       0x14 ./Drivers/STM32F4xx_HAL_Driver/Src/stm32f4xx_hal_adc.o
                0x00000000080013fc                HAL_ADC_ConvHalfCpltCallback
 .text.HAL_ADC_ErrorCallback
                0x0000000008001410       0x14 ./Drivers/STM32F4xx_HAL_Driver/Src/stm32f4xx_hal_adc.o
                0x0000000008001410                HAL_ADC_ErrorCallback
 .text.HAL_ADC_ConfigChannel
                0x0000000008001424      0x264 ./Drivers/STM32F4xx_HAL_Driver/Src/stm32f4xx_hal_adc.o
                0x0000000008001424                HAL_ADC_ConfigChannel
 .text.ADC_Init
                0x0000000008001688      0x1f8 ./Drivers/STM32F4xx_HAL_Driver/Src/stm32f4xx_hal_adc.o
 .text.ADC_DMAConvCplt
                0x0000000008001880       0xba ./Drivers/STM32F4xx_HAL_Driver/Src/stm32f4xx_hal_adc.o
 .text.ADC_DMAHalfConvCplt
                0x000000000800193a       0x1c ./Drivers/STM32F4xx_HAL_Driver/Src/stm32f4xx_hal_adc.o
 .text.ADC_DMAError
                0x0000000008001956       0x2e ./Drivers/STM32F4xx_HAL_Driver/Src/stm32f4xx_hal_adc.o
 .text.__NVIC_SetPriorityGrouping
                0x0000000008001984       0x48 ./Drivers/STM32F4xx_HAL_Driver/Src/stm32f4xx_hal_cortex.o
 .text.__NVIC_GetPriorityGrouping
                0x00000000080019cc       0x1c ./Drivers/STM32F4xx_HAL_Driver/Src/stm32f4xx_hal_cortex.o
 .text.__NVIC_EnableIRQ
                0x00000000080019e8       0x3c ./Drivers/STM32F4xx_HAL_Driver/Src/stm32f4xx_hal_cortex.o
 .text.__NVIC_SetPriority
                0x0000000008001a24       0x54 ./Drivers/STM32F4xx_HAL_Driver/Src/stm32f4xx_hal_cortex.o
 .text.NVIC_EncodePriority
                0x0000000008001a78       0x66 ./Drivers/STM32F4xx_HAL_Driver/Src/stm32f4xx_hal_cortex.o
 *fill*         0x0000000008001ade        0x2 
 .text.SysTick_Config
                0x0000000008001ae0       0x44 ./Drivers/STM32F4xx_HAL_Driver/Src/stm32f4xx_hal_cortex.o
 .text.HAL_NVIC_SetPriorityGrouping
                0x0000000008001b24       0x16 ./Drivers/STM32F4xx_HAL_Driver/Src/stm32f4xx_hal_cortex.o
                0x0000000008001b24                HAL_NVIC_SetPriorityGrouping
 .text.HAL_NVIC_SetPriority
                0x0000000008001b3a       0x38 ./Drivers/STM32F4xx_HAL_Driver/Src/stm32f4xx_hal_cortex.o
                0x0000000008001b3a                HAL_NVIC_SetPriority
 .text.HAL_NVIC_EnableIRQ
                0x0000000008001b72       0x1c ./Drivers/STM32F4xx_HAL_Driver/Src/stm32f4xx_hal_cortex.o
                0x0000000008001b72                HAL_NVIC_EnableIRQ
 .text.HAL_SYSTICK_Config
                0x0000000008001b8e       0x18 ./Drivers/STM32F4xx_HAL_Driver/Src/stm32f4xx_hal_cortex.o
                0x0000000008001b8e                HAL_SYSTICK_Config
 *fill*         0x0000000008001ba6        0x2 
 .text.HAL_DMA_Init
                0x0000000008001ba8      0x15c ./Drivers/STM32F4xx_HAL_Driver/Src/stm32f4xx_hal_dma.o
                0x0000000008001ba8                HAL_DMA_Init
 .text.HAL_DMA_Start_IT
                0x0000000008001d04       0xb0 ./Drivers/STM32F4xx_HAL_Driver/Src/stm32f4xx_hal_dma.o
                0x0000000008001d04                HAL_DMA_Start_IT
 .text.HAL_DMA_Abort
                0x0000000008001db4       0xe0 ./Drivers/STM32F4xx_HAL_Driver/Src/stm32f4xx_hal_dma.o
                0x0000000008001db4                HAL_DMA_Abort
 .text.HAL_DMA_Abort_IT
                0x0000000008001e94       0x44 ./Drivers/STM32F4xx_HAL_Driver/Src/stm32f4xx_hal_dma.o
                0x0000000008001e94                HAL_DMA_Abort_IT
 .text.HAL_DMA_IRQHandler
                0x0000000008001ed8      0x314 ./Drivers/STM32F4xx_HAL_Driver/Src/stm32f4xx_hal_dma.o
                0x0000000008001ed8                HAL_DMA_IRQHandler
 .text.DMA_SetConfig
                0x00000000080021ec       0x5c ./Drivers/STM32F4xx_HAL_Driver/Src/stm32f4xx_hal_dma.o
 .text.DMA_CalcBaseAndBitshift
                0x0000000008002248       0x6c ./Drivers/STM32F4xx_HAL_Driver/Src/stm32f4xx_hal_dma.o
 .text.DMA_CheckFifoParam
                0x00000000080022b4       0xf8 ./Drivers/STM32F4xx_HAL_Driver/Src/stm32f4xx_hal_dma.o
 .text.HAL_GPIO_Init
                0x00000000080023ac      0x328 ./Drivers/STM32F4xx_HAL_Driver/Src/stm32f4xx_hal_gpio.o
                0x00000000080023ac                HAL_GPIO_Init
 .text.HAL_GPIO_ReadPin
                0x00000000080026d4       0x30 ./Drivers/STM32F4xx_HAL_Driver/Src/stm32f4xx_hal_gpio.o
                0x00000000080026d4                HAL_GPIO_ReadPin
 .text.HAL_GPIO_WritePin
                0x0000000008002704       0x32 ./Drivers/STM32F4xx_HAL_Driver/Src/stm32f4xx_hal_gpio.o
                0x0000000008002704                HAL_GPIO_WritePin
 *fill*         0x0000000008002736        0x2 
 .text.HAL_I2C_Init
                0x0000000008002738      0x288 ./Drivers/STM32F4xx_HAL_Driver/Src/stm32f4xx_hal_i2c.o
                0x0000000008002738                HAL_I2C_Init
 .text.HAL_I2C_Mem_Write
                0x00000000080029c0      0x1f4 ./Drivers/STM32F4xx_HAL_Driver/Src/stm32f4xx_hal_i2c.o
                0x00000000080029c0                HAL_I2C_Mem_Write
 .text.HAL_I2C_Mem_Read
                0x0000000008002bb4      0x464 ./Drivers/STM32F4xx_HAL_Driver/Src/stm32f4xx_hal_i2c.o
                0x0000000008002bb4                HAL_I2C_Mem_Read
 .text.I2C_RequestMemoryWrite
                0x0000000008003018      0x12c ./Drivers/STM32F4xx_HAL_Driver/Src/stm32f4xx_hal_i2c.o
 .text.I2C_RequestMemoryRead
                0x0000000008003144      0x1d0 ./Drivers/STM32F4xx_HAL_Driver/Src/stm32f4xx_hal_i2c.o
 .text.I2C_WaitOnFlagUntilTimeout
                0x0000000008003314       0xf4 ./Drivers/STM32F4xx_HAL_Driver/Src/stm32f4xx_hal_i2c.o
 .text.I2C_WaitOnMasterAddressFlagUntilTimeout
                0x0000000008003408      0x140 ./Drivers/STM32F4xx_HAL_Driver/Src/stm32f4xx_hal_i2c.o
 .text.I2C_WaitOnTXEFlagUntilTimeout
                0x0000000008003548       0x90 ./Drivers/STM32F4xx_HAL_Driver/Src/stm32f4xx_hal_i2c.o
 .text.I2C_WaitOnBTFFlagUntilTimeout
                0x00000000080035d8       0x90 ./Drivers/STM32F4xx_HAL_Driver/Src/stm32f4xx_hal_i2c.o
 .text.I2C_WaitOnRXNEFlagUntilTimeout
                0x0000000008003668       0xba ./Drivers/STM32F4xx_HAL_Driver/Src/stm32f4xx_hal_i2c.o
 .text.I2C_IsAcknowledgeFailed
                0x0000000008003722       0x5e ./Drivers/STM32F4xx_HAL_Driver/Src/stm32f4xx_hal_i2c.o
 .text.HAL_PCD_Init
                0x0000000008003780      0x22c ./Drivers/STM32F4xx_HAL_Driver/Src/stm32f4xx_hal_pcd.o
                0x0000000008003780                HAL_PCD_Init
 .text.HAL_PCD_Start
                0x00000000080039ac       0x6a ./Drivers/STM32F4xx_HAL_Driver/Src/stm32f4xx_hal_pcd.o
                0x00000000080039ac                HAL_PCD_Start
 .text.HAL_PCD_IRQHandler
                0x0000000008003a16      0x99c ./Drivers/STM32F4xx_HAL_Driver/Src/stm32f4xx_hal_pcd.o
                0x0000000008003a16                HAL_PCD_IRQHandler
 .text.HAL_PCD_SetAddress
                0x00000000080043b2       0x48 ./Drivers/STM32F4xx_HAL_Driver/Src/stm32f4xx_hal_pcd.o
                0x00000000080043b2                HAL_PCD_SetAddress
 .text.HAL_PCD_EP_Open
                0x00000000080043fa       0xd4 ./Drivers/STM32F4xx_HAL_Driver/Src/stm32f4xx_hal_pcd.o
                0x00000000080043fa                HAL_PCD_EP_Open
 .text.HAL_PCD_EP_Close
                0x00000000080044ce       0x94 ./Drivers/STM32F4xx_HAL_Driver/Src/stm32f4xx_hal_pcd.o
                0x00000000080044ce                HAL_PCD_EP_Close
 .text.HAL_PCD_EP_Receive
                0x0000000008004562       0x76 ./Drivers/STM32F4xx_HAL_Driver/Src/stm32f4xx_hal_pcd.o
                0x0000000008004562                HAL_PCD_EP_Receive
 .text.HAL_PCD_EP_GetRxCount
                0x00000000080045d8       0x30 ./Drivers/STM32F4xx_HAL_Driver/Src/stm32f4xx_hal_pcd.o
                0x00000000080045d8                HAL_PCD_EP_GetRxCount
 .text.HAL_PCD_EP_Transmit
                0x0000000008004608       0x74 ./Drivers/STM32F4xx_HAL_Driver/Src/stm32f4xx_hal_pcd.o
                0x0000000008004608                HAL_PCD_EP_Transmit
 .text.HAL_PCD_EP_SetStall
                0x000000000800467c       0xc6 ./Drivers/STM32F4xx_HAL_Driver/Src/stm32f4xx_hal_pcd.o
                0x000000000800467c                HAL_PCD_EP_SetStall
 .text.HAL_PCD_EP_ClrStall
                0x0000000008004742       0xac ./Drivers/STM32F4xx_HAL_Driver/Src/stm32f4xx_hal_pcd.o
                0x0000000008004742                HAL_PCD_EP_ClrStall
 .text.HAL_PCD_EP_Abort
                0x00000000080047ee       0x62 ./Drivers/STM32F4xx_HAL_Driver/Src/stm32f4xx_hal_pcd.o
                0x00000000080047ee                HAL_PCD_EP_Abort
 .text.PCD_WriteEmptyTxFifo
                0x0000000008004850      0x118 ./Drivers/STM32F4xx_HAL_Driver/Src/stm32f4xx_hal_pcd.o
 .text.PCD_EP_OutXfrComplete_int
                0x0000000008004968      0x1d0 ./Drivers/STM32F4xx_HAL_Driver/Src/stm32f4xx_hal_pcd.o
 .text.PCD_EP_OutSetupPacket_int
                0x0000000008004b38       0x8c ./Drivers/STM32F4xx_HAL_Driver/Src/stm32f4xx_hal_pcd.o
 .text.HAL_PCDEx_SetTxFiFo
                0x0000000008004bc4       0x8e ./Drivers/STM32F4xx_HAL_Driver/Src/stm32f4xx_hal_pcd_ex.o
                0x0000000008004bc4                HAL_PCDEx_SetTxFiFo
 .text.HAL_PCDEx_SetRxFiFo
                0x0000000008004c52       0x22 ./Drivers/STM32F4xx_HAL_Driver/Src/stm32f4xx_hal_pcd_ex.o
                0x0000000008004c52                HAL_PCDEx_SetRxFiFo
 .text.HAL_PCDEx_ActivateLPM
                0x0000000008004c74       0x48 ./Drivers/STM32F4xx_HAL_Driver/Src/stm32f4xx_hal_pcd_ex.o
                0x0000000008004c74                HAL_PCDEx_ActivateLPM
 .text.HAL_RCC_ClockConfig
                0x0000000008004cbc      0x1cc ./Drivers/STM32F4xx_HAL_Driver/Src/stm32f4xx_hal_rcc.o
                0x0000000008004cbc                HAL_RCC_ClockConfig
 .text.HAL_RCC_GetHCLKFreq
                0x0000000008004e88       0x18 ./Drivers/STM32F4xx_HAL_Driver/Src/stm32f4xx_hal_rcc.o
                0x0000000008004e88                HAL_RCC_GetHCLKFreq
 .text.HAL_RCC_GetPCLK1Freq
                0x0000000008004ea0       0x28 ./Drivers/STM32F4xx_HAL_Driver/Src/stm32f4xx_hal_rcc.o
                0x0000000008004ea0                HAL_RCC_GetPCLK1Freq
 .text.HAL_RCC_GetPCLK2Freq
                0x0000000008004ec8       0x28 ./Drivers/STM32F4xx_HAL_Driver/Src/stm32f4xx_hal_rcc.o
                0x0000000008004ec8                HAL_RCC_GetPCLK2Freq
 .text.HAL_RCCEx_PeriphCLKConfig
                0x0000000008004ef0      0x654 ./Drivers/STM32F4xx_HAL_Driver/Src/stm32f4xx_hal_rcc_ex.o
                0x0000000008004ef0                HAL_RCCEx_PeriphCLKConfig
 .text.HAL_RCC_GetSysClockFreq
                0x0000000008005544      0x460 ./Drivers/STM32F4xx_HAL_Driver/Src/stm32f4xx_hal_rcc_ex.o
                0x0000000008005544                HAL_RCC_GetSysClockFreq
 .text.HAL_RCC_OscConfig
                0x00000000080059a4      0x53c ./Drivers/STM32F4xx_HAL_Driver/Src/stm32f4xx_hal_rcc_ex.o
                0x00000000080059a4                HAL_RCC_OscConfig
 .text.HAL_TIM_Base_Init
                0x0000000008005ee0       0x9e ./Drivers/STM32F4xx_HAL_Driver/Src/stm32f4xx_hal_tim.o
                0x0000000008005ee0                HAL_TIM_Base_Init
 *fill*         0x0000000008005f7e        0x2 
 .text.HAL_TIM_Base_Start
                0x0000000008005f80       0xd0 ./Drivers/STM32F4xx_HAL_Driver/Src/stm32f4xx_hal_tim.o
                0x0000000008005f80                HAL_TIM_Base_Start
 .text.HAL_TIM_ConfigClockSource
                0x0000000008006050      0x18e ./Drivers/STM32F4xx_HAL_Driver/Src/stm32f4xx_hal_tim.o
                0x0000000008006050                HAL_TIM_ConfigClockSource
 *fill*         0x00000000080061de        0x2 
 .text.TIM_Base_SetConfig
                0x00000000080061e0      0x158 ./Drivers/STM32F4xx_HAL_Driver/Src/stm32f4xx_hal_tim.o
                0x00000000080061e0                TIM_Base_SetConfig
 .text.TIM_TI1_ConfigInputStage
                0x0000000008006338       0x5e ./Drivers/STM32F4xx_HAL_Driver/Src/stm32f4xx_hal_tim.o
 .text.TIM_TI2_ConfigInputStage
                0x0000000008006396       0x60 ./Drivers/STM32F4xx_HAL_Driver/Src/stm32f4xx_hal_tim.o
 .text.TIM_ITRx_SetConfig
                0x00000000080063f6       0x36 ./Drivers/STM32F4xx_HAL_Driver/Src/stm32f4xx_hal_tim.o
 .text.TIM_ETR_SetConfig
                0x000000000800642c       0x40 ./Drivers/STM32F4xx_HAL_Driver/Src/stm32f4xx_hal_tim.o
                0x000000000800642c                TIM_ETR_SetConfig
 .text.HAL_TIMEx_MasterConfigSynchronization
                0x000000000800646c       0xf8 ./Drivers/STM32F4xx_HAL_Driver/Src/stm32f4xx_hal_tim_ex.o
                0x000000000800646c                HAL_TIMEx_MasterConfigSynchronization
 .text.HAL_UART_Init
                0x0000000008006564       0xa0 ./Drivers/STM32F4xx_HAL_Driver/Src/stm32f4xx_hal_uart.o
                0x0000000008006564                HAL_UART_Init
 .text.HAL_UART_Transmit
                0x0000000008006604      0x116 ./Drivers/STM32F4xx_HAL_Driver/Src/stm32f4xx_hal_uart.o
                0x0000000008006604                HAL_UART_Transmit
 *fill*         0x000000000800671a        0x2 
 .text.HAL_UART_IRQHandler
                0x000000000800671c      0x524 ./Drivers/STM32F4xx_HAL_Driver/Src/stm32f4xx_hal_uart.o
                0x000000000800671c                HAL_UART_IRQHandler
 .text.HAL_UART_TxCpltCallback
                0x0000000008006c40       0x14 ./Drivers/STM32F4xx_HAL_Driver/Src/stm32f4xx_hal_uart.o
                0x0000000008006c40                HAL_UART_TxCpltCallback
 .text.HAL_UART_RxCpltCallback
                0x0000000008006c54       0x14 ./Drivers/STM32F4xx_HAL_Driver/Src/stm32f4xx_hal_uart.o
                0x0000000008006c54                HAL_UART_RxCpltCallback
 .text.HAL_UART_ErrorCallback
                0x0000000008006c68       0x14 ./Drivers/STM32F4xx_HAL_Driver/Src/stm32f4xx_hal_uart.o
                0x0000000008006c68                HAL_UART_ErrorCallback
 .text.HAL_UARTEx_RxEventCallback
                0x0000000008006c7c       0x18 ./Drivers/STM32F4xx_HAL_Driver/Src/stm32f4xx_hal_uart.o
                0x0000000008006c7c                HAL_UARTEx_RxEventCallback
 .text.UART_WaitOnFlagUntilTimeout
                0x0000000008006c94       0xb2 ./Drivers/STM32F4xx_HAL_Driver/Src/stm32f4xx_hal_uart.o
 .text.UART_EndRxTransfer
                0x0000000008006d46       0xc6 ./Drivers/STM32F4xx_HAL_Driver/Src/stm32f4xx_hal_uart.o
 .text.UART_DMAAbortOnError
                0x0000000008006e0c       0x28 ./Drivers/STM32F4xx_HAL_Driver/Src/stm32f4xx_hal_uart.o
 .text.UART_Transmit_IT
                0x0000000008006e34       0xa0 ./Drivers/STM32F4xx_HAL_Driver/Src/stm32f4xx_hal_uart.o
 .text.UART_EndTransmit_IT
                0x0000000008006ed4       0x30 ./Drivers/STM32F4xx_HAL_Driver/Src/stm32f4xx_hal_uart.o
 .text.UART_Receive_IT
                0x0000000008006f04      0x17c ./Drivers/STM32F4xx_HAL_Driver/Src/stm32f4xx_hal_uart.o
 .text.UART_SetConfig
                0x0000000008007080      0x4e8 ./Drivers/STM32F4xx_HAL_Driver/Src/stm32f4xx_hal_uart.o
 .text.USB_CoreInit
                0x0000000008007568       0xc8 ./Drivers/STM32F4xx_HAL_Driver/Src/stm32f4xx_ll_usb.o
                0x0000000008007568                USB_CoreInit
 .text.USB_SetTurnaroundTime
                0x0000000008007630      0x144 ./Drivers/STM32F4xx_HAL_Driver/Src/stm32f4xx_ll_usb.o
                0x0000000008007630                USB_SetTurnaroundTime
 .text.USB_EnableGlobalInt
                0x0000000008007774       0x22 ./Drivers/STM32F4xx_HAL_Driver/Src/stm32f4xx_ll_usb.o
                0x0000000008007774                USB_EnableGlobalInt
 .text.USB_DisableGlobalInt
                0x0000000008007796       0x22 ./Drivers/STM32F4xx_HAL_Driver/Src/stm32f4xx_ll_usb.o
                0x0000000008007796                USB_DisableGlobalInt
 .text.USB_SetCurrentMode
                0x00000000080077b8       0x98 ./Drivers/STM32F4xx_HAL_Driver/Src/stm32f4xx_ll_usb.o
                0x00000000080077b8                USB_SetCurrentMode
 .text.USB_DevInit
                0x0000000008007850      0x2bc ./Drivers/STM32F4xx_HAL_Driver/Src/stm32f4xx_ll_usb.o
                0x0000000008007850                USB_DevInit
 .text.USB_FlushTxFifo
                0x0000000008007b0c       0x64 ./Drivers/STM32F4xx_HAL_Driver/Src/stm32f4xx_ll_usb.o
                0x0000000008007b0c                USB_FlushTxFifo
 .text.USB_FlushRxFifo
                0x0000000008007b70       0x5c ./Drivers/STM32F4xx_HAL_Driver/Src/stm32f4xx_ll_usb.o
                0x0000000008007b70                USB_FlushRxFifo
 .text.USB_SetDevSpeed
                0x0000000008007bcc       0x32 ./Drivers/STM32F4xx_HAL_Driver/Src/stm32f4xx_ll_usb.o
                0x0000000008007bcc                USB_SetDevSpeed
 .text.USB_GetDevSpeed
                0x0000000008007bfe       0x4a ./Drivers/STM32F4xx_HAL_Driver/Src/stm32f4xx_ll_usb.o
                0x0000000008007bfe                USB_GetDevSpeed
 .text.USB_ActivateEndpoint
                0x0000000008007c48      0x10e ./Drivers/STM32F4xx_HAL_Driver/Src/stm32f4xx_ll_usb.o
                0x0000000008007c48                USB_ActivateEndpoint
 *fill*         0x0000000008007d56        0x2 
 .text.USB_DeactivateEndpoint
                0x0000000008007d58      0x1b8 ./Drivers/STM32F4xx_HAL_Driver/Src/stm32f4xx_ll_usb.o
                0x0000000008007d58                USB_DeactivateEndpoint
 .text.USB_EPStartXfer
                0x0000000008007f10      0x53c ./Drivers/STM32F4xx_HAL_Driver/Src/stm32f4xx_ll_usb.o
                0x0000000008007f10                USB_EPStartXfer
 .text.USB_EPStopXfer
                0x000000000800844c      0x154 ./Drivers/STM32F4xx_HAL_Driver/Src/stm32f4xx_ll_usb.o
                0x000000000800844c                USB_EPStopXfer
 .text.USB_WritePacket
                0x00000000080085a0       0x7c ./Drivers/STM32F4xx_HAL_Driver/Src/stm32f4xx_ll_usb.o
                0x00000000080085a0                USB_WritePacket
 .text.USB_ReadPacket
                0x000000000800861c       0xb0 ./Drivers/STM32F4xx_HAL_Driver/Src/stm32f4xx_ll_usb.o
                0x000000000800861c                USB_ReadPacket
 .text.USB_EPSetStall
                0x00000000080086cc       0xdc ./Drivers/STM32F4xx_HAL_Driver/Src/stm32f4xx_ll_usb.o
                0x00000000080086cc                USB_EPSetStall
 .text.USB_EPClearStall
                0x00000000080087a8       0xcc ./Drivers/STM32F4xx_HAL_Driver/Src/stm32f4xx_ll_usb.o
                0x00000000080087a8                USB_EPClearStall
 .text.USB_SetDevAddress
                0x0000000008008874       0x4c ./Drivers/STM32F4xx_HAL_Driver/Src/stm32f4xx_ll_usb.o
                0x0000000008008874                USB_SetDevAddress
 .text.USB_DevConnect
                0x00000000080088c0       0x42 ./Drivers/STM32F4xx_HAL_Driver/Src/stm32f4xx_ll_usb.o
                0x00000000080088c0                USB_DevConnect
 .text.USB_DevDisconnect
                0x0000000008008902       0x42 ./Drivers/STM32F4xx_HAL_Driver/Src/stm32f4xx_ll_usb.o
                0x0000000008008902                USB_DevDisconnect
 .text.USB_ReadInterrupts
                0x0000000008008944       0x26 ./Drivers/STM32F4xx_HAL_Driver/Src/stm32f4xx_ll_usb.o
                0x0000000008008944                USB_ReadInterrupts
 .text.USB_ReadDevAllOutEpInterrupt
                0x000000000800896a       0x34 ./Drivers/STM32F4xx_HAL_Driver/Src/stm32f4xx_ll_usb.o
                0x000000000800896a                USB_ReadDevAllOutEpInterrupt
 .text.USB_ReadDevAllInEpInterrupt
                0x000000000800899e       0x34 ./Drivers/STM32F4xx_HAL_Driver/Src/stm32f4xx_ll_usb.o
                0x000000000800899e                USB_ReadDevAllInEpInterrupt
 .text.USB_ReadDevOutEPInterrupt
                0x00000000080089d2       0x3c ./Drivers/STM32F4xx_HAL_Driver/Src/stm32f4xx_ll_usb.o
                0x00000000080089d2                USB_ReadDevOutEPInterrupt
 .text.USB_ReadDevInEPInterrupt
                0x0000000008008a0e       0x5c ./Drivers/STM32F4xx_HAL_Driver/Src/stm32f4xx_ll_usb.o
                0x0000000008008a0e                USB_ReadDevInEPInterrupt
 .text.USB_GetMode
                0x0000000008008a6a       0x1c ./Drivers/STM32F4xx_HAL_Driver/Src/stm32f4xx_ll_usb.o
                0x0000000008008a6a                USB_GetMode
 .text.USB_ActivateSetup
                0x0000000008008a86       0x46 ./Drivers/STM32F4xx_HAL_Driver/Src/stm32f4xx_ll_usb.o
                0x0000000008008a86                USB_ActivateSetup
 .text.USB_EP0_OutStart
                0x0000000008008acc       0xbc ./Drivers/STM32F4xx_HAL_Driver/Src/stm32f4xx_ll_usb.o
                0x0000000008008acc                USB_EP0_OutStart
 .text.USB_CoreReset
                0x0000000008008b88       0x62 ./Drivers/STM32F4xx_HAL_Driver/Src/stm32f4xx_ll_usb.o
 *fill*         0x0000000008008bea        0x2 
 .text.USBD_CDC_Init
                0x0000000008008bec      0x1f0 ./Middlewares/ST/STM32_USB_Device_Library/Class/CDC/Src/usbd_cdc.o
 .text.USBD_CDC_DeInit
                0x0000000008008ddc      0x104 ./Middlewares/ST/STM32_USB_Device_Library/Class/CDC/Src/usbd_cdc.o
 .text.USBD_CDC_Setup
                0x0000000008008ee0      0x1b8 ./Middlewares/ST/STM32_USB_Device_Library/Class/CDC/Src/usbd_cdc.o
 .text.USBD_CDC_DataIn
                0x0000000008009098       0xfe ./Middlewares/ST/STM32_USB_Device_Library/Class/CDC/Src/usbd_cdc.o
 .text.USBD_CDC_DataOut
                0x0000000008009196       0x70 ./Middlewares/ST/STM32_USB_Device_Library/Class/CDC/Src/usbd_cdc.o
 .text.USBD_CDC_EP0_RxReady
                0x0000000008009206       0x76 ./Middlewares/ST/STM32_USB_Device_Library/Class/CDC/Src/usbd_cdc.o
 .text.USBD_CDC_GetFSCfgDesc
                0x000000000800927c       0x70 ./Middlewares/ST/STM32_USB_Device_Library/Class/CDC/Src/usbd_cdc.o
 .text.USBD_CDC_GetHSCfgDesc
                0x00000000080092ec       0x70 ./Middlewares/ST/STM32_USB_Device_Library/Class/CDC/Src/usbd_cdc.o
 .text.USBD_CDC_GetOtherSpeedCfgDesc
                0x000000000800935c       0x70 ./Middlewares/ST/STM32_USB_Device_Library/Class/CDC/Src/usbd_cdc.o
 .text.USBD_CDC_GetDeviceQualifierDescriptor
                0x00000000080093cc       0x20 ./Middlewares/ST/STM32_USB_Device_Library/Class/CDC/Src/usbd_cdc.o
                0x00000000080093cc                USBD_CDC_GetDeviceQualifierDescriptor
 .text.USBD_CDC_RegisterInterface
                0x00000000080093ec       0x34 ./Middlewares/ST/STM32_USB_Device_Library/Class/CDC/Src/usbd_cdc.o
                0x00000000080093ec                USBD_CDC_RegisterInterface
 .text.USBD_CDC_SetTxBuffer
                0x0000000008009420       0x44 ./Middlewares/ST/STM32_USB_Device_Library/Class/CDC/Src/usbd_cdc.o
                0x0000000008009420                USBD_CDC_SetTxBuffer
 .text.USBD_CDC_SetRxBuffer
                0x0000000008009464       0x3a ./Middlewares/ST/STM32_USB_Device_Library/Class/CDC/Src/usbd_cdc.o
                0x0000000008009464                USBD_CDC_SetRxBuffer
 *fill*         0x000000000800949e        0x2 
 .text.USBD_CDC_TransmitPacket
                0x00000000080094a0       0x80 ./Middlewares/ST/STM32_USB_Device_Library/Class/CDC/Src/usbd_cdc.o
                0x00000000080094a0                USBD_CDC_TransmitPacket
 .text.USBD_CDC_ReceivePacket
                0x0000000008009520       0x6c ./Middlewares/ST/STM32_USB_Device_Library/Class/CDC/Src/usbd_cdc.o
                0x0000000008009520                USBD_CDC_ReceivePacket
 .text.USBD_Init
                0x000000000800958c       0x60 ./Middlewares/ST/STM32_USB_Device_Library/Core/Src/usbd_core.o
                0x000000000800958c                USBD_Init
 .text.USBD_RegisterClass
                0x00000000080095ec       0x6c ./Middlewares/ST/STM32_USB_Device_Library/Core/Src/usbd_core.o
                0x00000000080095ec                USBD_RegisterClass
 .text.USBD_Start
                0x0000000008009658       0x18 ./Middlewares/ST/STM32_USB_Device_Library/Core/Src/usbd_core.o
                0x0000000008009658                USBD_Start
 .text.USBD_RunTestMode
                0x0000000008009670       0x16 ./Middlewares/ST/STM32_USB_Device_Library/Core/Src/usbd_core.o
                0x0000000008009670                USBD_RunTestMode
 .text.USBD_SetClassConfig
                0x0000000008009686       0x38 ./Middlewares/ST/STM32_USB_Device_Library/Core/Src/usbd_core.o
                0x0000000008009686                USBD_SetClassConfig
 .text.USBD_ClrClassConfig
                0x00000000080096be       0x34 ./Middlewares/ST/STM32_USB_Device_Library/Core/Src/usbd_core.o
                0x00000000080096be                USBD_ClrClassConfig
 .text.USBD_LL_SetupStage
                0x00000000080096f2       0xaa ./Middlewares/ST/STM32_USB_Device_Library/Core/Src/usbd_core.o
                0x00000000080096f2                USBD_LL_SetupStage
 .text.USBD_LL_DataOutStage
                0x000000000800979c      0x166 ./Middlewares/ST/STM32_USB_Device_Library/Core/Src/usbd_core.o
                0x000000000800979c                USBD_LL_DataOutStage
 .text.USBD_LL_DataInStage
                0x0000000008009902      0x164 ./Middlewares/ST/STM32_USB_Device_Library/Core/Src/usbd_core.o
                0x0000000008009902                USBD_LL_DataInStage
 .text.USBD_LL_Reset
                0x0000000008009a66       0xa4 ./Middlewares/ST/STM32_USB_Device_Library/Core/Src/usbd_core.o
                0x0000000008009a66                USBD_LL_Reset
 .text.USBD_LL_SetSpeed
                0x0000000008009b0a       0x20 ./Middlewares/ST/STM32_USB_Device_Library/Core/Src/usbd_core.o
                0x0000000008009b0a                USBD_LL_SetSpeed
 .text.USBD_LL_Suspend
                0x0000000008009b2a       0x38 ./Middlewares/ST/STM32_USB_Device_Library/Core/Src/usbd_core.o
                0x0000000008009b2a                USBD_LL_Suspend
 .text.USBD_LL_Resume
                0x0000000008009b62       0x30 ./Middlewares/ST/STM32_USB_Device_Library/Core/Src/usbd_core.o
                0x0000000008009b62                USBD_LL_Resume
 .text.USBD_LL_SOF
                0x0000000008009b92       0x40 ./Middlewares/ST/STM32_USB_Device_Library/Core/Src/usbd_core.o
                0x0000000008009b92                USBD_LL_SOF
 .text.USBD_LL_IsoINIncomplete
                0x0000000008009bd2       0x64 ./Middlewares/ST/STM32_USB_Device_Library/Core/Src/usbd_core.o
                0x0000000008009bd2                USBD_LL_IsoINIncomplete
 .text.USBD_LL_IsoOUTIncomplete
                0x0000000008009c36       0x64 ./Middlewares/ST/STM32_USB_Device_Library/Core/Src/usbd_core.o
                0x0000000008009c36                USBD_LL_IsoOUTIncomplete
 .text.USBD_LL_DevConnected
                0x0000000008009c9a       0x16 ./Middlewares/ST/STM32_USB_Device_Library/Core/Src/usbd_core.o
                0x0000000008009c9a                USBD_LL_DevConnected
 .text.USBD_LL_DevDisconnected
                0x0000000008009cb0       0x46 ./Middlewares/ST/STM32_USB_Device_Library/Core/Src/usbd_core.o
                0x0000000008009cb0                USBD_LL_DevDisconnected
 .text.USBD_CoreFindIF
                0x0000000008009cf6       0x1a ./Middlewares/ST/STM32_USB_Device_Library/Core/Src/usbd_core.o
                0x0000000008009cf6                USBD_CoreFindIF
 .text.USBD_CoreFindEP
                0x0000000008009d10       0x1a ./Middlewares/ST/STM32_USB_Device_Library/Core/Src/usbd_core.o
                0x0000000008009d10                USBD_CoreFindEP
 .text.USBD_GetEpDesc
                0x0000000008009d2a       0x74 ./Middlewares/ST/STM32_USB_Device_Library/Core/Src/usbd_core.o
                0x0000000008009d2a                USBD_GetEpDesc
 .text.USBD_GetNextDesc
                0x0000000008009d9e       0x3a ./Middlewares/ST/STM32_USB_Device_Library/Core/Src/usbd_core.o
                0x0000000008009d9e                USBD_GetNextDesc
 .text.SWAPBYTE
                0x0000000008009dd8       0x3c ./Middlewares/ST/STM32_USB_Device_Library/Core/Src/usbd_ctlreq.o
 .text.USBD_StdDevReq
                0x0000000008009e14       0xe4 ./Middlewares/ST/STM32_USB_Device_Library/Core/Src/usbd_ctlreq.o
                0x0000000008009e14                USBD_StdDevReq
 .text.USBD_StdItfReq
                0x0000000008009ef8       0xd8 ./Middlewares/ST/STM32_USB_Device_Library/Core/Src/usbd_ctlreq.o
                0x0000000008009ef8                USBD_StdItfReq
 .text.USBD_StdEPReq
                0x0000000008009fd0      0x33a ./Middlewares/ST/STM32_USB_Device_Library/Core/Src/usbd_ctlreq.o
                0x0000000008009fd0                USBD_StdEPReq
 *fill*         0x000000000800a30a        0x2 
 .text.USBD_GetDescriptor
                0x000000000800a30c      0x328 ./Middlewares/ST/STM32_USB_Device_Library/Core/Src/usbd_ctlreq.o
 .text.USBD_SetAddress
                0x000000000800a634       0x88 ./Middlewares/ST/STM32_USB_Device_Library/Core/Src/usbd_ctlreq.o
 .text.USBD_SetConfig
                0x000000000800a6bc      0x154 ./Middlewares/ST/STM32_USB_Device_Library/Core/Src/usbd_ctlreq.o
 .text.USBD_GetConfig
                0x000000000800a810       0x6c ./Middlewares/ST/STM32_USB_Device_Library/Core/Src/usbd_ctlreq.o
 .text.USBD_GetStatus
                0x000000000800a87c       0x68 ./Middlewares/ST/STM32_USB_Device_Library/Core/Src/usbd_ctlreq.o
 .text.USBD_SetFeature
                0x000000000800a8e4       0x52 ./Middlewares/ST/STM32_USB_Device_Library/Core/Src/usbd_ctlreq.o
 .text.USBD_ClrFeature
                0x000000000800a936       0x44 ./Middlewares/ST/STM32_USB_Device_Library/Core/Src/usbd_ctlreq.o
 .text.USBD_ParseSetupRequest
                0x000000000800a97a       0x74 ./Middlewares/ST/STM32_USB_Device_Library/Core/Src/usbd_ctlreq.o
                0x000000000800a97a                USBD_ParseSetupRequest
 .text.USBD_CtlError
                0x000000000800a9ee       0x22 ./Middlewares/ST/STM32_USB_Device_Library/Core/Src/usbd_ctlreq.o
                0x000000000800a9ee                USBD_CtlError
 .text.USBD_GetString
                0x000000000800aa10       0xa4 ./Middlewares/ST/STM32_USB_Device_Library/Core/Src/usbd_ctlreq.o
                0x000000000800aa10                USBD_GetString
 .text.USBD_GetLen
                0x000000000800aab4       0x34 ./Middlewares/ST/STM32_USB_Device_Library/Core/Src/usbd_ctlreq.o
 .text.USBD_CtlSendData
                0x000000000800aae8       0x36 ./Middlewares/ST/STM32_USB_Device_Library/Core/Src/usbd_ioreq.o
                0x000000000800aae8                USBD_CtlSendData
 .text.USBD_CtlContinueSendData
                0x000000000800ab1e       0x22 ./Middlewares/ST/STM32_USB_Device_Library/Core/Src/usbd_ioreq.o
                0x000000000800ab1e                USBD_CtlContinueSendData
 .text.USBD_CtlPrepareRx
                0x000000000800ab40       0x3a ./Middlewares/ST/STM32_USB_Device_Library/Core/Src/usbd_ioreq.o
                0x000000000800ab40                USBD_CtlPrepareRx
 .text.USBD_CtlContinueRx
                0x000000000800ab7a       0x22 ./Middlewares/ST/STM32_USB_Device_Library/Core/Src/usbd_ioreq.o
                0x000000000800ab7a                USBD_CtlContinueRx
 .text.USBD_CtlSendStatus
                0x000000000800ab9c       0x26 ./Middlewares/ST/STM32_USB_Device_Library/Core/Src/usbd_ioreq.o
                0x000000000800ab9c                USBD_CtlSendStatus
 .text.USBD_CtlReceiveStatus
                0x000000000800abc2       0x26 ./Middlewares/ST/STM32_USB_Device_Library/Core/Src/usbd_ioreq.o
                0x000000000800abc2                USBD_CtlReceiveStatus
 .text.delayInit
                0x000000000800abe8       0x48 ./Proyecto/API/Src/API_delay.o
                0x000000000800abe8                delayInit
 .text.delayRead
                0x000000000800ac30       0x74 ./Proyecto/API/Src/API_delay.o
                0x000000000800ac30                delayRead
 .text.delayWrite
                0x000000000800aca4       0x38 ./Proyecto/API/Src/API_delay.o
                0x000000000800aca4                delayWrite
 .text.on_initializing
                0x000000000800acdc       0x74 ./Proyecto/app/app.o
 .text.on_idle  0x000000000800ad50       0x6c ./Proyecto/app/app.o
 .text.on_monitoring
                0x000000000800adbc      0x14c ./Proyecto/app/app.o
 .text.on_usb_command
                0x000000000800af08      0x228 ./Proyecto/app/app.o
 .text.appUpdate
                0x000000000800b130       0x44 ./Proyecto/app/app.o
                0x000000000800b130                appUpdate
 .text.HAL_ADC_ConvCpltCallback
                0x000000000800b174       0xe0 ./Proyecto/app/app_isr.o
                0x000000000800b174                HAL_ADC_ConvCpltCallback
 .text.bt_init  0x000000000800b254        0xe ./Proyecto/drivers/bt/Src/bt.o
                0x000000000800b254                bt_init
 .text.bt_send  0x000000000800b262       0x22 ./Proyecto/drivers/bt/Src/bt.o
                0x000000000800b262                bt_send
 .text.bt_send_raw
                0x000000000800b284       0x1c ./Proyecto/drivers/bt/Src/bt.o
                0x000000000800b284                bt_send_raw
 .text.port_bt_init
                0x000000000800b2a0       0x20 ./Proyecto/drivers/bt/Src/port_bt.o
                0x000000000800b2a0                port_bt_init
 .text.port_bt_send
                0x000000000800b2c0       0x34 ./Proyecto/drivers/bt/Src/port_bt.o
                0x000000000800b2c0                port_bt_send
 .text.button_update
                0x000000000800b2f4      0x110 ./Proyecto/drivers/button/Src/button.o
                0x000000000800b2f4                button_update
 .text.button_was_pressed
                0x000000000800b404       0x28 ./Proyecto/drivers/button/Src/button.o
                0x000000000800b404                button_was_pressed
 .text.button_was_long_pressed
                0x000000000800b42c       0x28 ./Proyecto/drivers/button/Src/button.o
                0x000000000800b42c                button_was_long_pressed
 .text.port_button_read
                0x000000000800b454       0x2c ./Proyecto/drivers/button/Src/port_button.o
                0x000000000800b454                port_button_read
 .text.eeprom_init
                0x000000000800b480       0x9e ./Proyecto/drivers/eeprom/Src/eeprom.o
                0x000000000800b480                eeprom_init
 .text.eeprom_read_thresholds
                0x000000000800b51e       0x5a ./Proyecto/drivers/eeprom/Src/eeprom.o
                0x000000000800b51e                eeprom_read_thresholds
 .text.eeprom_write_thresholds
                0x000000000800b578       0x48 ./Proyecto/drivers/eeprom/Src/eeprom.o
                0x000000000800b578                eeprom_write_thresholds
 .text.eeprom_log_high_event
                0x000000000800b5c0       0xf4 ./Proyecto/drivers/eeprom/Src/eeprom.o
                0x000000000800b5c0                eeprom_log_high_event
 .text.eeprom_read_log
                0x000000000800b6b4       0xfc ./Proyecto/drivers/eeprom/Src/eeprom.o
                0x000000000800b6b4                eeprom_read_log
 .text.eeprom_erase_log
                0x000000000800b7b0       0x64 ./Proyecto/drivers/eeprom/Src/eeprom.o
                0x000000000800b7b0                eeprom_erase_log
 .text.eeprom_restore_defaults
                0x000000000800b814       0x12 ./Proyecto/drivers/eeprom/Src/eeprom.o
                0x000000000800b814                eeprom_restore_defaults
 *fill*         0x000000000800b826        0x2 
 .text.eeprom_read
                0x000000000800b828       0x44 ./Proyecto/drivers/eeprom/Src/port_eeprom.o
                0x000000000800b828                eeprom_read
 .text.eeprom_write
                0x000000000800b86c       0x48 ./Proyecto/drivers/eeprom/Src/port_eeprom.o
                0x000000000800b86c                eeprom_write
 .text.port_rtc_init
                0x000000000800b8b4       0x10 ./Proyecto/drivers/rtc/Src/port_rtc.o
                0x000000000800b8b4                port_rtc_init
 .text.port_rtc_read
                0x000000000800b8c4       0x44 ./Proyecto/drivers/rtc/Src/port_rtc.o
                0x000000000800b8c4                port_rtc_read
 .text.port_rtc_write
                0x000000000800b908       0x4c ./Proyecto/drivers/rtc/Src/port_rtc.o
                0x000000000800b908                port_rtc_write
 .text.bcd2bin  0x000000000800b954       0x32 ./Proyecto/drivers/rtc/Src/rtc.o
 *fill*         0x000000000800b986        0x2 
 .text.bin2bcd  0x000000000800b988       0x48 ./Proyecto/drivers/rtc/Src/rtc.o
 .text.rtc_init
                0x000000000800b9d0       0x44 ./Proyecto/drivers/rtc/Src/rtc.o
                0x000000000800b9d0                rtc_init
 .text.rtc_get_datetime
                0x000000000800ba14       0xc4 ./Proyecto/drivers/rtc/Src/rtc.o
                0x000000000800ba14                rtc_get_datetime
 .text.rtc_set_datetime
                0x000000000800bad8       0xa4 ./Proyecto/drivers/rtc/Src/rtc.o
                0x000000000800bad8                rtc_set_datetime
 .text.debug_uart_print
                0x000000000800bb7c       0x22 ./Proyecto/drivers/uart/Src/debug_uart.o
                0x000000000800bb7c                debug_uart_print
 .text.debug_uart_send_raw
                0x000000000800bb9e       0x1c ./Proyecto/drivers/uart/Src/debug_uart.o
                0x000000000800bb9e                debug_uart_send_raw
 *fill*         0x000000000800bbba        0x2 
 .text.port_debug_uart_send
                0x000000000800bbbc       0x34 ./Proyecto/drivers/uart/Src/port_debug_uart.o
                0x000000000800bbbc                port_debug_uart_send
 .text.port_usb_cdc_transmit
                0x000000000800bbf0       0x20 ./Proyecto/drivers/usb_cdc/Src/port_usb_cdc.o
                0x000000000800bbf0                port_usb_cdc_transmit
 .text.usb_cdc_init
                0x000000000800bc10       0x20 ./Proyecto/drivers/usb_cdc/Src/usb_cdc.o
                0x000000000800bc10                usb_cdc_init
 .text.usb_cdc_receiveCallback
                0x000000000800bc30       0x94 ./Proyecto/drivers/usb_cdc/Src/usb_cdc.o
                0x000000000800bc30                usb_cdc_receiveCallback
 .text.usb_cdc_isCommandPending
                0x000000000800bcc4       0x18 ./Proyecto/drivers/usb_cdc/Src/usb_cdc.o
                0x000000000800bcc4                usb_cdc_isCommandPending
 .text.usb_cdc_getCommand
                0x000000000800bcdc       0x14 ./Proyecto/drivers/usb_cdc/Src/usb_cdc.o
                0x000000000800bcdc                usb_cdc_getCommand
 .text.usb_cdc_clearCommand
                0x000000000800bcf0       0x20 ./Proyecto/drivers/usb_cdc/Src/usb_cdc.o
                0x000000000800bcf0                usb_cdc_clearCommand
 .text.usb_cdc_sendString
                0x000000000800bd10       0x28 ./Proyecto/drivers/usb_cdc/Src/usb_cdc.o
                0x000000000800bd10                usb_cdc_sendString
 .text.usb_commands_init
                0x000000000800bd38        0xc ./Proyecto/drivers/usb_cdc/Src/usb_commands.o
                0x000000000800bd38                usb_commands_init
 .text.usb_commands_pending
                0x000000000800bd44        0xe ./Proyecto/drivers/usb_cdc/Src/usb_commands.o
                0x000000000800bd44                usb_commands_pending
 *fill*         0x000000000800bd52        0x2 
 .text.parse_settime_args
                0x000000000800bd54       0x80 ./Proyecto/drivers/usb_cdc/Src/usb_commands.o
 .text.usb_commands_get
                0x000000000800bdd4       0xd0 ./Proyecto/drivers/usb_cdc/Src/usb_commands.o
                0x000000000800bdd4                usb_commands_get
 .text.usb_commands_print_help
                0x000000000800bea4       0x14 ./Proyecto/drivers/usb_cdc/Src/usb_commands.o
                0x000000000800bea4                usb_commands_print_help
 .text.project_main
                0x000000000800beb8        0xc ./Proyecto/proyecto.o
                0x000000000800beb8                project_main
 .text.MX_USB_DEVICE_Init
                0x000000000800bec4       0x60 ./USB_DEVICE/App/usb_device.o
                0x000000000800bec4                MX_USB_DEVICE_Init
 .text.CDC_Init_FS
                0x000000000800bf24       0x28 ./USB_DEVICE/App/usbd_cdc_if.o
 .text.CDC_DeInit_FS
                0x000000000800bf4c       0x10 ./USB_DEVICE/App/usbd_cdc_if.o
 .text.CDC_Control_FS
                0x000000000800bf5c       0xbc ./USB_DEVICE/App/usbd_cdc_if.o
 .text.CDC_Receive_FS
                0x000000000800c018       0x3c ./USB_DEVICE/App/usbd_cdc_if.o
 .text.CDC_Transmit_FS
                0x000000000800c054       0x4c ./USB_DEVICE/App/usbd_cdc_if.o
                0x000000000800c054                CDC_Transmit_FS
 .text.CDC_TransmitCplt_FS
                0x000000000800c0a0       0x22 ./USB_DEVICE/App/usbd_cdc_if.o
 *fill*         0x000000000800c0c2        0x2 
 .text.USBD_FS_DeviceDescriptor
                0x000000000800c0c4       0x24 ./USB_DEVICE/App/usbd_desc.o
                0x000000000800c0c4                USBD_FS_DeviceDescriptor
 .text.USBD_FS_LangIDStrDescriptor
                0x000000000800c0e8       0x24 ./USB_DEVICE/App/usbd_desc.o
                0x000000000800c0e8                USBD_FS_LangIDStrDescriptor
 .text.USBD_FS_ProductStrDescriptor
                0x000000000800c10c       0x3c ./USB_DEVICE/App/usbd_desc.o
                0x000000000800c10c                USBD_FS_ProductStrDescriptor
 .text.USBD_FS_ManufacturerStrDescriptor
                0x000000000800c148       0x28 ./USB_DEVICE/App/usbd_desc.o
                0x000000000800c148                USBD_FS_ManufacturerStrDescriptor
 .text.USBD_FS_SerialStrDescriptor
                0x000000000800c170       0x24 ./USB_DEVICE/App/usbd_desc.o
                0x000000000800c170                USBD_FS_SerialStrDescriptor
 .text.USBD_FS_ConfigStrDescriptor
                0x000000000800c194       0x3c ./USB_DEVICE/App/usbd_desc.o
                0x000000000800c194                USBD_FS_ConfigStrDescriptor
 .text.USBD_FS_InterfaceStrDescriptor
                0x000000000800c1d0       0x3c ./USB_DEVICE/App/usbd_desc.o
                0x000000000800c1d0                USBD_FS_InterfaceStrDescriptor
 .text.USBD_FS_USR_BOSDescriptor
                0x000000000800c20c       0x24 ./USB_DEVICE/App/usbd_desc.o
                0x000000000800c20c                USBD_FS_USR_BOSDescriptor
 .text.Get_SerialNum
                0x000000000800c230       0x58 ./USB_DEVICE/App/usbd_desc.o
 .text.IntToUnicode
                0x000000000800c288       0x7e ./USB_DEVICE/App/usbd_desc.o
 *fill*         0x000000000800c306        0x2 
 .text.HAL_PCD_MspInit
                0x000000000800c308       0xd4 ./USB_DEVICE/Target/usbd_conf.o
                0x000000000800c308                HAL_PCD_MspInit
 .text.HAL_PCD_SetupStageCallback
                0x000000000800c3dc       0x24 ./USB_DEVICE/Target/usbd_conf.o
                0x000000000800c3dc                HAL_PCD_SetupStageCallback
 .text.HAL_PCD_DataOutStageCallback
                0x000000000800c400       0x36 ./USB_DEVICE/Target/usbd_conf.o
                0x000000000800c400                HAL_PCD_DataOutStageCallback
 .text.HAL_PCD_DataInStageCallback
                0x000000000800c436       0x34 ./USB_DEVICE/Target/usbd_conf.o
                0x000000000800c436                HAL_PCD_DataInStageCallback
 .text.HAL_PCD_SOFCallback
                0x000000000800c46a       0x1c ./USB_DEVICE/Target/usbd_conf.o
                0x000000000800c46a                HAL_PCD_SOFCallback
 .text.HAL_PCD_ResetCallback
                0x000000000800c486       0x50 ./USB_DEVICE/Target/usbd_conf.o
                0x000000000800c486                HAL_PCD_ResetCallback
 *fill*         0x000000000800c4d6        0x2 
 .text.HAL_PCD_SuspendCallback
                0x000000000800c4d8       0x4c ./USB_DEVICE/Target/usbd_conf.o
                0x000000000800c4d8                HAL_PCD_SuspendCallback
 .text.HAL_PCD_ResumeCallback
                0x000000000800c524       0x1c ./USB_DEVICE/Target/usbd_conf.o
                0x000000000800c524                HAL_PCD_ResumeCallback
 .text.HAL_PCD_ISOOUTIncompleteCallback
                0x000000000800c540       0x24 ./USB_DEVICE/Target/usbd_conf.o
                0x000000000800c540                HAL_PCD_ISOOUTIncompleteCallback
 .text.HAL_PCD_ISOINIncompleteCallback
                0x000000000800c564       0x24 ./USB_DEVICE/Target/usbd_conf.o
                0x000000000800c564                HAL_PCD_ISOINIncompleteCallback
 .text.HAL_PCD_ConnectCallback
                0x000000000800c588       0x1c ./USB_DEVICE/Target/usbd_conf.o
                0x000000000800c588                HAL_PCD_ConnectCallback
 .text.HAL_PCD_DisconnectCallback
                0x000000000800c5a4       0x1c ./USB_DEVICE/Target/usbd_conf.o
                0x000000000800c5a4                HAL_PCD_DisconnectCallback
 .text.USBD_LL_Init
                0x000000000800c5c0       0x98 ./USB_DEVICE/Target/usbd_conf.o
                0x000000000800c5c0                USBD_LL_Init
 .text.USBD_LL_Start
                0x000000000800c658       0x36 ./USB_DEVICE/Target/usbd_conf.o
                0x000000000800c658                USBD_LL_Start
 .text.USBD_LL_OpenEP
                0x000000000800c68e       0x4c ./USB_DEVICE/Target/usbd_conf.o
                0x000000000800c68e                USBD_LL_OpenEP
 .text.USBD_LL_CloseEP
                0x000000000800c6da       0x3e ./USB_DEVICE/Target/usbd_conf.o
                0x000000000800c6da                USBD_LL_CloseEP
 .text.USBD_LL_StallEP
                0x000000000800c718       0x3e ./USB_DEVICE/Target/usbd_conf.o
                0x000000000800c718                USBD_LL_StallEP
 .text.USBD_LL_ClearStallEP
                0x000000000800c756       0x3e ./USB_DEVICE/Target/usbd_conf.o
                0x000000000800c756                USBD_LL_ClearStallEP
 .text.USBD_LL_IsStallEP
                0x000000000800c794       0x58 ./USB_DEVICE/Target/usbd_conf.o
                0x000000000800c794                USBD_LL_IsStallEP
 .text.USBD_LL_SetUSBAddress
                0x000000000800c7ec       0x3e ./USB_DEVICE/Target/usbd_conf.o
                0x000000000800c7ec                USBD_LL_SetUSBAddress
 .text.USBD_LL_Transmit
                0x000000000800c82a       0x42 ./USB_DEVICE/Target/usbd_conf.o
                0x000000000800c82a                USBD_LL_Transmit
 .text.USBD_LL_PrepareReceive
                0x000000000800c86c       0x42 ./USB_DEVICE/Target/usbd_conf.o
                0x000000000800c86c                USBD_LL_PrepareReceive
 .text.USBD_LL_GetRxDataSize
                0x000000000800c8ae       0x26 ./USB_DEVICE/Target/usbd_conf.o
                0x000000000800c8ae                USBD_LL_GetRxDataSize
 .text.HAL_PCDEx_LPM_Callback
                0x000000000800c8d4       0x9c ./USB_DEVICE/Target/usbd_conf.o
                0x000000000800c8d4                HAL_PCDEx_LPM_Callback
 .text.USBD_static_malloc
                0x000000000800c970       0x1c ./USB_DEVICE/Target/usbd_conf.o
                0x000000000800c970                USBD_static_malloc
 .text.USBD_static_free
                0x000000000800c98c       0x14 ./USB_DEVICE/Target/usbd_conf.o
                0x000000000800c98c                USBD_static_free
 .text.USBD_Get_USB_Status
                0x000000000800c9a0       0x58 ./USB_DEVICE/Target/usbd_conf.o
                0x000000000800c9a0                USBD_Get_USB_Status
 .text.__assert_func
                0x000000000800c9f8       0x3c C:/ST/STM32CubeIDE_1.14.1/STM32CubeIDE/plugins/com.st.stm32cube.ide.mcu.externaltools.gnu-tools-for-stm32.11.3.rel1.win32_1.1.100.202309141235/tools/bin/../lib/gcc/arm-none-eabi/11.3.1/../../../../arm-none-eabi/lib/thumb/v7e-m+fp/hard\libc_nano.a(libc_a-assert.o)
                0x000000000800c9f8                __assert_func
 .text.std      0x000000000800ca34       0x6c C:/ST/STM32CubeIDE_1.14.1/STM32CubeIDE/plugins/com.st.stm32cube.ide.mcu.externaltools.gnu-tools-for-stm32.11.3.rel1.win32_1.1.100.202309141235/tools/bin/../lib/gcc/arm-none-eabi/11.3.1/../../../../arm-none-eabi/lib/thumb/v7e-m+fp/hard\libc_nano.a(libc_a-findfp.o)
 .text.stdio_exit_handler
                0x000000000800caa0       0x18 C:/ST/STM32CubeIDE_1.14.1/STM32CubeIDE/plugins/com.st.stm32cube.ide.mcu.externaltools.gnu-tools-for-stm32.11.3.rel1.win32_1.1.100.202309141235/tools/bin/../lib/gcc/arm-none-eabi/11.3.1/../../../../arm-none-eabi/lib/thumb/v7e-m+fp/hard\libc_nano.a(libc_a-findfp.o)
 .text.cleanup_stdio
                0x000000000800cab8       0x40 C:/ST/STM32CubeIDE_1.14.1/STM32CubeIDE/plugins/com.st.stm32cube.ide.mcu.externaltools.gnu-tools-for-stm32.11.3.rel1.win32_1.1.100.202309141235/tools/bin/../lib/gcc/arm-none-eabi/11.3.1/../../../../arm-none-eabi/lib/thumb/v7e-m+fp/hard\libc_nano.a(libc_a-findfp.o)
 .text.global_stdio_init.part.0
                0x000000000800caf8       0x3c C:/ST/STM32CubeIDE_1.14.1/STM32CubeIDE/plugins/com.st.stm32cube.ide.mcu.externaltools.gnu-tools-for-stm32.11.3.rel1.win32_1.1.100.202309141235/tools/bin/../lib/gcc/arm-none-eabi/11.3.1/../../../../arm-none-eabi/lib/thumb/v7e-m+fp/hard\libc_nano.a(libc_a-findfp.o)
 .text.__sfp_lock_acquire
                0x000000000800cb34        0xc C:/ST/STM32CubeIDE_1.14.1/STM32CubeIDE/plugins/com.st.stm32cube.ide.mcu.externaltools.gnu-tools-for-stm32.11.3.rel1.win32_1.1.100.202309141235/tools/bin/../lib/gcc/arm-none-eabi/11.3.1/../../../../arm-none-eabi/lib/thumb/v7e-m+fp/hard\libc_nano.a(libc_a-findfp.o)
                0x000000000800cb34                __sfp_lock_acquire
 .text.__sfp_lock_release
                0x000000000800cb40        0xc C:/ST/STM32CubeIDE_1.14.1/STM32CubeIDE/plugins/com.st.stm32cube.ide.mcu.externaltools.gnu-tools-for-stm32.11.3.rel1.win32_1.1.100.202309141235/tools/bin/../lib/gcc/arm-none-eabi/11.3.1/../../../../arm-none-eabi/lib/thumb/v7e-m+fp/hard\libc_nano.a(libc_a-findfp.o)
                0x000000000800cb40                __sfp_lock_release
 .text.__sinit  0x000000000800cb4c       0x30 C:/ST/STM32CubeIDE_1.14.1/STM32CubeIDE/plugins/com.st.stm32cube.ide.mcu.externaltools.gnu-tools-for-stm32.11.3.rel1.win32_1.1.100.202309141235/tools/bin/../lib/gcc/arm-none-eabi/11.3.1/../../../../arm-none-eabi/lib/thumb/v7e-m+fp/hard\libc_nano.a(libc_a-findfp.o)
                0x000000000800cb4c                __sinit
 .text.fprintf  0x000000000800cb7c       0x24 C:/ST/STM32CubeIDE_1.14.1/STM32CubeIDE/plugins/com.st.stm32cube.ide.mcu.externaltools.gnu-tools-for-stm32.11.3.rel1.win32_1.1.100.202309141235/tools/bin/../lib/gcc/arm-none-eabi/11.3.1/../../../../arm-none-eabi/lib/thumb/v7e-m+fp/hard\libc_nano.a(libc_a-fprintf.o)
                0x000000000800cb7c                fiprintf
                0x000000000800cb7c                fprintf
 .text._fwalk_sglue
                0x000000000800cba0       0x3c C:/ST/STM32CubeIDE_1.14.1/STM32CubeIDE/plugins/com.st.stm32cube.ide.mcu.externaltools.gnu-tools-for-stm32.11.3.rel1.win32_1.1.100.202309141235/tools/bin/../lib/gcc/arm-none-eabi/11.3.1/../../../../arm-none-eabi/lib/thumb/v7e-m+fp/hard\libc_nano.a(libc_a-fwalk.o)
                0x000000000800cba0                _fwalk_sglue
 .text.snprintf
                0x000000000800cbdc       0x68 C:/ST/STM32CubeIDE_1.14.1/STM32CubeIDE/plugins/com.st.stm32cube.ide.mcu.externaltools.gnu-tools-for-stm32.11.3.rel1.win32_1.1.100.202309141235/tools/bin/../lib/gcc/arm-none-eabi/11.3.1/../../../../arm-none-eabi/lib/thumb/v7e-m+fp/hard\libc_nano.a(libc_a-snprintf.o)
                0x000000000800cbdc                sniprintf
                0x000000000800cbdc                snprintf
 .text.sprintf  0x000000000800cc44       0x40 C:/ST/STM32CubeIDE_1.14.1/STM32CubeIDE/plugins/com.st.stm32cube.ide.mcu.externaltools.gnu-tools-for-stm32.11.3.rel1.win32_1.1.100.202309141235/tools/bin/../lib/gcc/arm-none-eabi/11.3.1/../../../../arm-none-eabi/lib/thumb/v7e-m+fp/hard\libc_nano.a(libc_a-sprintf.o)
                0x000000000800cc44                siprintf
                0x000000000800cc44                sprintf
 .text.sscanf   0x000000000800cc84       0x58 C:/ST/STM32CubeIDE_1.14.1/STM32CubeIDE/plugins/com.st.stm32cube.ide.mcu.externaltools.gnu-tools-for-stm32.11.3.rel1.win32_1.1.100.202309141235/tools/bin/../lib/gcc/arm-none-eabi/11.3.1/../../../../arm-none-eabi/lib/thumb/v7e-m+fp/hard\libc_nano.a(libc_a-sscanf.o)
                0x000000000800cc84                siscanf
                0x000000000800cc84                sscanf
 .text.__sread  0x000000000800ccdc       0x22 C:/ST/STM32CubeIDE_1.14.1/STM32CubeIDE/plugins/com.st.stm32cube.ide.mcu.externaltools.gnu-tools-for-stm32.11.3.rel1.win32_1.1.100.202309141235/tools/bin/../lib/gcc/arm-none-eabi/11.3.1/../../../../arm-none-eabi/lib/thumb/v7e-m+fp/hard\libc_nano.a(libc_a-stdio.o)
                0x000000000800ccdc                __sread
 .text.__seofread
                0x000000000800ccfe        0x4 C:/ST/STM32CubeIDE_1.14.1/STM32CubeIDE/plugins/com.st.stm32cube.ide.mcu.externaltools.gnu-tools-for-stm32.11.3.rel1.win32_1.1.100.202309141235/tools/bin/../lib/gcc/arm-none-eabi/11.3.1/../../../../arm-none-eabi/lib/thumb/v7e-m+fp/hard\libc_nano.a(libc_a-stdio.o)
                0x000000000800ccfe                __seofread
 .text.__swrite
                0x000000000800cd02       0x38 C:/ST/STM32CubeIDE_1.14.1/STM32CubeIDE/plugins/com.st.stm32cube.ide.mcu.externaltools.gnu-tools-for-stm32.11.3.rel1.win32_1.1.100.202309141235/tools/bin/../lib/gcc/arm-none-eabi/11.3.1/../../../../arm-none-eabi/lib/thumb/v7e-m+fp/hard\libc_nano.a(libc_a-stdio.o)
                0x000000000800cd02                __swrite
 .text.__sseek  0x000000000800cd3a       0x24 C:/ST/STM32CubeIDE_1.14.1/STM32CubeIDE/plugins/com.st.stm32cube.ide.mcu.externaltools.gnu-tools-for-stm32.11.3.rel1.win32_1.1.100.202309141235/tools/bin/../lib/gcc/arm-none-eabi/11.3.1/../../../../arm-none-eabi/lib/thumb/v7e-m+fp/hard\libc_nano.a(libc_a-stdio.o)
                0x000000000800cd3a                __sseek
 .text.__sclose
                0x000000000800cd5e        0x8 C:/ST/STM32CubeIDE_1.14.1/STM32CubeIDE/plugins/com.st.stm32cube.ide.mcu.externaltools.gnu-tools-for-stm32.11.3.rel1.win32_1.1.100.202309141235/tools/bin/../lib/gcc/arm-none-eabi/11.3.1/../../../../arm-none-eabi/lib/thumb/v7e-m+fp/hard\libc_nano.a(libc_a-stdio.o)
                0x000000000800cd5e                __sclose
 .text.memset   0x000000000800cd66       0x10 C:/ST/STM32CubeIDE_1.14.1/STM32CubeIDE/plugins/com.st.stm32cube.ide.mcu.externaltools.gnu-tools-for-stm32.11.3.rel1.win32_1.1.100.202309141235/tools/bin/../lib/gcc/arm-none-eabi/11.3.1/../../../../arm-none-eabi/lib/thumb/v7e-m+fp/hard\libc_nano.a(libc_a-memset.o)
                0x000000000800cd66                memset
 .text.strncmp  0x000000000800cd76       0x24 C:/ST/STM32CubeIDE_1.14.1/STM32CubeIDE/plugins/com.st.stm32cube.ide.mcu.externaltools.gnu-tools-for-stm32.11.3.rel1.win32_1.1.100.202309141235/tools/bin/../lib/gcc/arm-none-eabi/11.3.1/../../../../arm-none-eabi/lib/thumb/v7e-m+fp/hard\libc_nano.a(libc_a-strncmp.o)
                0x000000000800cd76                strncmp
 *fill*         0x000000000800cd9a        0x2 
 .text._close_r
                0x000000000800cd9c       0x20 C:/ST/STM32CubeIDE_1.14.1/STM32CubeIDE/plugins/com.st.stm32cube.ide.mcu.externaltools.gnu-tools-for-stm32.11.3.rel1.win32_1.1.100.202309141235/tools/bin/../lib/gcc/arm-none-eabi/11.3.1/../../../../arm-none-eabi/lib/thumb/v7e-m+fp/hard\libc_nano.a(libc_a-closer.o)
                0x000000000800cd9c                _close_r
 .text._lseek_r
                0x000000000800cdbc       0x24 C:/ST/STM32CubeIDE_1.14.1/STM32CubeIDE/plugins/com.st.stm32cube.ide.mcu.externaltools.gnu-tools-for-stm32.11.3.rel1.win32_1.1.100.202309141235/tools/bin/../lib/gcc/arm-none-eabi/11.3.1/../../../../arm-none-eabi/lib/thumb/v7e-m+fp/hard\libc_nano.a(libc_a-lseekr.o)
                0x000000000800cdbc                _lseek_r
 .text._read_r  0x000000000800cde0       0x24 C:/ST/STM32CubeIDE_1.14.1/STM32CubeIDE/plugins/com.st.stm32cube.ide.mcu.externaltools.gnu-tools-for-stm32.11.3.rel1.win32_1.1.100.202309141235/tools/bin/../lib/gcc/arm-none-eabi/11.3.1/../../../../arm-none-eabi/lib/thumb/v7e-m+fp/hard\libc_nano.a(libc_a-readr.o)
                0x000000000800cde0                _read_r
 .text._write_r
                0x000000000800ce04       0x24 C:/ST/STM32CubeIDE_1.14.1/STM32CubeIDE/plugins/com.st.stm32cube.ide.mcu.externaltools.gnu-tools-for-stm32.11.3.rel1.win32_1.1.100.202309141235/tools/bin/../lib/gcc/arm-none-eabi/11.3.1/../../../../arm-none-eabi/lib/thumb/v7e-m+fp/hard\libc_nano.a(libc_a-writer.o)
                0x000000000800ce04                _write_r
 .text.__errno  0x000000000800ce28        0xc C:/ST/STM32CubeIDE_1.14.1/STM32CubeIDE/plugins/com.st.stm32cube.ide.mcu.externaltools.gnu-tools-for-stm32.11.3.rel1.win32_1.1.100.202309141235/tools/bin/../lib/gcc/arm-none-eabi/11.3.1/../../../../arm-none-eabi/lib/thumb/v7e-m+fp/hard\libc_nano.a(libc_a-errno.o)
                0x000000000800ce28                __errno
 .text.__libc_init_array
                0x000000000800ce34       0x48 C:/ST/STM32CubeIDE_1.14.1/STM32CubeIDE/plugins/com.st.stm32cube.ide.mcu.externaltools.gnu-tools-for-stm32.11.3.rel1.win32_1.1.100.202309141235/tools/bin/../lib/gcc/arm-none-eabi/11.3.1/../../../../arm-none-eabi/lib/thumb/v7e-m+fp/hard\libc_nano.a(libc_a-init.o)
                0x000000000800ce34                __libc_init_array
 .text.__retarget_lock_init_recursive
                0x000000000800ce7c        0x2 C:/ST/STM32CubeIDE_1.14.1/STM32CubeIDE/plugins/com.st.stm32cube.ide.mcu.externaltools.gnu-tools-for-stm32.11.3.rel1.win32_1.1.100.202309141235/tools/bin/../lib/gcc/arm-none-eabi/11.3.1/../../../../arm-none-eabi/lib/thumb/v7e-m+fp/hard\libc_nano.a(libc_a-lock.o)
                0x000000000800ce7c                __retarget_lock_init_recursive
 .text.__retarget_lock_acquire_recursive
                0x000000000800ce7e        0x2 C:/ST/STM32CubeIDE_1.14.1/STM32CubeIDE/plugins/com.st.stm32cube.ide.mcu.externaltools.gnu-tools-for-stm32.11.3.rel1.win32_1.1.100.202309141235/tools/bin/../lib/gcc/arm-none-eabi/11.3.1/../../../../arm-none-eabi/lib/thumb/v7e-m+fp/hard\libc_nano.a(libc_a-lock.o)
                0x000000000800ce7e                __retarget_lock_acquire_recursive
 .text.__retarget_lock_release_recursive
                0x000000000800ce80        0x2 C:/ST/STM32CubeIDE_1.14.1/STM32CubeIDE/plugins/com.st.stm32cube.ide.mcu.externaltools.gnu-tools-for-stm32.11.3.rel1.win32_1.1.100.202309141235/tools/bin/../lib/gcc/arm-none-eabi/11.3.1/../../../../arm-none-eabi/lib/thumb/v7e-m+fp/hard\libc_nano.a(libc_a-lock.o)
                0x000000000800ce80                __retarget_lock_release_recursive
 .text.memcpy   0x000000000800ce82       0x1c C:/ST/STM32CubeIDE_1.14.1/STM32CubeIDE/plugins/com.st.stm32cube.ide.mcu.externaltools.gnu-tools-for-stm32.11.3.rel1.win32_1.1.100.202309141235/tools/bin/../lib/gcc/arm-none-eabi/11.3.1/../../../../arm-none-eabi/lib/thumb/v7e-m+fp/hard\libc_nano.a(libc_a-memcpy-stub.o)
                0x000000000800ce82                memcpy
 .text.abort    0x000000000800ce9e        0xe C:/ST/STM32CubeIDE_1.14.1/STM32CubeIDE/plugins/com.st.stm32cube.ide.mcu.externaltools.gnu-tools-for-stm32.11.3.rel1.win32_1.1.100.202309141235/tools/bin/../lib/gcc/arm-none-eabi/11.3.1/../../../../arm-none-eabi/lib/thumb/v7e-m+fp/hard\libc_nano.a(libc_a-abort.o)
                0x000000000800ce9e                abort
 .text._free_r  0x000000000800ceac       0x98 C:/ST/STM32CubeIDE_1.14.1/STM32CubeIDE/plugins/com.st.stm32cube.ide.mcu.externaltools.gnu-tools-for-stm32.11.3.rel1.win32_1.1.100.202309141235/tools/bin/../lib/gcc/arm-none-eabi/11.3.1/../../../../arm-none-eabi/lib/thumb/v7e-m+fp/hard\libc_nano.a(libc_a-freer.o)
                0x000000000800ceac                _free_r
 .text.sbrk_aligned
                0x000000000800cf44       0x40 C:/ST/STM32CubeIDE_1.14.1/STM32CubeIDE/plugins/com.st.stm32cube.ide.mcu.externaltools.gnu-tools-for-stm32.11.3.rel1.win32_1.1.100.202309141235/tools/bin/../lib/gcc/arm-none-eabi/11.3.1/../../../../arm-none-eabi/lib/thumb/v7e-m+fp/hard\libc_nano.a(libc_a-mallocr.o)
 .text._malloc_r
                0x000000000800cf84      0x100 C:/ST/STM32CubeIDE_1.14.1/STM32CubeIDE/plugins/com.st.stm32cube.ide.mcu.externaltools.gnu-tools-for-stm32.11.3.rel1.win32_1.1.100.202309141235/tools/bin/../lib/gcc/arm-none-eabi/11.3.1/../../../../arm-none-eabi/lib/thumb/v7e-m+fp/hard\libc_nano.a(libc_a-mallocr.o)
                0x000000000800cf84                _malloc_r
 .text.__malloc_lock
                0x000000000800d084        0xc C:/ST/STM32CubeIDE_1.14.1/STM32CubeIDE/plugins/com.st.stm32cube.ide.mcu.externaltools.gnu-tools-for-stm32.11.3.rel1.win32_1.1.100.202309141235/tools/bin/../lib/gcc/arm-none-eabi/11.3.1/../../../../arm-none-eabi/lib/thumb/v7e-m+fp/hard\libc_nano.a(libc_a-mlock.o)
                0x000000000800d084                __malloc_lock
 .text.__malloc_unlock
                0x000000000800d090        0xc C:/ST/STM32CubeIDE_1.14.1/STM32CubeIDE/plugins/com.st.stm32cube.ide.mcu.externaltools.gnu-tools-for-stm32.11.3.rel1.win32_1.1.100.202309141235/tools/bin/../lib/gcc/arm-none-eabi/11.3.1/../../../../arm-none-eabi/lib/thumb/v7e-m+fp/hard\libc_nano.a(libc_a-mlock.o)
                0x000000000800d090                __malloc_unlock
 .text.__ssputs_r
                0x000000000800d09c       0xb4 C:/ST/STM32CubeIDE_1.14.1/STM32CubeIDE/plugins/com.st.stm32cube.ide.mcu.externaltools.gnu-tools-for-stm32.11.3.rel1.win32_1.1.100.202309141235/tools/bin/../lib/gcc/arm-none-eabi/11.3.1/../../../../arm-none-eabi/lib/thumb/v7e-m+fp/hard\libc_nano.a(libc_a-nano-svfprintf.o)
                0x000000000800d09c                __ssputs_r
 .text._svfprintf_r
                0x000000000800d150      0x1fc C:/ST/STM32CubeIDE_1.14.1/STM32CubeIDE/plugins/com.st.stm32cube.ide.mcu.externaltools.gnu-tools-for-stm32.11.3.rel1.win32_1.1.100.202309141235/tools/bin/../lib/gcc/arm-none-eabi/11.3.1/../../../../arm-none-eabi/lib/thumb/v7e-m+fp/hard\libc_nano.a(libc_a-nano-svfprintf.o)
                0x000000000800d150                _svfiprintf_r
                0x000000000800d150                _svfprintf_r
 .text._sungetc_r
                0x000000000800d34c       0x7a C:/ST/STM32CubeIDE_1.14.1/STM32CubeIDE/plugins/com.st.stm32cube.ide.mcu.externaltools.gnu-tools-for-stm32.11.3.rel1.win32_1.1.100.202309141235/tools/bin/../lib/gcc/arm-none-eabi/11.3.1/../../../../arm-none-eabi/lib/thumb/v7e-m+fp/hard\libc_nano.a(libc_a-nano-svfscanf.o)
                0x000000000800d34c                _sungetc_r
 .text.__ssrefill_r
                0x000000000800d3c6       0x3a C:/ST/STM32CubeIDE_1.14.1/STM32CubeIDE/plugins/com.st.stm32cube.ide.mcu.externaltools.gnu-tools-for-stm32.11.3.rel1.win32_1.1.100.202309141235/tools/bin/../lib/gcc/arm-none-eabi/11.3.1/../../../../arm-none-eabi/lib/thumb/v7e-m+fp/hard\libc_nano.a(libc_a-nano-svfscanf.o)
                0x000000000800d3c6                __ssrefill_r
 .text.__ssvfscanf_r
                0x000000000800d400      0x2f0 C:/ST/STM32CubeIDE_1.14.1/STM32CubeIDE/plugins/com.st.stm32cube.ide.mcu.externaltools.gnu-tools-for-stm32.11.3.rel1.win32_1.1.100.202309141235/tools/bin/../lib/gcc/arm-none-eabi/11.3.1/../../../../arm-none-eabi/lib/thumb/v7e-m+fp/hard\libc_nano.a(libc_a-nano-svfscanf.o)
                0x000000000800d400                __ssvfiscanf_r
                0x000000000800d400                __ssvfscanf_r
 .text.__sfputc_r
                0x000000000800d6f0       0x2e C:/ST/STM32CubeIDE_1.14.1/STM32CubeIDE/plugins/com.st.stm32cube.ide.mcu.externaltools.gnu-tools-for-stm32.11.3.rel1.win32_1.1.100.202309141235/tools/bin/../lib/gcc/arm-none-eabi/11.3.1/../../../../arm-none-eabi/lib/thumb/v7e-m+fp/hard\libc_nano.a(libc_a-nano-vfprintf.o)
 .text.__sfputs_r
                0x000000000800d71e       0x24 C:/ST/STM32CubeIDE_1.14.1/STM32CubeIDE/plugins/com.st.stm32cube.ide.mcu.externaltools.gnu-tools-for-stm32.11.3.rel1.win32_1.1.100.202309141235/tools/bin/../lib/gcc/arm-none-eabi/11.3.1/../../../../arm-none-eabi/lib/thumb/v7e-m+fp/hard\libc_nano.a(libc_a-nano-vfprintf.o)
                0x000000000800d71e                __sfputs_r
 *fill*         0x000000000800d742        0x2 
 .text._vfprintf_r
                0x000000000800d744      0x234 C:/ST/STM32CubeIDE_1.14.1/STM32CubeIDE/plugins/com.st.stm32cube.ide.mcu.externaltools.gnu-tools-for-stm32.11.3.rel1.win32_1.1.100.202309141235/tools/bin/../lib/gcc/arm-none-eabi/11.3.1/../../../../arm-none-eabi/lib/thumb/v7e-m+fp/hard\libc_nano.a(libc_a-nano-vfprintf.o)
                0x000000000800d744                _vfprintf_r
                0x000000000800d744                _vfiprintf_r
 .text._printf_common
                0x000000000800d978       0xda C:/ST/STM32CubeIDE_1.14.1/STM32CubeIDE/plugins/com.st.stm32cube.ide.mcu.externaltools.gnu-tools-for-stm32.11.3.rel1.win32_1.1.100.202309141235/tools/bin/../lib/gcc/arm-none-eabi/11.3.1/../../../../arm-none-eabi/lib/thumb/v7e-m+fp/hard\libc_nano.a(libc_a-nano-vfprintf_i.o)
                0x000000000800d978                _printf_common
 *fill*         0x000000000800da52        0x2 
 .text._printf_i
                0x000000000800da54      0x244 C:/ST/STM32CubeIDE_1.14.1/STM32CubeIDE/plugins/com.st.stm32cube.ide.mcu.externaltools.gnu-tools-for-stm32.11.3.rel1.win32_1.1.100.202309141235/tools/bin/../lib/gcc/arm-none-eabi/11.3.1/../../../../arm-none-eabi/lib/thumb/v7e-m+fp/hard\libc_nano.a(libc_a-nano-vfprintf_i.o)
                0x000000000800da54                _printf_i
 .text._scanf_chars
                0x000000000800dc98       0xb4 C:/ST/STM32CubeIDE_1.14.1/STM32CubeIDE/plugins/com.st.stm32cube.ide.mcu.externaltools.gnu-tools-for-stm32.11.3.rel1.win32_1.1.100.202309141235/tools/bin/../lib/gcc/arm-none-eabi/11.3.1/../../../../arm-none-eabi/lib/thumb/v7e-m+fp/hard\libc_nano.a(libc_a-nano-vfscanf_i.o)
                0x000000000800dc98                _scanf_chars
 .text._scanf_i
                0x000000000800dd4c      0x1e8 C:/ST/STM32CubeIDE_1.14.1/STM32CubeIDE/plugins/com.st.stm32cube.ide.mcu.externaltools.gnu-tools-for-stm32.11.3.rel1.win32_1.1.100.202309141235/tools/bin/../lib/gcc/arm-none-eabi/11.3.1/../../../../arm-none-eabi/lib/thumb/v7e-m+fp/hard\libc_nano.a(libc_a-nano-vfscanf_i.o)
                0x000000000800dd4c                _scanf_i
 .text.__sflush_r
                0x000000000800df34      0x10c C:/ST/STM32CubeIDE_1.14.1/STM32CubeIDE/plugins/com.st.stm32cube.ide.mcu.externaltools.gnu-tools-for-stm32.11.3.rel1.win32_1.1.100.202309141235/tools/bin/../lib/gcc/arm-none-eabi/11.3.1/../../../../arm-none-eabi/lib/thumb/v7e-m+fp/hard\libc_nano.a(libc_a-fflush.o)
                0x000000000800df34                __sflush_r
 .text._fflush_r
                0x000000000800e040       0x50 C:/ST/STM32CubeIDE_1.14.1/STM32CubeIDE/plugins/com.st.stm32cube.ide.mcu.externaltools.gnu-tools-for-stm32.11.3.rel1.win32_1.1.100.202309141235/tools/bin/../lib/gcc/arm-none-eabi/11.3.1/../../../../arm-none-eabi/lib/thumb/v7e-m+fp/hard\libc_nano.a(libc_a-fflush.o)
                0x000000000800e040                _fflush_r
 .text.__sccl   0x000000000800e090       0x72 C:/ST/STM32CubeIDE_1.14.1/STM32CubeIDE/plugins/com.st.stm32cube.ide.mcu.externaltools.gnu-tools-for-stm32.11.3.rel1.win32_1.1.100.202309141235/tools/bin/../lib/gcc/arm-none-eabi/11.3.1/../../../../arm-none-eabi/lib/thumb/v7e-m+fp/hard\libc_nano.a(libc_a-sccl.o)
                0x000000000800e090                __sccl
 .text.__submore
                0x000000000800e102       0x74 C:/ST/STM32CubeIDE_1.14.1/STM32CubeIDE/plugins/com.st.stm32cube.ide.mcu.externaltools.gnu-tools-for-stm32.11.3.rel1.win32_1.1.100.202309141235/tools/bin/../lib/gcc/arm-none-eabi/11.3.1/../../../../arm-none-eabi/lib/thumb/v7e-m+fp/hard\libc_nano.a(libc_a-ungetc.o)
                0x000000000800e102                __submore
 .text.__swbuf_r
                0x000000000800e176       0x7a C:/ST/STM32CubeIDE_1.14.1/STM32CubeIDE/plugins/com.st.stm32cube.ide.mcu.externaltools.gnu-tools-for-stm32.11.3.rel1.win32_1.1.100.202309141235/tools/bin/../lib/gcc/arm-none-eabi/11.3.1/../../../../arm-none-eabi/lib/thumb/v7e-m+fp/hard\libc_nano.a(libc_a-wbuf.o)
                0x000000000800e176                __swbuf_r
 .text.__swsetup_r
                0x000000000800e1f0       0xb0 C:/ST/STM32CubeIDE_1.14.1/STM32CubeIDE/plugins/com.st.stm32cube.ide.mcu.externaltools.gnu-tools-for-stm32.11.3.rel1.win32_1.1.100.202309141235/tools/bin/../lib/gcc/arm-none-eabi/11.3.1/../../../../arm-none-eabi/lib/thumb/v7e-m+fp/hard\libc_nano.a(libc_a-wsetup.o)
                0x000000000800e1f0                __swsetup_r
 .text.memmove  0x000000000800e2a0       0x34 C:/ST/STM32CubeIDE_1.14.1/STM32CubeIDE/plugins/com.st.stm32cube.ide.mcu.externaltools.gnu-tools-for-stm32.11.3.rel1.win32_1.1.100.202309141235/tools/bin/../lib/gcc/arm-none-eabi/11.3.1/../../../../arm-none-eabi/lib/thumb/v7e-m+fp/hard\libc_nano.a(libc_a-memmove.o)
                0x000000000800e2a0                memmove
 .text._raise_r
                0x000000000800e2d4       0x50 C:/ST/STM32CubeIDE_1.14.1/STM32CubeIDE/plugins/com.st.stm32cube.ide.mcu.externaltools.gnu-tools-for-stm32.11.3.rel1.win32_1.1.100.202309141235/tools/bin/../lib/gcc/arm-none-eabi/11.3.1/../../../../arm-none-eabi/lib/thumb/v7e-m+fp/hard\libc_nano.a(libc_a-signal.o)
                0x000000000800e2d4                _raise_r
 .text.raise    0x000000000800e324       0x10 C:/ST/STM32CubeIDE_1.14.1/STM32CubeIDE/plugins/com.st.stm32cube.ide.mcu.externaltools.gnu-tools-for-stm32.11.3.rel1.win32_1.1.100.202309141235/tools/bin/../lib/gcc/arm-none-eabi/11.3.1/../../../../arm-none-eabi/lib/thumb/v7e-m+fp/hard\libc_nano.a(libc_a-signal.o)
                0x000000000800e324                raise
 .text._kill_r  0x000000000800e334       0x24 C:/ST/STM32CubeIDE_1.14.1/STM32CubeIDE/plugins/com.st.stm32cube.ide.mcu.externaltools.gnu-tools-for-stm32.11.3.rel1.win32_1.1.100.202309141235/tools/bin/../lib/gcc/arm-none-eabi/11.3.1/../../../../arm-none-eabi/lib/thumb/v7e-m+fp/hard\libc_nano.a(libc_a-signalr.o)
                0x000000000800e334                _kill_r
 .text._getpid_r
                0x000000000800e358        0x4 C:/ST/STM32CubeIDE_1.14.1/STM32CubeIDE/plugins/com.st.stm32cube.ide.mcu.externaltools.gnu-tools-for-stm32.11.3.rel1.win32_1.1.100.202309141235/tools/bin/../lib/gcc/arm-none-eabi/11.3.1/../../../../arm-none-eabi/lib/thumb/v7e-m+fp/hard\libc_nano.a(libc_a-signalr.o)
                0x000000000800e358                _getpid_r
 .text._sbrk_r  0x000000000800e35c       0x20 C:/ST/STM32CubeIDE_1.14.1/STM32CubeIDE/plugins/com.st.stm32cube.ide.mcu.externaltools.gnu-tools-for-stm32.11.3.rel1.win32_1.1.100.202309141235/tools/bin/../lib/gcc/arm-none-eabi/11.3.1/../../../../arm-none-eabi/lib/thumb/v7e-m+fp/hard\libc_nano.a(libc_a-sbrkr.o)
                0x000000000800e35c                _sbrk_r
 .text._realloc_r
                0x000000000800e37c       0x5e C:/ST/STM32CubeIDE_1.14.1/STM32CubeIDE/plugins/com.st.stm32cube.ide.mcu.externaltools.gnu-tools-for-stm32.11.3.rel1.win32_1.1.100.202309141235/tools/bin/../lib/gcc/arm-none-eabi/11.3.1/../../../../arm-none-eabi/lib/thumb/v7e-m+fp/hard\libc_nano.a(libc_a-reallocr.o)
                0x000000000800e37c                _realloc_r
 *fill*         0x000000000800e3da        0x2 
 .text._strtol_l.constprop.0
                0x000000000800e3dc      0x104 C:/ST/STM32CubeIDE_1.14.1/STM32CubeIDE/plugins/com.st.stm32cube.ide.mcu.externaltools.gnu-tools-for-stm32.11.3.rel1.win32_1.1.100.202309141235/tools/bin/../lib/gcc/arm-none-eabi/11.3.1/../../../../arm-none-eabi/lib/thumb/v7e-m+fp/hard\libc_nano.a(libc_a-strtol.o)
 .text._strtol_r