Archive member included to satisfy reference by file (symbol)

C:/ST/STM32CubeIDE_1.14.1/STM32CubeIDE/plugins/com.st.stm32cube.ide.mcu.externaltools.gnu-tools-for-stm32.11.3.rel1.win32_1.1.100.202309141235/tools/bin/../lib/gcc/arm-none-eabi/11.3.1/../../../../arm-none-eabi/lib/thumb/v7e-m+fp/hard\libc_nano.a(libc_a-assert.o)
                              ./Proyecto/API/Src/API_delay.o (__assert_func)
C:/ST/STM32CubeIDE_1.14.1/STM32CubeIDE/plugins/com.st.stm32cube.ide.mcu.externaltools.gnu-tools-for-stm32.11.3.rel1.win32_1.1.100.202309141235/tools/bin/../lib/gcc/arm-none-eabi/11.3.1/../../../../arm-none-eabi/lib/thumb/v7e-m+fp/hard\libc_nano.a(libc_a-exit.o)
                              C:/ST/STM32CubeIDE_1.14.1/STM32CubeIDE/plugins/com.st.stm32cube.ide.mcu.externaltools.gnu-tools-for-stm32.11.3.rel1.win32_1.1.100.202309141235/tools/bin/../lib/gcc/arm-none-eabi/11.3.1/../../../../arm-none-eabi/lib/thumb/v7e-m+fp/hard/crt0.o (exit)
C:/ST/STM32CubeIDE_1.14.1/STM32CubeIDE/plugins/com.st.stm32cube.ide.mcu.externaltools.gnu-tools-for-stm32.11.3.rel1.win32_1.1.100.202309141235/tools/bin/../lib/gcc/arm-none-eabi/11.3.1/../../../../arm-none-eabi/lib/thumb/v7e-m+fp/hard\libc_nano.a(libc_a-findfp.o)
                              C:/ST/STM32CubeIDE_1.14.1/STM32CubeIDE/plugins/com.st.stm32cube.ide.mcu.externaltools.gnu-tools-for-stm32.11.3.rel1.win32_1.1.100.202309141235/tools/bin/../lib/gcc/arm-none-eabi/11.3.1/../../../../arm-none-eabi/lib/thumb/v7e-m+fp/hard\libc_nano.a(libc_a-exit.o) (__stdio_exit_handler)
C:/ST/STM32CubeIDE_1.14.1/STM32CubeIDE/plugins/com.st.stm32cube.ide.mcu.externaltools.gnu-tools-for-stm32.11.3.rel1.win32_1.1.100.202309141235/tools/bin/../lib/gcc/arm-none-eabi/11.3.1/../../../../arm-none-eabi/lib/thumb/v7e-m+fp/hard\libc_nano.a(libc_a-fprintf.o)
                              C:/ST/STM32CubeIDE_1.14.1/STM32CubeIDE/plugins/com.st.stm32cube.ide.mcu.externaltools.gnu-tools-for-stm32.11.3.rel1.win32_1.1.100.202309141235/tools/bin/../lib/gcc/arm-none-eabi/11.3.1/../../../../arm-none-eabi/lib/thumb/v7e-m+fp/hard\libc_nano.a(libc_a-assert.o) (fiprintf)
C:/ST/STM32CubeIDE_1.14.1/STM32CubeIDE/plugins/com.st.stm32cube.ide.mcu.externaltools.gnu-tools-for-stm32.11.3.rel1.win32_1.1.100.202309141235/tools/bin/../lib/gcc/arm-none-eabi/11.3.1/../../../../arm-none-eabi/lib/thumb/v7e-m+fp/hard\libc_nano.a(libc_a-fwalk.o)
                              C:/ST/STM32CubeIDE_1.14.1/STM32CubeIDE/plugins/com.st.stm32cube.ide.mcu.externaltools.gnu-tools-for-stm32.11.3.rel1.win32_1.1.100.202309141235/tools/bin/../lib/gcc/arm-none-eabi/11.3.1/../../../../arm-none-eabi/lib/thumb/v7e-m+fp/hard\libc_nano.a(libc_a-findfp.o) (_fwalk_sglue)
C:/ST/STM32CubeIDE_1.14.1/STM32CubeIDE/plugins/com.st.stm32cube.ide.mcu.externaltools.gnu-tools-for-stm32.11.3.rel1.win32_1.1.100.202309141235/tools/bin/../lib/gcc/arm-none-eabi/11.3.1/../../../../arm-none-eabi/lib/thumb/v7e-m+fp/hard\libc_nano.a(libc_a-snprintf.o)
                              ./Proyecto/app/app.o (snprintf)
C:/ST/STM32CubeIDE_1.14.1/STM32CubeIDE/plugins/com.st.stm32cube.ide.mcu.externaltools.gnu-tools-for-stm32.11.3.rel1.win32_1.1.100.202309141235/tools/bin/../lib/gcc/arm-none-eabi/11.3.1/../../../../arm-none-eabi/lib/thumb/v7e-m+fp/hard\libc_nano.a(libc_a-sprintf.o)
                              ./Proyecto/app/app.o (sprintf)
C:/ST/STM32CubeIDE_1.14.1/STM32CubeIDE/plugins/com.st.stm32cube.ide.mcu.externaltools.gnu-tools-for-stm32.11.3.rel1.win32_1.1.100.202309141235/tools/bin/../lib/gcc/arm-none-eabi/11.3.1/../../../../arm-none-eabi/lib/thumb/v7e-m+fp/hard\libc_nano.a(libc_a-sscanf.o)
                              ./Proyecto/drivers/usb_cdc/usb_commands.o (sscanf)
C:/ST/STM32CubeIDE_1.14.1/STM32CubeIDE/plugins/com.st.stm32cube.ide.mcu.externaltools.gnu-tools-for-stm32.11.3.rel1.win32_1.1.100.202309141235/tools/bin/../lib/gcc/arm-none-eabi/11.3.1/../../../../arm-none-eabi/lib/thumb/v7e-m+fp/hard\libc_nano.a(libc_a-stdio.o)
                              C:/ST/STM32CubeIDE_1.14.1/STM32CubeIDE/plugins/com.st.stm32cube.ide.mcu.externaltools.gnu-tools-for-stm32.11.3.rel1.win32_1.1.100.202309141235/tools/bin/../lib/gcc/arm-none-eabi/11.3.1/../../../../arm-none-eabi/lib/thumb/v7e-m+fp/hard\libc_nano.a(libc_a-findfp.o) (__sread)
C:/ST/STM32CubeIDE_1.14.1/STM32CubeIDE/plugins/com.st.stm32cube.ide.mcu.externaltools.gnu-tools-for-stm32.11.3.rel1.win32_1.1.100.202309141235/tools/bin/../lib/gcc/arm-none-eabi/11.3.1/../../../../arm-none-eabi/lib/thumb/v7e-m+fp/hard\libc_nano.a(libc_a-memcmp.o)
                              ./Proyecto/drivers/rfid/rfid.o (memcmp)
C:/ST/STM32CubeIDE_1.14.1/STM32CubeIDE/plugins/com.st.stm32cube.ide.mcu.externaltools.gnu-tools-for-stm32.11.3.rel1.win32_1.1.100.202309141235/tools/bin/../lib/gcc/arm-none-eabi/11.3.1/../../../../arm-none-eabi/lib/thumb/v7e-m+fp/hard\libc_nano.a(libc_a-memset.o)
[...]
Memory Configuration

Name             Origin             Length             Attributes
RAM              0x0000000020000000 0x0000000000020000 xrw
FLASH            0x0000000008000000 0x0000000000080000 xr
*default*        0x0000000000000000 0xffffffffffffffff

Linker script and memory map

LOAD C:/ST/STM32CubeIDE_1.14.1/STM32CubeIDE/plugins/com.st.stm32cube.ide.mcu.externaltools.gnu-tools-for-stm32.11.3.rel1.win32_1.1.100.202309141235/tools/bin/../lib/gcc/arm-none-eabi/11.3.1/thumb/v7e-m+fp/hard/crti.o
LOAD C:/ST/STM32CubeIDE_1.14.1/STM32CubeIDE/plugins/com.st.stm32cube.ide.mcu.externaltools.gnu-tools-for-stm32.11.3.rel1.win32_1.1.100.202309141235/tools/bin/../lib/gcc/arm-none-eabi/11.3.1/thumb/v7e-m+fp/hard/crtbegin.o
LOAD C:/ST/STM32CubeIDE_1.14.1/STM32CubeIDE/plugins/com.st.stm32cube.ide.mcu.externaltools.gnu-tools-for-stm32.11.3.rel1.win32_1.1.100.202309141235/tools/bin/../lib/gcc/arm-none-eabi/11.3.1/../../../../arm-none-eabi/lib/thumb/v7e-m+fp/hard/crt0.o
LOAD ./Core/Src/main.o
LOAD ./Core/Src/stm32f4xx_hal_msp.o
LOAD ./Core/Src/stm32f4xx_it.o
LOAD ./Core/Src/syscalls.o
LOAD ./Core/Src/sysmem.o
LOAD ./Core/Src/system_stm32f4xx.o
LOAD ./Core/Startup/startup_stm32f446retx.o
LOAD ./Drivers/STM32F4xx_HAL_Driver/Src/stm32f4xx_hal.o
LOAD ./Drivers/STM32F4xx_HAL_Driver/Src/stm32f4xx_hal_adc.o
LOAD ./Drivers/STM32F4xx_HAL_Driver/Src/stm32f4xx_hal_adc_ex.o
LOAD ./Drivers/STM32F4xx_HAL_Driver/Src/stm32f4xx_hal_cortex.o
LOAD ./Drivers/STM32F4xx_HAL_Driver/Src/stm32f4xx_hal_dma.o
LOAD ./Drivers/STM32F4xx_HAL_Driver/Src/stm32f4xx_hal_dma_ex.o
LOAD ./Drivers/STM32F4xx_HAL_Driver/Src/stm32f4xx_hal_exti.o
LOAD ./Drivers/STM32F4xx_HAL_Driver/Src/stm32f4xx_hal_flash.o
LOAD ./Drivers/STM32F4xx_HAL_Driver/Src/stm32f4xx_hal_flash_ex.o
LOAD ./Drivers/STM32F4xx_HAL_Driver/Src/stm32f4xx_hal_flash_ramfunc.o
LOAD ./Drivers/STM32F4xx_HAL_Driver/Src/stm32f4xx_hal_gpio.o
LOAD ./Drivers/STM32F4xx_HAL_Driver/Src/stm32f4xx_hal_i2c.o
LOAD ./Drivers/STM32F4xx_HAL_Driver/Src/stm32f4xx_hal_i2c_ex.o
LOAD ./Drivers/STM32F4xx_HAL_Driver/Src/stm32f4xx_hal_pcd.o
LOAD ./Drivers/STM32F4xx_HAL_Driver/Src/stm32f4xx_hal_pcd_ex.o
LOAD ./Drivers/STM32F4xx_HAL_Driver/Src/stm32f4xx_hal_pwr.o
LOAD ./Drivers/STM32F4xx_HAL_Driver/Src/stm32f4xx_hal_pwr_ex.o
LOAD ./Drivers/STM32F4xx_HAL_Driver/Src/stm32f4xx_hal_rcc.o
LOAD ./Drivers/STM32F4xx_HAL_Driver/Src/stm32f4xx_hal_rcc_ex.o
LOAD ./Drivers/STM32F4xx_HAL_Driver/Src/stm32f4xx_hal_spi.o
LOAD ./Drivers/STM32F4xx_HAL_Driver/Src/stm32f4xx_hal_tim.o
LOAD ./Drivers/STM32F4xx_HAL_Driver/Src/stm32f4xx_hal_tim_ex.o
LOAD ./Drivers/STM32F4xx_HAL_Driver/Src/stm32f4xx_hal_uart.o
LOAD ./Drivers/STM32F4xx_HAL_Driver/Src/stm32f4xx_ll_adc.o
LOAD ./Drivers/STM32F4xx_HAL_Driver/Src/stm32f4xx_ll_usb.o
LOAD ./Middlewares/ST/STM32_USB_Device_Library/Class/CDC/Src/usbd_cdc.o
LOAD ./Middlewares/ST/STM32_USB_Device_Library/Core/Src/usbd_core.o
LOAD ./Middlewares/ST/STM32_USB_Device_Library/Core/Src/usbd_ctlreq.o
LOAD ./Middlewares/ST/STM32_USB_Device_Library/Core/Src/usbd_ioreq.o
LOAD ./Proyecto/API/Src/API_delay.o
LOAD ./Proyecto/app/app.o
LOAD ./Proyecto/app/app_isr.o
LOAD ./Proyecto/drivers/button/button.o
LOAD ./Proyecto/drivers/eeprom/eeprom.o
LOAD ./Proyecto/drivers/rfid/rfid.o
LOAD ./Proyecto/drivers/rtc/rtc.o
LOAD ./Proyecto/drivers/uart/debug_uart.o
LOAD ./Proyecto/drivers/usb_cdc/usb_cdc.o
LOAD ./Proyecto/drivers/usb_cdc/usb_commands.o
LOAD ./Proyecto/ports/port_button/port_button.o
LOAD ./Proyecto/ports/port_eeprom/port_eeprom.o
LOAD ./Proyecto/ports/port_rfid/port_rfid.o
LOAD ./Proyecto/ports/port_rtc/port_rtc.o
LOAD ./Proyecto/ports/port_usb_cdc/port_usb_cdc.o
LOAD ./Proyecto/proyecto.o
LOAD ./USB_DEVICE/App/usb_device.o
LOAD ./USB_DEVICE/App/usbd_cdc_if.o
LOAD ./USB_DEVICE/App/usbd_desc.o
LOAD ./USB_DEVICE/Target/usbd_conf.o
START GROUP
LOAD C:/ST/STM32CubeIDE_1.14.1/STM32CubeIDE/plugins/com.st.stm32cube.ide.mcu.externaltools.gnu-tools-for-stm32.11.3.rel1.win32_1.1.100.202309141235/tools/bin/../lib/gcc/arm-none-eabi/11.3.1/../../../../arm-none-eabi/lib/thumb/v7e-m+fp/hard\libc_nano.a
LOAD C:/ST/STM32CubeIDE_1.14.1/STM32CubeIDE/plugins/com.st.stm32cube.ide.mcu.externaltools.gnu-tools-for-stm32.11.3.rel1.win32_1.1.100.202309141235/tools/bin/../lib/gcc/arm-none-eabi/11.3.1/../../../../arm-none-eabi/lib/thumb/v7e-m+fp/hard\libm.a
END GROUP
START GROUP
LOAD C:/ST/STM32CubeIDE_1.14.1/STM32CubeIDE/plugins/com.st.stm32cube.ide.mcu.externaltools.gnu-tools-for-stm32.11.3.rel1.win32_1.1.100.202309141235/tools/bin/../lib/gcc/arm-none-eabi/11.3.1/thumb/v7e-m+fp/hard\libgcc.a
LOAD C:/ST/STM32CubeIDE_1.14.1/STM32CubeIDE/plugins/com.st.stm32cube.ide.mcu.externaltools.gnu-tools-for-stm32.11.3.rel1.win32_1.1.100.202309141235/tools/bin/../lib/gcc/arm-none-eabi/11.3.1/../../../../arm-none-eabi/lib/thumb/v7e-m+fp/hard\libc_nano.a
END GROUP
START GROUP
LOAD C:/ST/STM32CubeIDE_1.14.1/STM32CubeIDE/plugins/com.st.stm32cube.ide.mcu.externaltools.gnu-tools-for-stm32.11.3.rel1.win32_1.1.100.202309141235/tools/bin/../lib/gcc/arm-none-eabi/11.3.1/thumb/v7e-m+fp/hard\libgcc.a
LOAD C:/ST/STM32CubeIDE_1.14.1/STM32CubeIDE/plugins/com.st.stm32cube.ide.mcu.externaltools.gnu-tools-for-stm32.11.3.rel1.win32_1.1.100.202309141235/tools/bin/../lib/gcc/arm-none-eabi/11.3.1/../../../../arm-none-eabi/lib/thumb/v7e-m+fp/hard\libc_nano.a
LOAD C:/ST/STM32CubeIDE_1.14.1/STM32CubeIDE/plugins/com.st.stm32cube.ide.mcu.externaltools.gnu-tools-for-stm32.11.3.rel1.win32_1.1.100.202309141235/tools/bin/../lib/gcc/arm-none-eabi/11.3.1/../../../../arm-none-eabi/lib/thumb/v7e-m+fp/hard\libnosys.a
END GROUP
START GROUP
LOAD C:/ST/STM32CubeIDE_1.14.1/STM32CubeIDE/plugins/com.st.stm32cube.ide.mcu.externaltools.gnu-tools-for-stm32.11.3.rel1.win32_1.1.100.202309141235/tools/bin/../lib/gcc/arm-none-eabi/11.3.1/thumb/v7e-m+fp/hard\libgcc.a
LOAD C:/ST/STM32CubeIDE_1.14.1/STM32CubeIDE/plugins/com.st.stm32cube.ide.mcu.externaltools.gnu-tools-for-stm32.11.3.rel1.win32_1.1.100.202309141235/tools/bin/../lib/gcc/arm-none-eabi/11.3.1/../../../../arm-none-eabi/lib/thumb/v7e-m+fp/hard\libc_nano.a
LOAD C:/ST/STM32CubeIDE_1.14.1/STM32CubeIDE/plugins/com.st.stm32cube.ide.mcu.externaltools.gnu-tools-for-stm32.11.3.rel1.win32_1.1.100.202309141235/tools/bin/../lib/gcc/arm-none-eabi/11.3.1/../../../../arm-none-eabi/lib/thumb/v7e-m+fp/hard\libnosys.a
END GROUP
LOAD C:/ST/STM32CubeIDE_1.14.1/STM32CubeIDE/plugins/com.st.stm32cube.ide.mcu.externaltools.gnu-tools-for-stm32.11.3.rel1.win32_1.1.100.202309141235/tools/bin/../lib/gcc/arm-none-eabi/11.3.1/thumb/v7e-m+fp/hard/crtend.o
LOAD C:/ST/STM32CubeIDE_1.14.1/STM32CubeIDE/plugins/com.st.stm32cube.ide.mcu.externaltools.gnu-tools-for-stm32.11.3.rel1.win32_1.1.100.202309141235/tools/bin/../lib/gcc/arm-none-eabi/11.3.1/thumb/v7e-m+fp/hard/crtn.o
                0x0000000020020000                _estack = (ORIGIN (RAM) + LENGTH (RAM))
                0x0000000000000100                _Min_Heap_Size = 0x100
                0x0000000000000400                _Min_Stack_Size = 0x400

.isr_vector     0x0000000008000000      0x1c4
                0x0000000008000000                . = ALIGN (0x4)
 *(.isr_vector)
 .isr_vector    0x0000000008000000      0x1c4 ./Core/Startup/startup_stm32f446retx.o
                0x0000000008000000                g_pfnVectors
                0x00000000080001c4                . = ALIGN (0x4)

.text           0x00000000080001d0     0xe290
                0x00000000080001d0                . = ALIGN (0x4)
 *(.text)
 .text          0x00000000080001d0       0x40 C:/ST/STM32CubeIDE_1.14.1/STM32CubeIDE/plugins/com.st.stm32cube.ide.mcu.externaltools.gnu-tools-for-stm32.11.3.rel1.win32_1.1.100.202309141235/tools/bin/../lib/gcc/arm-none-eabi/11.3.1/thumb/v7e-m+fp/hard/crtbegin.o
 .text          0x0000000008000210       0x14 C:/ST/STM32CubeIDE_1.14.1/STM32CubeIDE/plugins/com.st.stm32cube.ide.mcu.externaltools.gnu-tools-for-stm32.11.3.rel1.win32_1.1.100.202309141235/tools/bin/../lib/gcc/arm-none-eabi/11.3.1/../../../../arm-none-eabi/lib/thumb/v7e-m+fp/hard\libc_nano.a(libc_a-strcmp.o)
                0x0000000008000210                strcmp
 .text          0x0000000008000224       0x10 C:/ST/STM32CubeIDE_1.14.1/STM32CubeIDE/plugins/com.st.stm32cube.ide.mcu.externaltools.gnu-tools-for-stm32.11.3.rel1.win32_1.1.100.202309141235/tools/bin/../lib/gcc/arm-none-eabi/11.3.1/../../../../arm-none-eabi/lib/thumb/v7e-m+fp/hard\libc_nano.a(libc_a-strlen.o)
                0x0000000008000224                strlen
 *fill*         0x0000000008000234        0xc 
 .text          0x0000000008000240       0xa0 C:/ST/STM32CubeIDE_1.14.1/STM32CubeIDE/plugins/com.st.stm32cube.ide.mcu.externaltools.gnu-tools-for-stm32.11.3.rel1.win32_1.1.100.202309141235/tools/bin/../lib/gcc/arm-none-eabi/11.3.1/../../../../arm-none-eabi/lib/thumb/v7e-m+fp/hard\libc_nano.a(libc_a-memchr.o)
                0x0000000008000240                memchr
 .text          0x00000000080002e0       0x30 C:/ST/STM32CubeIDE_1.14.1/STM32CubeIDE/plugins/com.st.stm32cube.ide.mcu.externaltools.gnu-tools-for-stm32.11.3.rel1.win32_1.1.100.202309141235/tools/bin/../lib/gcc/arm-none-eabi/11.3.1/thumb/v7e-m+fp/hard\libgcc.a(_aeabi_uldivmod.o)
                0x00000000080002e0                __aeabi_uldivmod
 .text          0x0000000008000310      0x2c8 C:/ST/STM32CubeIDE_1.14.1/STM32CubeIDE/plugins/com.st.stm32cube.ide.mcu.externaltools.gnu-tools-for-stm32.11.3.rel1.win32_1.1.100.202309141235/tools/bin/../lib/gcc/arm-none-eabi/11.3.1/thumb/v7e-m+fp/hard\libgcc.a(_udivmoddi4.o)
                0x0000000008000310                __udivmoddi4
 .text          0x00000000080005d8        0x4 C:/ST/STM32CubeIDE_1.14.1/STM32CubeIDE/plugins/com.st.stm32cube.ide.mcu.externaltools.gnu-tools-for-stm32.11.3.rel1.win32_1.1.100.202309141235/tools/bin/../lib/gcc/arm-none-eabi/11.3.1/thumb/v7e-m+fp/hard\libgcc.a(_dvmd_tls.o)
                0x00000000080005d8                __aeabi_idiv0
                0x00000000080005d8                __aeabi_ldiv0
 *(.text*)
 .text.main     0x00000000080005dc       0x32 ./Core/Src/main.o
                0x00000000080005dc                main
 *fill*         0x000000000800060e        0x2 
 .text.SystemClock_Config
                0x0000000008000610       0xd8 ./Core/Src/main.o
                0x0000000008000610                SystemClock_Config
 .text.MX_ADC1_Init
                0x00000000080006e8       0xa4 ./Core/Src/main.o
 .text.MX_I2C1_Init
                0x000000000800078c       0x5c ./Core/Src/main.o
 .text.MX_SPI3_Init
                0x00000000080007e8       0x6c ./Core/Src/main.o
 .text.MX_TIM2_Init
                0x0000000008000854       0x98 ./Core/Src/main.o
 .text.MX_USART2_UART_Init
                0x00000000080008ec       0x54 ./Core/Src/main.o
 .text.MX_DMA_Init
                0x0000000008000940       0x40 ./Core/Src/main.o
 .text.MX_GPIO_Init
                0x0000000008000980      0x14c ./Core/Src/main.o
 .text.Error_Handler
                0x0000000008000acc        0xa ./Core/Src/main.o
                0x0000000008000acc                Error_Handler
 *fill*         0x0000000008000ad6        0x2 
 .text.HAL_MspInit
                0x0000000008000ad8       0x50 ./Core/Src/stm32f4xx_hal_msp.o
                0x0000000008000ad8                HAL_MspInit
 .text.HAL_ADC_MspInit
                0x0000000008000b28       0xf0 ./Core/Src/stm32f4xx_hal_msp.o
                0x0000000008000b28                HAL_ADC_MspInit
 .text.HAL_I2C_MspInit
                0x0000000008000c18       0x90 ./Core/Src/stm32f4xx_hal_msp.o
                0x0000000008000c18                HAL_I2C_MspInit
 .text.HAL_SPI_MspInit
                0x0000000008000ca8       0x90 ./Core/Src/stm32f4xx_hal_msp.o
                0x0000000008000ca8                HAL_SPI_MspInit
 .text.HAL_TIM_Base_MspInit
                0x0000000008000d38       0x40 ./Core/Src/stm32f4xx_hal_msp.o
                0x0000000008000d38                HAL_TIM_Base_MspInit
 .text.HAL_UART_MspInit
                0x0000000008000d78       0xa0 ./Core/Src/stm32f4xx_hal_msp.o
                0x0000000008000d78                HAL_UART_MspInit
 .text.NMI_Handler
                0x0000000008000e18        0x6 ./Core/Src/stm32f4xx_it.o
                0x0000000008000e18                NMI_Handler
 .text.HardFault_Handler
                0x0000000008000e1e        0x6 ./Core/Src/stm32f4xx_it.o
                0x0000000008000e1e                HardFault_Handler
 .text.MemManage_Handler
                0x0000000008000e24        0x6 ./Core/Src/stm32f4xx_it.o
                0x0000000008000e24                MemManage_Handler
 .text.BusFault_Handler
                0x0000000008000e2a        0x6 ./Core/Src/stm32f4xx_it.o
                0x0000000008000e2a                BusFault_Handler
 .text.UsageFault_Handler
                0x0000000008000e30        0x6 ./Core/Src/stm32f4xx_it.o
                0x0000000008000e30                UsageFault_Handler
 .text.SVC_Handler
                0x0000000008000e36        0xe ./Core/Src/stm32f4xx_it.o
                0x0000000008000e36                SVC_Handler
 .text.DebugMon_Handler
                0x0000000008000e44        0xe ./Core/Src/stm32f4xx_it.o
                0x0000000008000e44                DebugMon_Handler
 .text.PendSV_Handler
                0x0000000008000e52        0xe ./Core/Src/stm32f4xx_it.o
                0x0000000008000e52                PendSV_Handler
 .text.SysTick_Handler
                0x0000000008000e60        0xc ./Core/Src/stm32f4xx_it.o
                0x0000000008000e60                SysTick_Handler
 .text.USART2_IRQHandler
                0x0000000008000e6c       0x14 ./Core/Src/stm32f4xx_it.o
                0x0000000008000e6c                USART2_IRQHandler
 .text.DMA2_Stream0_IRQHandler
                0x0000000008000e80       0x14 ./Core/Src/stm32f4xx_it.o
                0x0000000008000e80                DMA2_Stream0_IRQHandler
 .text.OTG_FS_IRQHandler
                0x0000000008000e94       0x14 ./Core/Src/stm32f4xx_it.o
                0x0000000008000e94                OTG_FS_IRQHandler
 .text._getpid  0x0000000008000ea8       0x10 ./Core/Src/syscalls.o
                0x0000000008000ea8                _getpid
 .text._kill    0x0000000008000eb8       0x20 ./Core/Src/syscalls.o
                0x0000000008000eb8                _kill
 .text._exit    0x0000000008000ed8       0x14 ./Core/Src/syscalls.o
                0x0000000008000ed8                _exit
 .text._read    0x0000000008000eec       0x3a ./Core/Src/syscalls.o
                0x0000000008000eec                _read
 .text._write   0x0000000008000f26       0x38 ./Core/Src/syscalls.o
                0x0000000008000f26                _write
 .text._close   0x0000000008000f5e       0x18 ./Core/Src/syscalls.o
                0x0000000008000f5e                _close
 .text._fstat   0x0000000008000f76       0x20 ./Core/Src/syscalls.o
                0x0000000008000f76                _fstat
 .text._isatty  0x0000000008000f96       0x16 ./Core/Src/syscalls.o
                0x0000000008000f96                _isatty
 .text._lseek   0x0000000008000fac       0x1a ./Core/Src/syscalls.o
                0x0000000008000fac                _lseek
 *fill*         0x0000000008000fc6        0x2 
 .text._sbrk    0x0000000008000fc8       0x6c ./Core/Src/sysmem.o
                0x0000000008000fc8                _sbrk
 .text.SystemInit
                0x0000000008001034       0x24 ./Core/Src/system_stm32f4xx.o
                0x0000000008001034                SystemInit
 .text.Reset_Handler
                0x0000000008001058       0x50 ./Core/Startup/startup_stm32f446retx.o
                0x0000000008001058                Reset_Handler
 .text.Default_Handler
                0x00000000080010a8        0x2 ./Core/Startup/startup_stm32f446retx.o
                0x00000000080010a8                RTC_Alarm_IRQHandler
                0x00000000080010a8                EXTI2_IRQHandler
                0x00000000080010a8                TIM8_CC_IRQHandler
                0x00000000080010a8                FMPI2C1_EV_IRQHandler
                0x00000000080010a8                SPI4_IRQHandler
                0x00000000080010a8                TIM1_CC_IRQHandler
                0x00000000080010a8                DMA2_Stream5_IRQHandler
                0x00000000080010a8                DMA1_Stream5_IRQHandler
                0x00000000080010a8                PVD_IRQHandler
                0x00000000080010a8                SDIO_IRQHandler
                0x00000000080010a8                TAMP_STAMP_IRQHandler
                0x00000000080010a8                CAN2_RX1_IRQHandler
                0x00000000080010a8                EXTI3_IRQHandler
                0x00000000080010a8                TIM8_TRG_COM_TIM14_IRQHandler
                0x00000000080010a8                TIM1_UP_TIM10_IRQHandler
                0x00000000080010a8                TIM8_UP_TIM13_IRQHandler
                0x00000000080010a8                I2C3_ER_IRQHandler
                0x00000000080010a8                EXTI0_IRQHandler
                0x00000000080010a8                I2C2_EV_IRQHandler
                0x00000000080010a8                DMA1_Stream2_IRQHandler
                0x00000000080010a8                CAN1_RX0_IRQHandler
                0x00000000080010a8                FPU_IRQHandler
                0x00000000080010a8                OTG_HS_WKUP_IRQHandler
                0x00000000080010a8                CAN2_SCE_IRQHandler
                0x00000000080010a8                DMA2_Stream2_IRQHandler
                0x00000000080010a8                SPI1_IRQHandler
                0x00000000080010a8                TIM6_DAC_IRQHandler
                0x00000000080010a8                TIM1_BRK_TIM9_IRQHandler
                0x00000000080010a8                DCMI_IRQHandler
                0x00000000080010a8                CAN2_RX0_IRQHandler
                0x00000000080010a8                DMA2_Stream3_IRQHandler
                0x00000000080010a8                SAI2_IRQHandler
                0x00000000080010a8                USART6_IRQHandler
                0x00000000080010a8                USART3_IRQHandler
                0x00000000080010a8                CAN1_RX1_IRQHandler
                0x00000000080010a8                UART5_IRQHandler
                0x00000000080010a8                TIM4_IRQHandler
                0x00000000080010a8                QUADSPI_IRQHandler
                0x00000000080010a8                I2C1_EV_IRQHandler
                0x00000000080010a8                DMA1_Stream6_IRQHandler
                0x00000000080010a8                DMA1_Stream1_IRQHandler
                0x00000000080010a8                UART4_IRQHandler
                0x00000000080010a8                TIM3_IRQHandler
                0x00000000080010a8                RCC_IRQHandler
                0x00000000080010a8                TIM8_BRK_TIM12_IRQHandler
                0x00000000080010a8                Default_Handler
                0x00000000080010a8                CEC_IRQHandler
                0x00000000080010a8                EXTI15_10_IRQHandler
                0x00000000080010a8                ADC_IRQHandler
                0x00000000080010a8                DMA1_Stream7_IRQHandler
                0x00000000080010a8                TIM7_IRQHandler
                0x00000000080010a8                CAN2_TX_IRQHandler
                0x00000000080010a8                TIM5_IRQHandler
                0x00000000080010a8                DMA2_Stream7_IRQHandler
                0x00000000080010a8                I2C3_EV_IRQHandler
                0x00000000080010a8                EXTI9_5_IRQHandler
                0x00000000080010a8                RTC_WKUP_IRQHandler
                0x00000000080010a8                SPDIF_RX_IRQHandler
                0x00000000080010a8                SPI2_IRQHandler
                0x00000000080010a8                OTG_HS_EP1_IN_IRQHandler
                0x00000000080010a8                DMA1_Stream0_IRQHandler
                0x00000000080010a8                CAN1_TX_IRQHandler
                0x00000000080010a8                FMPI2C1_ER_IRQHandler
                0x00000000080010a8                EXTI4_IRQHandler
                0x00000000080010a8                OTG_HS_EP1_OUT_IRQHandler
                0x00000000080010a8                WWDG_IRQHandler
                0x00000000080010a8                TIM2_IRQHandler
                0x00000000080010a8                OTG_FS_WKUP_IRQHandler
                0x00000000080010a8                TIM1_TRG_COM_TIM11_IRQHandler
                0x00000000080010a8                OTG_HS_IRQHandler
                0x00000000080010a8                EXTI1_IRQHandler
                0x00000000080010a8                I2C2_ER_IRQHandler
                0x00000000080010a8                DMA2_Stream1_IRQHandler
                0x00000000080010a8                CAN1_SCE_IRQHandler
                0x00000000080010a8                FLASH_IRQHandler
                0x00000000080010a8                DMA2_Stream4_IRQHandler
                0x00000000080010a8                USART1_IRQHandler
                0x00000000080010a8                SPI3_IRQHandler
                0x00000000080010a8                DMA1_Stream4_IRQHandler
                0x00000000080010a8                I2C1_ER_IRQHandler
                0x00000000080010a8                FMC_IRQHandler
                0x00000000080010a8                DMA2_Stream6_IRQHandler
                0x00000000080010a8                SAI1_IRQHandler
                0x00000000080010a8                DMA1_Stream3_IRQHandler
 *fill*         0x00000000080010aa        0x2 
 .text.HAL_Init
                0x00000000080010ac       0x44 ./Drivers/STM32F4xx_HAL_Driver/Src/stm32f4xx_hal.o
                0x00000000080010ac                HAL_Init
 .text.HAL_InitTick
                0x00000000080010f0       0x60 ./Drivers/STM32F4xx_HAL_Driver/Src/stm32f4xx_hal.o
                0x00000000080010f0                HAL_InitTick
 .text.HAL_IncTick
                0x0000000008001150       0x28 ./Drivers/STM32F4xx_HAL_Driver/Src/stm32f4xx_hal.o
                0x0000000008001150                HAL_IncTick
 .text.HAL_GetTick
                0x0000000008001178       0x18 ./Drivers/STM32F4xx_HAL_Driver/Src/stm32f4xx_hal.o
                0x0000000008001178                HAL_GetTick
 .text.HAL_Delay
                0x0000000008001190       0x48 ./Drivers/STM32F4xx_HAL_Driver/Src/stm32f4xx_hal.o
                0x0000000008001190                HAL_Delay
 .text.HAL_ADC_Init
                0x00000000080011d8       0x86 ./Drivers/STM32F4xx_HAL_Driver/Src/stm32f4xx_hal_adc.o
                0x00000000080011d8                HAL_ADC_Init
 *fill*         0x000000000800125e        0x2 
 .text.HAL_ADC_Start_DMA
                0x0000000008001260      0x220 ./Drivers/STM32F4xx_HAL_Driver/Src/stm32f4xx_hal_adc.o
                0x0000000008001260                HAL_ADC_Start_DMA
 .text.HAL_ADC_ConvHalfCpltCallback
                0x0000000008001480       0x14 ./Drivers/STM32F4xx_HAL_Driver/Src/stm32f4xx_hal_adc.o
                0x0000000008001480                HAL_ADC_ConvHalfCpltCallback
 .text.HAL_ADC_ErrorCallback
                0x0000000008001494       0x14 ./Drivers/STM32F4xx_HAL_Driver/Src/stm32f4xx_hal_adc.o
                0x0000000008001494                HAL_ADC_ErrorCallback
 .text.HAL_ADC_ConfigChannel
                0x00000000080014a8      0x264 ./Drivers/STM32F4xx_HAL_Driver/Src/stm32f4xx_hal_adc.o
                0x00000000080014a8                HAL_ADC_ConfigChannel
 .text.ADC_Init
                0x000000000800170c      0x1f8 ./Drivers/STM32F4xx_HAL_Driver/Src/stm32f4xx_hal_adc.o
 .text.ADC_DMAConvCplt
                0x0000000008001904       0xba ./Drivers/STM32F4xx_HAL_Driver/Src/stm32f4xx_hal_adc.o
 .text.ADC_DMAHalfConvCplt
                0x00000000080019be       0x1c ./Drivers/STM32F4xx_HAL_Driver/Src/stm32f4xx_hal_adc.o
 .text.ADC_DMAError
                0x00000000080019da       0x2e ./Drivers/STM32F4xx_HAL_Driver/Src/stm32f4xx_hal_adc.o
 .text.__NVIC_SetPriorityGrouping
                0x0000000008001a08       0x48 ./Drivers/STM32F4xx_HAL_Driver/Src/stm32f4xx_hal_cortex.o
 .text.__NVIC_GetPriorityGrouping
                0x0000000008001a50       0x1c ./Drivers/STM32F4xx_HAL_Driver/Src/stm32f4xx_hal_cortex.o
 .text.__NVIC_EnableIRQ
                0x0000000008001a6c       0x3c ./Drivers/STM32F4xx_HAL_Driver/Src/stm32f4xx_hal_cortex.o
 .text.__NVIC_SetPriority
                0x0000000008001aa8       0x54 ./Drivers/STM32F4xx_HAL_Driver/Src/stm32f4xx_hal_cortex.o
 .text.NVIC_EncodePriority
                0x0000000008001afc       0x66 ./Drivers/STM32F4xx_HAL_Driver/Src/stm32f4xx_hal_cortex.o
 *fill*         0x0000000008001b62        0x2 
 .text.SysTick_Config
                0x0000000008001b64       0x44 ./Drivers/STM32F4xx_HAL_Driver/Src/stm32f4xx_hal_cortex.o
 .text.HAL_NVIC_SetPriorityGrouping
                0x0000000008001ba8       0x16 ./Drivers/STM32F4xx_HAL_Driver/Src/stm32f4xx_hal_cortex.o
                0x0000000008001ba8                HAL_NVIC_SetPriorityGrouping
 .text.HAL_NVIC_SetPriority
                0x0000000008001bbe       0x38 ./Drivers/STM32F4xx_HAL_Driver/Src/stm32f4xx_hal_cortex.o
                0x0000000008001bbe                HAL_NVIC_SetPriority
 .text.HAL_NVIC_EnableIRQ
                0x0000000008001bf6       0x1c ./Drivers/STM32F4xx_HAL_Driver/Src/stm32f4xx_hal_cortex.o
                0x0000000008001bf6                HAL_NVIC_EnableIRQ
 .text.HAL_SYSTICK_Config
                0x0000000008001c12       0x18 ./Drivers/STM32F4xx_HAL_Driver/Src/stm32f4xx_hal_cortex.o
                0x0000000008001c12                HAL_SYSTICK_Config
 *fill*         0x0000000008001c2a        0x2 
 .text.HAL_DMA_Init
                0x0000000008001c2c      0x15c ./Drivers/STM32F4xx_HAL_Driver/Src/stm32f4xx_hal_dma.o
                0x0000000008001c2c                HAL_DMA_Init
 .text.HAL_DMA_Start_IT
                0x0000000008001d88       0xb0 ./Drivers/STM32F4xx_HAL_Driver/Src/stm32f4xx_hal_dma.o
                0x0000000008001d88                HAL_DMA_Start_IT
 .text.HAL_DMA_Abort
                0x0000000008001e38       0xe0 ./Drivers/STM32F4xx_HAL_Driver/Src/stm32f4xx_hal_dma.o
                0x0000000008001e38                HAL_DMA_Abort
 .text.HAL_DMA_Abort_IT
                0x0000000008001f18       0x44 ./Drivers/STM32F4xx_HAL_Driver/Src/stm32f4xx_hal_dma.o
                0x0000000008001f18                HAL_DMA_Abort_IT
 .text.HAL_DMA_IRQHandler
                0x0000000008001f5c      0x314 ./Drivers/STM32F4xx_HAL_Driver/Src/stm32f4xx_hal_dma.o
                0x0000000008001f5c                HAL_DMA_IRQHandler
 .text.DMA_SetConfig
                0x0000000008002270       0x5c ./Drivers/STM32F4xx_HAL_Driver/Src/stm32f4xx_hal_dma.o
 .text.DMA_CalcBaseAndBitshift
                0x00000000080022cc       0x6c ./Drivers/STM32F4xx_HAL_Driver/Src/stm32f4xx_hal_dma.o
 .text.DMA_CheckFifoParam
                0x0000000008002338       0xf8 ./Drivers/STM32F4xx_HAL_Driver/Src/stm32f4xx_hal_dma.o
 .text.HAL_GPIO_Init
                0x0000000008002430      0x328 ./Drivers/STM32F4xx_HAL_Driver/Src/stm32f4xx_hal_gpio.o
                0x0000000008002430                HAL_GPIO_Init
 .text.HAL_GPIO_WritePin
                0x0000000008002758       0x32 ./Drivers/STM32F4xx_HAL_Driver/Src/stm32f4xx_hal_gpio.o
                0x0000000008002758                HAL_GPIO_WritePin
 *fill*         0x000000000800278a        0x2 
 .text.HAL_I2C_Init
                0x000000000800278c      0x288 ./Drivers/STM32F4xx_HAL_Driver/Src/stm32f4xx_hal_i2c.o
                0x000000000800278c                HAL_I2C_Init
 .text.HAL_I2C_Mem_Write
                0x0000000008002a14      0x1f4 ./Drivers/STM32F4xx_HAL_Driver/Src/stm32f4xx_hal_i2c.o
                0x0000000008002a14                HAL_I2C_Mem_Write
 .text.HAL_I2C_Mem_Read
                0x0000000008002c08      0x464 ./Drivers/STM32F4xx_HAL_Driver/Src/stm32f4xx_hal_i2c.o
                0x0000000008002c08                HAL_I2C_Mem_Read
 .text.I2C_RequestMemoryWrite
                0x000000000800306c      0x12c ./Drivers/STM32F4xx_HAL_Driver/Src/stm32f4xx_hal_i2c.o
 .text.I2C_RequestMemoryRead
                0x0000000008003198      0x1d0 ./Drivers/STM32F4xx_HAL_Driver/Src/stm32f4xx_hal_i2c.o
 .text.I2C_WaitOnFlagUntilTimeout
                0x0000000008003368       0xf4 ./Drivers/STM32F4xx_HAL_Driver/Src/stm32f4xx_hal_i2c.o
 .text.I2C_WaitOnMasterAddressFlagUntilTimeout
                0x000000000800345c      0x140 ./Drivers/STM32F4xx_HAL_Driver/Src/stm32f4xx_hal_i2c.o
 .text.I2C_WaitOnTXEFlagUntilTimeout
                0x000000000800359c       0x90 ./Drivers/STM32F4xx_HAL_Driver/Src/stm32f4xx_hal_i2c.o
 .text.I2C_WaitOnBTFFlagUntilTimeout
                0x000000000800362c       0x90 ./Drivers/STM32F4xx_HAL_Driver/Src/stm32f4xx_hal_i2c.o
 .text.I2C_WaitOnRXNEFlagUntilTimeout
                0x00000000080036bc       0xba ./Drivers/STM32F4xx_HAL_Driver/Src/stm32f4xx_hal_i2c.o
 .text.I2C_IsAcknowledgeFailed
                0x0000000008003776       0x5e ./Drivers/STM32F4xx_HAL_Driver/Src/stm32f4xx_hal_i2c.o
 .text.HAL_PCD_Init
                0x00000000080037d4      0x22c ./Drivers/STM32F4xx_HAL_Driver/Src/stm32f4xx_hal_pcd.o
                0x00000000080037d4                HAL_PCD_Init
 .text.HAL_PCD_Start
                0x0000000008003a00       0x6a ./Drivers/STM32F4xx_HAL_Driver/Src/stm32f4xx_hal_pcd.o
                0x0000000008003a00                HAL_PCD_Start
 .text.HAL_PCD_IRQHandler
                0x0000000008003a6a      0x99c ./Drivers/STM32F4xx_HAL_Driver/Src/stm32f4xx_hal_pcd.o
                0x0000000008003a6a                HAL_PCD_IRQHandler
 .text.HAL_PCD_SetAddress
                0x0000000008004406       0x48 ./Drivers/STM32F4xx_HAL_Driver/Src/stm32f4xx_hal_pcd.o
                0x0000000008004406                HAL_PCD_SetAddress
 .text.HAL_PCD_EP_Open
                0x000000000800444e       0xd4 ./Drivers/STM32F4xx_HAL_Driver/Src/stm32f4xx_hal_pcd.o
                0x000000000800444e                HAL_PCD_EP_Open
 .text.HAL_PCD_EP_Close
                0x0000000008004522       0x94 ./Drivers/STM32F4xx_HAL_Driver/Src/stm32f4xx_hal_pcd.o
                0x0000000008004522                HAL_PCD_EP_Close
 .text.HAL_PCD_EP_Receive
                0x00000000080045b6       0x76 ./Drivers/STM32F4xx_HAL_Driver/Src/stm32f4xx_hal_pcd.o
                0x00000000080045b6                HAL_PCD_EP_Receive
 .text.HAL_PCD_EP_GetRxCount
                0x000000000800462c       0x30 ./Drivers/STM32F4xx_HAL_Driver/Src/stm32f4xx_hal_pcd.o
                0x000000000800462c                HAL_PCD_EP_GetRxCount
 .text.HAL_PCD_EP_Transmit
                0x000000000800465c       0x74 ./Drivers/STM32F4xx_HAL_Driver/Src/stm32f4xx_hal_pcd.o
                0x000000000800465c                HAL_PCD_EP_Transmit
 .text.HAL_PCD_EP_SetStall
                0x00000000080046d0       0xc6 ./Drivers/STM32F4xx_HAL_Driver/Src/stm32f4xx_hal_pcd.o
                0x00000000080046d0                HAL_PCD_EP_SetStall
 .text.HAL_PCD_EP_ClrStall
                0x0000000008004796       0xac ./Drivers/STM32F4xx_HAL_Driver/Src/stm32f4xx_hal_pcd.o
                0x0000000008004796                HAL_PCD_EP_ClrStall
 .text.HAL_PCD_EP_Abort
                0x0000000008004842       0x62 ./Drivers/STM32F4xx_HAL_Driver/Src/stm32f4xx_hal_pcd.o
                0x0000000008004842                HAL_PCD_EP_Abort
 .text.PCD_WriteEmptyTxFifo
                0x00000000080048a4      0x118 ./Drivers/STM32F4xx_HAL_Driver/Src/stm32f4xx_hal_pcd.o
 .text.PCD_EP_OutXfrComplete_int
                0x00000000080049bc      0x1d0 ./Drivers/STM32F4xx_HAL_Driver/Src/stm32f4xx_hal_pcd.o
 .text.PCD_EP_OutSetupPacket_int
                0x0000000008004b8c       0x8c ./Drivers/STM32F4xx_HAL_Driver/Src/stm32f4xx_hal_pcd.o
 .text.HAL_PCDEx_SetTxFiFo
                0x0000000008004c18       0x8e ./Drivers/STM32F4xx_HAL_Driver/Src/stm32f4xx_hal_pcd_ex.o
                0x0000000008004c18                HAL_PCDEx_SetTxFiFo
 .text.HAL_PCDEx_SetRxFiFo
                0x0000000008004ca6       0x22 ./Drivers/STM32F4xx_HAL_Driver/Src/stm32f4xx_hal_pcd_ex.o
                0x0000000008004ca6                HAL_PCDEx_SetRxFiFo
 .text.HAL_PCDEx_ActivateLPM
                0x0000000008004cc8       0x48 ./Drivers/STM32F4xx_HAL_Driver/Src/stm32f4xx_hal_pcd_ex.o
                0x0000000008004cc8                HAL_PCDEx_ActivateLPM
 .text.HAL_RCC_ClockConfig
                0x0000000008004d10      0x1cc ./Drivers/STM32F4xx_HAL_Driver/Src/stm32f4xx_hal_rcc.o
                0x0000000008004d10                HAL_RCC_ClockConfig
 .text.HAL_RCC_GetHCLKFreq
                0x0000000008004edc       0x18 ./Drivers/STM32F4xx_HAL_Driver/Src/stm32f4xx_hal_rcc.o
                0x0000000008004edc                HAL_RCC_GetHCLKFreq
 .text.HAL_RCC_GetPCLK1Freq
                0x0000000008004ef4       0x28 ./Drivers/STM32F4xx_HAL_Driver/Src/stm32f4xx_hal_rcc.o
                0x0000000008004ef4                HAL_RCC_GetPCLK1Freq
 .text.HAL_RCC_GetPCLK2Freq
                0x0000000008004f1c       0x28 ./Drivers/STM32F4xx_HAL_Driver/Src/stm32f4xx_hal_rcc.o
                0x0000000008004f1c                HAL_RCC_GetPCLK2Freq
 .text.HAL_RCCEx_PeriphCLKConfig
                0x0000000008004f44      0x654 ./Drivers/STM32F4xx_HAL_Driver/Src/stm32f4xx_hal_rcc_ex.o
                0x0000000008004f44                HAL_RCCEx_PeriphCLKConfig
 .text.HAL_RCC_GetSysClockFreq
                0x0000000008005598      0x460 ./Drivers/STM32F4xx_HAL_Driver/Src/stm32f4xx_hal_rcc_ex.o
                0x0000000008005598                HAL_RCC_GetSysClockFreq
 .text.HAL_RCC_OscConfig
                0x00000000080059f8      0x53c ./Drivers/STM32F4xx_HAL_Driver/Src/stm32f4xx_hal_rcc_ex.o
                0x00000000080059f8                HAL_RCC_OscConfig
 .text.HAL_SPI_Init
                0x0000000008005f34      0x112 ./Drivers/STM32F4xx_HAL_Driver/Src/stm32f4xx_hal_spi.o
                0x0000000008005f34                HAL_SPI_Init
 .text.HAL_TIM_Base_Init
                0x0000000008006046       0x9e ./Drivers/STM32F4xx_HAL_Driver/Src/stm32f4xx_hal_tim.o
                0x0000000008006046                HAL_TIM_Base_Init
 .text.HAL_TIM_Base_Start
                0x00000000080060e4       0xd0 ./Drivers/STM32F4xx_HAL_Driver/Src/stm32f4xx_hal_tim.o
                0x00000000080060e4                HAL_TIM_Base_Start
 .text.HAL_TIM_ConfigClockSource
                0x00000000080061b4      0x18e ./Drivers/STM32F4xx_HAL_Driver/Src/stm32f4xx_hal_tim.o
                0x00000000080061b4                HAL_TIM_ConfigClockSource
 *fill*         0x0000000008006342        0x2 
 .text.TIM_Base_SetConfig
                0x0000000008006344      0x158 ./Drivers/STM32F4xx_HAL_Driver/Src/stm32f4xx_hal_tim.o
                0x0000000008006344                TIM_Base_SetConfig
 .text.TIM_TI1_ConfigInputStage
                0x000000000800649c       0x5e ./Drivers/STM32F4xx_HAL_Driver/Src/stm32f4xx_hal_tim.o
 .text.TIM_TI2_ConfigInputStage
                0x00000000080064fa       0x60 ./Drivers/STM32F4xx_HAL_Driver/Src/stm32f4xx_hal_tim.o
 .text.TIM_ITRx_SetConfig
                0x000000000800655a       0x36 ./Drivers/STM32F4xx_HAL_Driver/Src/stm32f4xx_hal_tim.o
 .text.TIM_ETR_SetConfig
                0x0000000008006590       0x40 ./Drivers/STM32F4xx_HAL_Driver/Src/stm32f4xx_hal_tim.o
                0x0000000008006590                TIM_ETR_SetConfig
 .text.HAL_TIMEx_MasterConfigSynchronization
                0x00000000080065d0       0xf8 ./Drivers/STM32F4xx_HAL_Driver/Src/stm32f4xx_hal_tim_ex.o
                0x00000000080065d0                HAL_TIMEx_MasterConfigSynchronization
 .text.HAL_UART_Init
                0x00000000080066c8       0xa0 ./Drivers/STM32F4xx_HAL_Driver/Src/stm32f4xx_hal_uart.o
                0x00000000080066c8                HAL_UART_Init
 .text.HAL_UART_Transmit
                0x0000000008006768      0x116 ./Drivers/STM32F4xx_HAL_Driver/Src/stm32f4xx_hal_uart.o
                0x0000000008006768                HAL_UART_Transmit
 *fill*         0x000000000800687e        0x2 
 .text.HAL_UART_IRQHandler
                0x0000000008006880      0x524 ./Drivers/STM32F4xx_HAL_Driver/Src/stm32f4xx_hal_uart.o
                0x0000000008006880                HAL_UART_IRQHandler
 .text.HAL_UART_TxCpltCallback
                0x0000000008006da4       0x14 ./Drivers/STM32F4xx_HAL_Driver/Src/stm32f4xx_hal_uart.o
                0x0000000008006da4                HAL_UART_TxCpltCallback
 .text.HAL_UART_RxCpltCallback
                0x0000000008006db8       0x14 ./Drivers/STM32F4xx_HAL_Driver/Src/stm32f4xx_hal_uart.o
                0x0000000008006db8                HAL_UART_RxCpltCallback
 .text.HAL_UART_ErrorCallback
                0x0000000008006dcc       0x14 ./Drivers/STM32F4xx_HAL_Driver/Src/stm32f4xx_hal_uart.o
                0x0000000008006dcc                HAL_UART_ErrorCallback
 .text.HAL_UARTEx_RxEventCallback
                0x0000000008006de0       0x18 ./Drivers/STM32F4xx_HAL_Driver/Src/stm32f4xx_hal_uart.o
                0x0000000008006de0                HAL_UARTEx_RxEventCallback
 .text.UART_WaitOnFlagUntilTimeout
                0x0000000008006df8       0xb2 ./Drivers/STM32F4xx_HAL_Driver/Src/stm32f4xx_hal_uart.o
 .text.UART_EndRxTransfer
                0x0000000008006eaa       0xc6 ./Drivers/STM32F4xx_HAL_Driver/Src/stm32f4xx_hal_uart.o
 .text.UART_DMAAbortOnError
                0x0000000008006f70       0x28 ./Drivers/STM32F4xx_HAL_Driver/Src/stm32f4xx_hal_uart.o
 .text.UART_Transmit_IT
                0x0000000008006f98       0xa0 ./Drivers/STM32F4xx_HAL_Driver/Src/stm32f4xx_hal_uart.o
 .text.UART_EndTransmit_IT
                0x0000000008007038       0x30 ./Drivers/STM32F4xx_HAL_Driver/Src/stm32f4xx_hal_uart.o
 .text.UART_Receive_IT
                0x0000000008007068      0x17c ./Drivers/STM32F4xx_HAL_Driver/Src/stm32f4xx_hal_uart.o
 .text.UART_SetConfig
                0x00000000080071e4      0x4e8 ./Drivers/STM32F4xx_HAL_Driver/Src/stm32f4xx_hal_uart.o
 .text.USB_CoreInit
                0x00000000080076cc       0xc8 ./Drivers/STM32F4xx_HAL_Driver/Src/stm32f4xx_ll_usb.o
                0x00000000080076cc                USB_CoreInit
 .text.USB_SetTurnaroundTime
                0x0000000008007794      0x144 ./Drivers/STM32F4xx_HAL_Driver/Src/stm32f4xx_ll_usb.o
                0x0000000008007794                USB_SetTurnaroundTime
 .text.USB_EnableGlobalInt
                0x00000000080078d8       0x22 ./Drivers/STM32F4xx_HAL_Driver/Src/stm32f4xx_ll_usb.o
                0x00000000080078d8                USB_EnableGlobalInt
 .text.USB_DisableGlobalInt
                0x00000000080078fa       0x22 ./Drivers/STM32F4xx_HAL_Driver/Src/stm32f4xx_ll_usb.o
                0x00000000080078fa                USB_DisableGlobalInt
 .text.USB_SetCurrentMode
                0x000000000800791c       0x98 ./Drivers/STM32F4xx_HAL_Driver/Src/stm32f4xx_ll_usb.o
                0x000000000800791c                USB_SetCurrentMode
 .text.USB_DevInit
                0x00000000080079b4      0x2bc ./Drivers/STM32F4xx_HAL_Driver/Src/stm32f4xx_ll_usb.o
                0x00000000080079b4                USB_DevInit
 .text.USB_FlushTxFifo
                0x0000000008007c70       0x64 ./Drivers/STM32F4xx_HAL_Driver/Src/stm32f4xx_ll_usb.o
                0x0000000008007c70                USB_FlushTxFifo
 .text.USB_FlushRxFifo
                0x0000000008007cd4       0x5c ./Drivers/STM32F4xx_HAL_Driver/Src/stm32f4xx_ll_usb.o
                0x0000000008007cd4                USB_FlushRxFifo
 .text.USB_SetDevSpeed
                0x0000000008007d30       0x32 ./Drivers/STM32F4xx_HAL_Driver/Src/stm32f4xx_ll_usb.o
                0x0000000008007d30                USB_SetDevSpeed
 .text.USB_GetDevSpeed
                0x0000000008007d62       0x4a ./Drivers/STM32F4xx_HAL_Driver/Src/stm32f4xx_ll_usb.o
                0x0000000008007d62                USB_GetDevSpeed
 .text.USB_ActivateEndpoint
                0x0000000008007dac      0x10e ./Drivers/STM32F4xx_HAL_Driver/Src/stm32f4xx_ll_usb.o
                0x0000000008007dac                USB_ActivateEndpoint
 *fill*         0x0000000008007eba        0x2 
 .text.USB_DeactivateEndpoint
                0x0000000008007ebc      0x1b8 ./Drivers/STM32F4xx_HAL_Driver/Src/stm32f4xx_ll_usb.o
                0x0000000008007ebc                USB_DeactivateEndpoint
 .text.USB_EPStartXfer
                0x0000000008008074      0x53c ./Drivers/STM32F4xx_HAL_Driver/Src/stm32f4xx_ll_usb.o
                0x0000000008008074                USB_EPStartXfer
 .text.USB_EPStopXfer
                0x00000000080085b0      0x154 ./Drivers/STM32F4xx_HAL_Driver/Src/stm32f4xx_ll_usb.o
                0x00000000080085b0                USB_EPStopXfer
 .text.USB_WritePacket
                0x0000000008008704       0x7c ./Drivers/STM32F4xx_HAL_Driver/Src/stm32f4xx_ll_usb.o
                0x0000000008008704                USB_WritePacket
 .text.USB_ReadPacket
                0x0000000008008780       0xb0 ./Drivers/STM32F4xx_HAL_Driver/Src/stm32f4xx_ll_usb.o
                0x0000000008008780                USB_ReadPacket
 .text.USB_EPSetStall
                0x0000000008008830       0xdc ./Drivers/STM32F4xx_HAL_Driver/Src/stm32f4xx_ll_usb.o
                0x0000000008008830                USB_EPSetStall
 .text.USB_EPClearStall
                0x000000000800890c       0xcc ./Drivers/STM32F4xx_HAL_Driver/Src/stm32f4xx_ll_usb.o
                0x000000000800890c                USB_EPClearStall
 .text.USB_SetDevAddress
                0x00000000080089d8       0x4c ./Drivers/STM32F4xx_HAL_Driver/Src/stm32f4xx_ll_usb.o
                0x00000000080089d8                USB_SetDevAddress
 .text.USB_DevConnect
                0x0000000008008a24       0x42 ./Drivers/STM32F4xx_HAL_Driver/Src/stm32f4xx_ll_usb.o
                0x0000000008008a24                USB_DevConnect
 .text.USB_DevDisconnect
                0x0000000008008a66       0x42 ./Drivers/STM32F4xx_HAL_Driver/Src/stm32f4xx_ll_usb.o
                0x0000000008008a66                USB_DevDisconnect
 .text.USB_ReadInterrupts
                0x0000000008008aa8       0x26 ./Drivers/STM32F4xx_HAL_Driver/Src/stm32f4xx_ll_usb.o
                0x0000000008008aa8                USB_ReadInterrupts
 .text.USB_ReadDevAllOutEpInterrupt
                0x0000000008008ace       0x34 ./Drivers/STM32F4xx_HAL_Driver/Src/stm32f4xx_ll_usb.o
                0x0000000008008ace                USB_ReadDevAllOutEpInterrupt
 .text.USB_ReadDevAllInEpInterrupt
                0x0000000008008b02       0x34 ./Drivers/STM32F4xx_HAL_Driver/Src/stm32f4xx_ll_usb.o
                0x0000000008008b02                USB_ReadDevAllInEpInterrupt
 .text.USB_ReadDevOutEPInterrupt
                0x0000000008008b36       0x3c ./Drivers/STM32F4xx_HAL_Driver/Src/stm32f4xx_ll_usb.o
                0x0000000008008b36                USB_ReadDevOutEPInterrupt
 .text.USB_ReadDevInEPInterrupt
                0x0000000008008b72       0x5c ./Drivers/STM32F4xx_HAL_Driver/Src/stm32f4xx_ll_usb.o
                0x0000000008008b72                USB_ReadDevInEPInterrupt
 .text.USB_GetMode
                0x0000000008008bce       0x1c ./Drivers/STM32F4xx_HAL_Driver/Src/stm32f4xx_ll_usb.o
                0x0000000008008bce                USB_GetMode
 .text.USB_ActivateSetup
                0x0000000008008bea       0x46 ./Drivers/STM32F4xx_HAL_Driver/Src/stm32f4xx_ll_usb.o
                0x0000000008008bea                USB_ActivateSetup
 .text.USB_EP0_OutStart
                0x0000000008008c30       0xbc ./Drivers/STM32F4xx_HAL_Driver/Src/stm32f4xx_ll_usb.o
                0x0000000008008c30                USB_EP0_OutStart
 .text.USB_CoreReset
                0x0000000008008cec       0x62 ./Drivers/STM32F4xx_HAL_Driver/Src/stm32f4xx_ll_usb.o
 *fill*         0x0000000008008d4e        0x2 
 .text.USBD_CDC_Init
                0x0000000008008d50      0x1f0 ./Middlewares/ST/STM32_USB_Device_Library/Class/CDC/Src/usbd_cdc.o
 .text.USBD_CDC_DeInit
                0x0000000008008f40      0x104 ./Middlewares/ST/STM32_USB_Device_Library/Class/CDC/Src/usbd_cdc.o
 .text.USBD_CDC_Setup
                0x0000000008009044      0x1b8 ./Middlewares/ST/STM32_USB_Device_Library/Class/CDC/Src/usbd_cdc.o
 .text.USBD_CDC_DataIn
                0x00000000080091fc       0xfe ./Middlewares/ST/STM32_USB_Device_Library/Class/CDC/Src/usbd_cdc.o
 .text.USBD_CDC_DataOut
                0x00000000080092fa       0x70 ./Middlewares/ST/STM32_USB_Device_Library/Class/CDC/Src/usbd_cdc.o
 .text.USBD_CDC_EP0_RxReady
                0x000000000800936a       0x76 ./Middlewares/ST/STM32_USB_Device_Library/Class/CDC/Src/usbd_cdc.o
 .text.USBD_CDC_GetFSCfgDesc
                0x00000000080093e0       0x70 ./Middlewares/ST/STM32_USB_Device_Library/Class/CDC/Src/usbd_cdc.o
 .text.USBD_CDC_GetHSCfgDesc
                0x0000000008009450       0x70 ./Middlewares/ST/STM32_USB_Device_Library/Class/CDC/Src/usbd_cdc.o
 .text.USBD_CDC_GetOtherSpeedCfgDesc
                0x00000000080094c0       0x70 ./Middlewares/ST/STM32_USB_Device_Library/Class/CDC/Src/usbd_cdc.o
 .text.USBD_CDC_GetDeviceQualifierDescriptor
                0x0000000008009530       0x20 ./Middlewares/ST/STM32_USB_Device_Library/Class/CDC/Src/usbd_cdc.o
                0x0000000008009530                USBD_CDC_GetDeviceQualifierDescriptor
 .text.USBD_CDC_RegisterInterface
                0x0000000008009550       0x34 ./Middlewares/ST/STM32_USB_Device_Library/Class/CDC/Src/usbd_cdc.o
                0x0000000008009550                USBD_CDC_RegisterInterface
 .text.USBD_CDC_SetTxBuffer
                0x0000000008009584       0x44 ./Middlewares/ST/STM32_USB_Device_Library/Class/CDC/Src/usbd_cdc.o
                0x0000000008009584                USBD_CDC_SetTxBuffer
 .text.USBD_CDC_SetRxBuffer
                0x00000000080095c8       0x3a ./Middlewares/ST/STM32_USB_Device_Library/Class/CDC/Src/usbd_cdc.o
                0x00000000080095c8                USBD_CDC_SetRxBuffer
 *fill*         0x0000000008009602        0x2 
 .text.USBD_CDC_TransmitPacket
                0x0000000008009604       0x80 ./Middlewares/ST/STM32_USB_Device_Library/Class/CDC/Src/usbd_cdc.o
                0x0000000008009604                USBD_CDC_TransmitPacket
 .text.USBD_CDC_ReceivePacket
                0x0000000008009684       0x6c ./Middlewares/ST/STM32_USB_Device_Library/Class/CDC/Src/usbd_cdc.o
                0x0000000008009684                USBD_CDC_ReceivePacket
 .text.USBD_Init
                0x00000000080096f0       0x60 ./Middlewares/ST/STM32_USB_Device_Library/Core/Src/usbd_core.o
                0x00000000080096f0                USBD_Init
 .text.USBD_RegisterClass
                0x0000000008009750       0x6c ./Middlewares/ST/STM32_USB_Device_Library/Core/Src/usbd_core.o
                0x0000000008009750                USBD_RegisterClass
 .text.USBD_Start
                0x00000000080097bc       0x18 ./Middlewares/ST/STM32_USB_Device_Library/Core/Src/usbd_core.o
                0x00000000080097bc                USBD_Start
 .text.USBD_RunTestMode
                0x00000000080097d4       0x16 ./Middlewares/ST/STM32_USB_Device_Library/Core/Src/usbd_core.o
                0x00000000080097d4                USBD_RunTestMode
 .text.USBD_SetClassConfig
                0x00000000080097ea       0x38 ./Middlewares/ST/STM32_USB_Device_Library/Core/Src/usbd_core.o
                0x00000000080097ea                USBD_SetClassConfig
 .text.USBD_ClrClassConfig
                0x0000000008009822       0x34 ./Middlewares/ST/STM32_USB_Device_Library/Core/Src/usbd_core.o
                0x0000000008009822                USBD_ClrClassConfig
 .text.USBD_LL_SetupStage
                0x0000000008009856       0xaa ./Middlewares/ST/STM32_USB_Device_Library/Core/Src/usbd_core.o
                0x0000000008009856                USBD_LL_SetupStage
 .text.USBD_LL_DataOutStage
                0x0000000008009900      0x166 ./Middlewares/ST/STM32_USB_Device_Library/Core/Src/usbd_core.o
                0x0000000008009900                USBD_LL_DataOutStage
 .text.USBD_LL_DataInStage
                0x0000000008009a66      0x164 ./Middlewares/ST/STM32_USB_Device_Library/Core/Src/usbd_core.o
                0x0000000008009a66                USBD_LL_DataInStage
 .text.USBD_LL_Reset
                0x0000000008009bca       0xa4 ./Middlewares/ST/STM32_USB_Device_Library/Core/Src/usbd_core.o
                0x0000000008009bca                USBD_LL_Reset
 .text.USBD_LL_SetSpeed
                0x0000000008009c6e       0x20 ./Middlewares/ST/STM32_USB_Device_Library/Core/Src/usbd_core.o
                0x0000000008009c6e                USBD_LL_SetSpeed
 .text.USBD_LL_Suspend
                0x0000000008009c8e       0x38 ./Middlewares/ST/STM32_USB_Device_Library/Core/Src/usbd_core.o
                0x0000000008009c8e                USBD_LL_Suspend
 .text.USBD_LL_Resume
                0x0000000008009cc6       0x30 ./Middlewares/ST/STM32_USB_Device_Library/Core/Src/usbd_core.o
                0x0000000008009cc6                USBD_LL_Resume
 .text.USBD_LL_SOF
                0x0000000008009cf6       0x40 ./Middlewares/ST/STM32_USB_Device_Library/Core/Src/usbd_core.o
                0x0000000008009cf6                USBD_LL_SOF
 .text.USBD_LL_IsoINIncomplete
                0x0000000008009d36       0x64 ./Middlewares/ST/STM32_USB_Device_Library/Core/Src/usbd_core.o
                0x0000000008009d36                USBD_LL_IsoINIncomplete
 .text.USBD_LL_IsoOUTIncomplete
                0x0000000008009d9a       0x64 ./Middlewares/ST/STM32_USB_Device_Library/Core/Src/usbd_core.o
                0x0000000008009d9a                USBD_LL_IsoOUTIncomplete
 .text.USBD_LL_DevConnected
                0x0000000008009dfe       0x16 ./Middlewares/ST/STM32_USB_Device_Library/Core/Src/usbd_core.o
                0x0000000008009dfe                USBD_LL_DevConnected
 .text.USBD_LL_DevDisconnected
                0x0000000008009e14       0x46 ./Middlewares/ST/STM32_USB_Device_Library/Core/Src/usbd_core.o
                0x0000000008009e14                USBD_LL_DevDisconnected
 .text.USBD_CoreFindIF
                0x0000000008009e5a       0x1a ./Middlewares/ST/STM32_USB_Device_Library/Core/Src/usbd_core.o
                0x0000000008009e5a                USBD_CoreFindIF
 .text.USBD_CoreFindEP
                0x0000000008009e74       0x1a ./Middlewares/ST/STM32_USB_Device_Library/Core/Src/usbd_core.o
                0x0000000008009e74                USBD_CoreFindEP
 .text.USBD_GetEpDesc
                0x0000000008009e8e       0x74 ./Middlewares/ST/STM32_USB_Device_Library/Core/Src/usbd_core.o
                0x0000000008009e8e                USBD_GetEpDesc
 .text.USBD_GetNextDesc
                0x0000000008009f02       0x3a ./Middlewares/ST/STM32_USB_Device_Library/Core/Src/usbd_core.o
                0x0000000008009f02                USBD_GetNextDesc
 .text.SWAPBYTE
                0x0000000008009f3c       0x3c ./Middlewares/ST/STM32_USB_Device_Library/Core/Src/usbd_ctlreq.o
 .text.USBD_StdDevReq
                0x0000000008009f78       0xe4 ./Middlewares/ST/STM32_USB_Device_Library/Core/Src/usbd_ctlreq.o
                0x0000000008009f78                USBD_StdDevReq
 .text.USBD_StdItfReq
                0x000000000800a05c       0xd8 ./Middlewares/ST/STM32_USB_Device_Library/Core/Src/usbd_ctlreq.o
                0x000000000800a05c                USBD_StdItfReq
 .text.USBD_StdEPReq
                0x000000000800a134      0x33a ./Middlewares/ST/STM32_USB_Device_Library/Core/Src/usbd_ctlreq.o
                0x000000000800a134                USBD_StdEPReq
 *fill*         0x000000000800a46e        0x2 
 .text.USBD_GetDescriptor
                0x000000000800a470      0x328 ./Middlewares/ST/STM32_USB_Device_Library/Core/Src/usbd_ctlreq.o
 .text.USBD_SetAddress
                0x000000000800a798       0x88 ./Middlewares/ST/STM32_USB_Device_Library/Core/Src/usbd_ctlreq.o
 .text.USBD_SetConfig
                0x000000000800a820      0x154 ./Middlewares/ST/STM32_USB_Device_Library/Core/Src/usbd_ctlreq.o
 .text.USBD_GetConfig
                0x000000000800a974       0x6c ./Middlewares/ST/STM32_USB_Device_Library/Core/Src/usbd_ctlreq.o
 .text.USBD_GetStatus
                0x000000000800a9e0       0x68 ./Middlewares/ST/STM32_USB_Device_Library/Core/Src/usbd_ctlreq.o
 .text.USBD_SetFeature
                0x000000000800aa48       0x52 ./Middlewares/ST/STM32_USB_Device_Library/Core/Src/usbd_ctlreq.o
 .text.USBD_ClrFeature
                0x000000000800aa9a       0x44 ./Middlewares/ST/STM32_USB_Device_Library/Core/Src/usbd_ctlreq.o
 .text.USBD_ParseSetupRequest
                0x000000000800aade       0x74 ./Middlewares/ST/STM32_USB_Device_Library/Core/Src/usbd_ctlreq.o
                0x000000000800aade                USBD_ParseSetupRequest
 .text.USBD_CtlError
                0x000000000800ab52       0x22 ./Middlewares/ST/STM32_USB_Device_Library/Core/Src/usbd_ctlreq.o
                0x000000000800ab52                USBD_CtlError
 .text.USBD_GetString
                0x000000000800ab74       0xa4 ./Middlewares/ST/STM32_USB_Device_Library/Core/Src/usbd_ctlreq.o
                0x000000000800ab74                USBD_GetString
 .text.USBD_GetLen
                0x000000000800ac18       0x34 ./Middlewares/ST/STM32_USB_Device_Library/Core/Src/usbd_ctlreq.o
 .text.USBD_CtlSendData
                0x000000000800ac4c       0x36 ./Middlewares/ST/STM32_USB_Device_Library/Core/Src/usbd_ioreq.o
                0x000000000800ac4c                USBD_CtlSendData
 .text.USBD_CtlContinueSendData
                0x000000000800ac82       0x22 ./Middlewares/ST/STM32_USB_Device_Library/Core/Src/usbd_ioreq.o
                0x000000000800ac82                USBD_CtlContinueSendData
 .text.USBD_CtlPrepareRx
                0x000000000800aca4       0x3a ./Middlewares/ST/STM32_USB_Device_Library/Core/Src/usbd_ioreq.o
                0x000000000800aca4                USBD_CtlPrepareRx
 .text.USBD_CtlContinueRx
                0x000000000800acde       0x22 ./Middlewares/ST/STM32_USB_Device_Library/Core/Src/usbd_ioreq.o
                0x000000000800acde                USBD_CtlContinueRx
 .text.USBD_CtlSendStatus
                0x000000000800ad00       0x26 ./Middlewares/ST/STM32_USB_Device_Library/Core/Src/usbd_ioreq.o
                0x000000000800ad00                USBD_CtlSendStatus
 .text.USBD_CtlReceiveStatus
                0x000000000800ad26       0x26 ./Middlewares/ST/STM32_USB_Device_Library/Core/Src/usbd_ioreq.o
                0x000000000800ad26                USBD_CtlReceiveStatus
 .text.delayInit
                0x000000000800ad4c       0x48 ./Proyecto/API/Src/API_delay.o
                0x000000000800ad4c                delayInit
 .text.delayRead
                0x000000000800ad94       0x74 ./Proyecto/API/Src/API_delay.o
                0x000000000800ad94                delayRead
 .text.delayWrite
                0x000000000800ae08       0x38 ./Proyecto/API/Src/API_delay.o
                0x000000000800ae08                delayWrite
 .text.on_initializing
                0x000000000800ae40       0x70 ./Proyecto/app/app.o
 .text.on_idle  0x000000000800aeb0       0x34 ./Proyecto/app/app.o
 .text.on_monitoring
                0x000000000800aee4       0xa8 ./Proyecto/app/app.o
 .text.on_usb_command
                0x000000000800af8c      0x228 ./Proyecto/app/app.o
 .text.app_entry_point
                0x000000000800b1b4       0x44 ./Proyecto/app/app.o
                0x000000000800b1b4                app_entry_point
 .text.HAL_ADC_ConvCpltCallback
                0x000000000800b1f8       0x98 ./Proyecto/app/app_isr.o
                0x000000000800b1f8                HAL_ADC_ConvCpltCallback
 .text.eeprom_init
                0x000000000800b290       0x9e ./Proyecto/drivers/eeprom/eeprom.o
                0x000000000800b290                eeprom_init
 .text.eeprom_read_thresholds
                0x000000000800b32e       0x5a ./Proyecto/drivers/eeprom/eeprom.o
                0x000000000800b32e                eeprom_read_thresholds
 .text.eeprom_write_thresholds
                0x000000000800b388       0x48 ./Proyecto/drivers/eeprom/eeprom.o
                0x000000000800b388                eeprom_write_thresholds
 .text.eeprom_log_high_event
                0x000000000800b3d0       0xf4 ./Proyecto/drivers/eeprom/eeprom.o
                0x000000000800b3d0                eeprom_log_high_event
 .text.eeprom_read_log
                0x000000000800b4c4       0xfc ./Proyecto/drivers/eeprom/eeprom.o
                0x000000000800b4c4                eeprom_read_log
 .text.bcd2bin  0x000000000800b5c0       0x32 ./Proyecto/drivers/rtc/rtc.o
 *fill*         0x000000000800b5f2        0x2 
 .text.bin2bcd  0x000000000800b5f4       0x48 ./Proyecto/drivers/rtc/rtc.o
 .text.rtc_init
                0x000000000800b63c       0x44 ./Proyecto/drivers/rtc/rtc.o
                0x000000000800b63c                rtc_init
 .text.rtc_get_datetime
                0x000000000800b680       0xc4 ./Proyecto/drivers/rtc/rtc.o
                0x000000000800b680                rtc_get_datetime
 .text.rtc_set_datetime
                0x000000000800b744       0xa4 ./Proyecto/drivers/rtc/rtc.o
                0x000000000800b744                rtc_set_datetime
 .text.debug_uart_print
                0x000000000800b7e8       0x44 ./Proyecto/drivers/uart/debug_uart.o
                0x000000000800b7e8                debug_uart_print
 .text.usb_cdc_init
                0x000000000800b82c       0x20 ./Proyecto/drivers/usb_cdc/usb_cdc.o
                0x000000000800b82c                usb_cdc_init
 .text.usb_cdc_receiveCallback
                0x000000000800b84c       0x94 ./Proyecto/drivers/usb_cdc/usb_cdc.o
                0x000000000800b84c                usb_cdc_receiveCallback
 .text.usb_cdc_isCommandPending
                0x000000000800b8e0       0x18 ./Proyecto/drivers/usb_cdc/usb_cdc.o
                0x000000000800b8e0                usb_cdc_isCommandPending
 .text.usb_cdc_getCommand
                0x000000000800b8f8       0x14 ./Proyecto/drivers/usb_cdc/usb_cdc.o
                0x000000000800b8f8                usb_cdc_getCommand
 .text.usb_cdc_clearCommand
                0x000000000800b90c       0x20 ./Proyecto/drivers/usb_cdc/usb_cdc.o
                0x000000000800b90c                usb_cdc_clearCommand
 .text.usb_cdc_sendString
                0x000000000800b92c       0x26 ./Proyecto/drivers/usb_cdc/usb_cdc.o
                0x000000000800b92c                usb_cdc_sendString
 .text.usb_commands_init
                0x000000000800b952        0xc ./Proyecto/drivers/usb_cdc/usb_commands.o
                0x000000000800b952                usb_commands_init
 .text.usb_commands_pending
                0x000000000800b95e        0xe ./Proyecto/drivers/usb_cdc/usb_commands.o
                0x000000000800b95e                usb_commands_pending
 .text.parse_settime_args
                0x000000000800b96c       0x80 ./Proyecto/drivers/usb_cdc/usb_commands.o
 .text.usb_commands_get
                0x000000000800b9ec       0xd0 ./Proyecto/drivers/usb_cdc/usb_commands.o
                0x000000000800b9ec                usb_commands_get
 .text.usb_commands_print_help
                0x000000000800babc       0x14 ./Proyecto/drivers/usb_cdc/usb_commands.o
                0x000000000800babc                usb_commands_print_help
 .text.eeprom_read
                0x000000000800bad0       0x44 ./Proyecto/ports/port_eeprom/port_eeprom.o
                0x000000000800bad0                eeprom_read
 .text.eeprom_write
                0x000000000800bb14       0x48 ./Proyecto/ports/port_eeprom/port_eeprom.o
                0x000000000800bb14                eeprom_write
 .text.port_rtc_init
                0x000000000800bb5c       0x10 ./Proyecto/ports/port_rtc/port_rtc.o
                0x000000000800bb5c                port_rtc_init
 .text.port_rtc_read
                0x000000000800bb6c       0x44 ./Proyecto/ports/port_rtc/port_rtc.o
                0x000000000800bb6c                port_rtc_read
 .text.port_rtc_write
                0x000000000800bbb0       0x4c ./Proyecto/ports/port_rtc/port_rtc.o
                0x000000000800bbb0                port_rtc_write
 .text.port_usb_cdc_transmit
                0x000000000800bbfc       0x20 ./Proyecto/ports/port_usb_cdc/port_usb_cdc.o
                0x000000000800bbfc                port_usb_cdc_transmit
 .text.project_main
                0x000000000800bc1c        0xc ./Proyecto/proyecto.o
                0x000000000800bc1c                project_main
 .text.MX_USB_DEVICE_Init
                0x000000000800bc28       0x60 ./USB_DEVICE/App/usb_device.o
                0x000000000800bc28                MX_USB_DEVICE_Init
 .text.CDC_Init_FS
                0x000000000800bc88       0x28 ./USB_DEVICE/App/usbd_cdc_if.o
 .text.CDC_DeInit_FS
                0x000000000800bcb0       0x10 ./USB_DEVICE/App/usbd_cdc_if.o
 .text.CDC_Control_FS
                0x000000000800bcc0       0xbc ./USB_DEVICE/App/usbd_cdc_if.o
 .text.CDC_Receive_FS
                0x000000000800bd7c       0x3c ./USB_DEVICE/App/usbd_cdc_if.o
 .text.CDC_Transmit_FS
                0x000000000800bdb8       0x4c ./USB_DEVICE/App/usbd_cdc_if.o
                0x000000000800bdb8                CDC_Transmit_FS
 .text.CDC_TransmitCplt_FS
                0x000000000800be04       0x22 ./USB_DEVICE/App/usbd_cdc_if.o
 *fill*         0x000000000800be26        0x2 
 .text.USBD_FS_DeviceDescriptor
                0x000000000800be28       0x24 ./USB_DEVICE/App/usbd_desc.o
                0x000000000800be28                USBD_FS_DeviceDescriptor
 .text.USBD_FS_LangIDStrDescriptor
                0x000000000800be4c       0x24 ./USB_DEVICE/App/usbd_desc.o
                0x000000000800be4c                USBD_FS_LangIDStrDescriptor
 .text.USBD_FS_ProductStrDescriptor
                0x000000000800be70       0x3c ./USB_DEVICE/App/usbd_desc.o
                0x000000000800be70                USBD_FS_ProductStrDescriptor
 .text.USBD_FS_ManufacturerStrDescriptor
                0x000000000800beac       0x28 ./USB_DEVICE/App/usbd_desc.o
                0x000000000800beac                USBD_FS_ManufacturerStrDescriptor
 .text.USBD_FS_SerialStrDescriptor
                0x000000000800bed4       0x24 ./USB_DEVICE/App/usbd_desc.o
                0x000000000800bed4                USBD_FS_SerialStrDescriptor
 .text.USBD_FS_ConfigStrDescriptor
                0x000000000800bef8       0x3c ./USB_DEVICE/App/usbd_desc.o
                0x000000000800bef8                USBD_FS_ConfigStrDescriptor
 .text.USBD_FS_InterfaceStrDescriptor
                0x000000000800bf34       0x3c ./USB_DEVICE/App/usbd_desc.o
                0x000000000800bf34                USBD_FS_InterfaceStrDescriptor
 .text.USBD_FS_USR_BOSDescriptor
                0x000000000800bf70       0x24 ./USB_DEVICE/App/usbd_desc.o
                0x000000000800bf70                USBD_FS_USR_BOSDescriptor
 .text.Get_SerialNum
                0x000000000800bf94       0x58 ./USB_DEVICE/App/usbd_desc.o
 .text.IntToUnicode
                0x000000000800bfec       0x7e ./USB_DEVICE/App/usbd_desc.o
 *fill*         0x000000000800c06a        0x2 
 .text.HAL_PCD_MspInit
                0x000000000800c06c       0xd4 ./USB_DEVICE/Target/usbd_conf.o
                0x000000000800c06c                HAL_PCD_MspInit
 .text.HAL_PCD_SetupStageCallback
                0x000000000800c140       0x24 ./USB_DEVICE/Target/usbd_conf.o
                0x000000000800c140                HAL_PCD_SetupStageCallback
 .text.HAL_PCD_DataOutStageCallback
                0x000000000800c164       0x36 ./USB_DEVICE/Target/usbd_conf.o
                0x000000000800c164                HAL_PCD_DataOutStageCallback
 .text.HAL_PCD_DataInStageCallback
                0x000000000800c19a       0x34 ./USB_DEVICE/Target/usbd_conf.o
                0x000000000800c19a                HAL_PCD_DataInStageCallback
 .text.HAL_PCD_SOFCallback
                0x000000000800c1ce       0x1c ./USB_DEVICE/Target/usbd_conf.o
                0x000000000800c1ce                HAL_PCD_SOFCallback
 .text.HAL_PCD_ResetCallback
                0x000000000800c1ea       0x50 ./USB_DEVICE/Target/usbd_conf.o
                0x000000000800c1ea                HAL_PCD_ResetCallback
 *fill*         0x000000000800c23a        0x2 
 .text.HAL_PCD_SuspendCallback
                0x000000000800c23c       0x4c ./USB_DEVICE/Target/usbd_conf.o
                0x000000000800c23c                HAL_PCD_SuspendCallback
 .text.HAL_PCD_ResumeCallback
                0x000000000800c288       0x1c ./USB_DEVICE/Target/usbd_conf.o
                0x000000000800c288                HAL_PCD_ResumeCallback
 .text.HAL_PCD_ISOOUTIncompleteCallback
                0x000000000800c2a4       0x24 ./USB_DEVICE/Target/usbd_conf.o
                0x000000000800c2a4                HAL_PCD_ISOOUTIncompleteCallback
 .text.HAL_PCD_ISOINIncompleteCallback
                0x000000000800c2c8       0x24 ./USB_DEVICE/Target/usbd_conf.o
                0x000000000800c2c8                HAL_PCD_ISOINIncompleteCallback
 .text.HAL_PCD_ConnectCallback
                0x000000000800c2ec       0x1c ./USB_DEVICE/Target/usbd_conf.o
                0x000000000800c2ec                HAL_PCD_ConnectCallback
 .text.HAL_PCD_DisconnectCallback
                0x000000000800c308       0x1c ./USB_DEVICE/Target/usbd_conf.o
                0x000000000800c308                HAL_PCD_DisconnectCallback
 .text.USBD_LL_Init
                0x000000000800c324       0x98 ./USB_DEVICE/Target/usbd_conf.o
                0x000000000800c324                USBD_LL_Init
 .text.USBD_LL_Start
                0x000000000800c3bc       0x36 ./USB_DEVICE/Target/usbd_conf.o
                0x000000000800c3bc                USBD_LL_Start
 .text.USBD_LL_OpenEP
                0x000000000800c3f2       0x4c ./USB_DEVICE/Target/usbd_conf.o
                0x000000000800c3f2                USBD_LL_OpenEP
 .text.USBD_LL_CloseEP
                0x000000000800c43e       0x3e ./USB_DEVICE/Target/usbd_conf.o
                0x000000000800c43e                USBD_LL_CloseEP
 .text.USBD_LL_StallEP
                0x000000000800c47c       0x3e ./USB_DEVICE/Target/usbd_conf.o
                0x000000000800c47c                USBD_LL_StallEP
 .text.USBD_LL_ClearStallEP
                0x000000000800c4ba       0x3e ./USB_DEVICE/Target/usbd_conf.o
                0x000000000800c4ba                USBD_LL_ClearStallEP
 .text.USBD_LL_IsStallEP
                0x000000000800c4f8       0x58 ./USB_DEVICE/Target/usbd_conf.o
                0x000000000800c4f8                USBD_LL_IsStallEP
 .text.USBD_LL_SetUSBAddress
                0x000000000800c550       0x3e ./USB_DEVICE/Target/usbd_conf.o
                0x000000000800c550                USBD_LL_SetUSBAddress
 .text.USBD_LL_Transmit
                0x000000000800c58e       0x42 ./USB_DEVICE/Target/usbd_conf.o
                0x000000000800c58e                USBD_LL_Transmit
 .text.USBD_LL_PrepareReceive
                0x000000000800c5d0       0x42 ./USB_DEVICE/Target/usbd_conf.o
                0x000000000800c5d0                USBD_LL_PrepareReceive
 .text.USBD_LL_GetRxDataSize
                0x000000000800c612       0x26 ./USB_DEVICE/Target/usbd_conf.o
                0x000000000800c612                USBD_LL_GetRxDataSize
 .text.HAL_PCDEx_LPM_Callback
                0x000000000800c638       0x9c ./USB_DEVICE/Target/usbd_conf.o
                0x000000000800c638                HAL_PCDEx_LPM_Callback
 .text.USBD_static_malloc
                0x000000000800c6d4       0x1c ./USB_DEVICE/Target/usbd_conf.o
                0x000000000800c6d4                USBD_static_malloc
 .text.USBD_static_free
                0x000000000800c6f0       0x14 ./USB_DEVICE/Target/usbd_conf.o
                0x000000000800c6f0                USBD_static_free
 .text.USBD_Get_USB_Status
                0x000000000800c704       0x58 ./USB_DEVICE/Target/usbd_conf.o
                0x000000000800c704                USBD_Get_USB_Status
 .text.__assert_func
                0x000000000800c75c       0x3c C:/ST/STM32CubeIDE_1.14.1/STM32CubeIDE/plugins/com.st.stm32cube.ide.mcu.externaltools.gnu-tools-for-stm32.11.3.rel1.win32_1.1.100.202309141235/tools/bin/../lib/gcc/arm-none-eabi/11.3.1/../../../../arm-none-eabi/lib/thumb/v7e-m+fp/hard\libc_nano.a(libc_a-assert.o)
                0x000000000800c75c                __assert_func
 .text.std      0x000000000800c798       0x6c C:/ST/STM32CubeIDE_1.14.1/STM32CubeIDE/plugins/com.st.stm32cube.ide.mcu.externaltools.gnu-tools-for-stm32.11.3.rel1.win32_1.1.100.202309141235/tools/bin/../lib/gcc/arm-none-eabi/11.3.1/../../../../arm-none-eabi/lib/thumb/v7e-m+fp/hard\libc_nano.a(libc_a-findfp.o)
 .text.stdio_exit_handler
                0x000000000800c804       0x18 C:/ST/STM32CubeIDE_1.14.1/STM32CubeIDE/plugins/com.st.stm32cube.ide.mcu.externaltools.gnu-tools-for-stm32.11.3.rel1.win32_1.1.100.202309141235/tools/bin/../lib/gcc/arm-none-eabi/11.3.1/../../../../arm-none-eabi/lib/thumb/v7e-m+fp/hard\libc_nano.a(libc_a-findfp.o)
 .text.cleanup_stdio
                0x000000000800c81c       0x40 C:/ST/STM32CubeIDE_1.14.1/STM32CubeIDE/plugins/com.st.stm32cube.ide.mcu.externaltools.gnu-tools-for-stm32.11.3.rel1.win32_1.1.100.202309141235/tools/bin/../lib/gcc/arm-none-eabi/11.3.1/../../../../arm-none-eabi/lib/thumb/v7e-m+fp/hard\libc_nano.a(libc_a-findfp.o)
 .text.global_stdio_init.part.0
                0x000000000800c85c       0x3c C:/ST/STM32CubeIDE_1.14.1/STM32CubeIDE/plugins/com.st.stm32cube.ide.mcu.externaltools.gnu-tools-for-stm32.11.3.rel1.win32_1.1.100.202309141235/tools/bin/../lib/gcc/arm-none-eabi/11.3.1/../../../../arm-none-eabi/lib/thumb/v7e-m+fp/hard\libc_nano.a(libc_a-findfp.o)
 .text.__sfp_lock_acquire
                0x000000000800c898        0xc C:/ST/STM32CubeIDE_1.14.1/STM32CubeIDE/plugins/com.st.stm32cube.ide.mcu.externaltools.gnu-tools-for-stm32.11.3.rel1.win32_1.1.100.202309141235/tools/bin/../lib/gcc/arm-none-eabi/11.3.1/../../../../arm-none-eabi/lib/thumb/v7e-m+fp/hard\libc_nano.a(libc_a-findfp.o)
                0x000000000800c898                __sfp_lock_acquire
 .text.__sfp_lock_release
                0x000000000800c8a4        0xc C:/ST/STM32CubeIDE_1.14.1/STM32CubeIDE/plugins/com.st.stm32cube.ide.mcu.externaltools.gnu-tools-for-stm32.11.3.rel1.win32_1.1.100.202309141235/tools/bin/../lib/gcc/arm-none-eabi/11.3.1/../../../../arm-none-eabi/lib/thumb/v7e-m+fp/hard\libc_nano.a(libc_a-findfp.o)
                0x000000000800c8a4                __sfp_lock_release
 .text.__sinit  0x000000000800c8b0       0x30 C:/ST/STM32CubeIDE_1.14.1/STM32CubeIDE/plugins/com.st.stm32cube.ide.mcu.externaltools.gnu-tools-for-stm32.11.3.rel1.win32_1.1.100.202309141235/tools/bin/../lib/gcc/arm-none-eabi/11.3.1/../../../../arm-none-eabi/lib/thumb/v7e-m+fp/hard\libc_nano.a(libc_a-findfp.o)
                0x000000000800c8b0                __sinit
 .text.fprintf  0x000000000800c8e0       0x24 C:/ST/STM32CubeIDE_1.14.1/STM32CubeIDE/plugins/com.st.stm32cube.ide.mcu.externaltools.gnu-tools-for-stm32.11.3.rel1.win32_1.1.100.202309141235/tools/bin/../lib/gcc/arm-none-eabi/11.3.1/../../../../arm-none-eabi/lib/thumb/v7e-m+fp/hard\libc_nano.a(libc_a-fprintf.o)
                0x000000000800c8e0                fiprintf
                0x000000000800c8e0                fprintf
 .text._fwalk_sglue
                0x000000000800c904       0x3c C:/ST/STM32CubeIDE_1.14.1/STM32CubeIDE/plugins/com.st.stm32cube.ide.mcu.externaltools.gnu-tools-for-stm32.11.3.rel1.win32_1.1.100.202309141235/tools/bin/../lib/gcc/arm-none-eabi/11.3.1/../../../../arm-none-eabi/lib/thumb/v7e-m+fp/hard\libc_nano.a(libc_a-fwalk.o)
                0x000000000800c904                _fwalk_sglue
 .text.snprintf
                0x000000000800c940       0x68 C:/ST/STM32CubeIDE_1.14.1/STM32CubeIDE/plugins/com.st.stm32cube.ide.mcu.externaltools.gnu-tools-for-stm32.11.3.rel1.win32_1.1.100.202309141235/tools/bin/../lib/gcc/arm-none-eabi/11.3.1/../../../../arm-none-eabi/lib/thumb/v7e-m+fp/hard\libc_nano.a(libc_a-snprintf.o)
                0x000000000800c940                sniprintf
                0x000000000800c940                snprintf
 .text.sprintf  0x000000000800c9a8       0x40 C:/ST/STM32CubeIDE_1.14.1/STM32CubeIDE/plugins/com.st.stm32cube.ide.mcu.externaltools.gnu-tools-for-stm32.11.3.rel1.win32_1.1.100.202309141235/tools/bin/../lib/gcc/arm-none-eabi/11.3.1/../../../../arm-none-eabi/lib/thumb/v7e-m+fp/hard\libc_nano.a(libc_a-sprintf.o)
                0x000000000800c9a8                siprintf
                0x000000000800c9a8                sprintf
 .text.sscanf   0x000000000800c9e8       0x58 C:/ST/STM32CubeIDE_1.14.1/STM32CubeIDE/plugins/com.st.stm32cube.ide.mcu.externaltools.gnu-tools-for-stm32.11.3.rel1.win32_1.1.100.202309141235/tools/bin/../lib/gcc/arm-none-eabi/11.3.1/../../../../arm-none-eabi/lib/thumb/v7e-m+fp/hard\libc_nano.a(libc_a-sscanf.o)
                0x000000000800c9e8                siscanf
                0x000000000800c9e8                sscanf
 .text.__sread  0x000000000800ca40       0x22 C:/ST/STM32CubeIDE_1.14.1/STM32CubeIDE/plugins/com.st.stm32cube.ide.mcu.externaltools.gnu-tools-for-stm32.11.3.rel1.win32_1.1.100.202309141235/tools/bin/../lib/gcc/arm-none-eabi/11.3.1/../../../../arm-none-eabi/lib/thumb/v7e-m+fp/hard\libc_nano.a(libc_a-stdio.o)
                0x000000000800ca40                __sread
 .text.__seofread
                0x000000000800ca62        0x4 C:/ST/STM32CubeIDE_1.14.1/STM32CubeIDE/plugins/com.st.stm32cube.ide.mcu.externaltools.gnu-tools-for-stm32.11.3.rel1.win32_1.1.100.202309141235/tools/bin/../lib/gcc/arm-none-eabi/11.3.1/../../../../arm-none-eabi/lib/thumb/v7e-m+fp/hard\libc_nano.a(libc_a-stdio.o)
                0x000000000800ca62                __seofread
 .text.__swrite
                0x000000000800ca66       0x38 C:/ST/STM32CubeIDE_1.14.1/STM32CubeIDE/plugins/com.st.stm32cube.ide.mcu.externaltools.gnu-tools-for-stm32.11.3.rel1.win32_1.1.100.202309141235/tools/bin/../lib/gcc/arm-none-eabi/11.3.1/../../../../arm-none-eabi/lib/thumb/v7e-m+fp/hard\libc_nano.a(libc_a-stdio.o)
                0x000000000800ca66                __swrite
 .text.__sseek  0x000000000800ca9e       0x24 C:/ST/STM32CubeIDE_1.14.1/STM32CubeIDE/plugins/com.st.stm32cube.ide.mcu.externaltools.gnu-tools-for-stm32.11.3.rel1.win32_1.1.100.202309141235/tools/bin/../lib/gcc/arm-none-eabi/11.3.1/../../../../arm-none-eabi/lib/thumb/v7e-m+fp/hard\libc_nano.a(libc_a-stdio.o)
                0x000000000800ca9e                __sseek
 .text.__sclose
                0x000000000800cac2        0x8 C:/ST/STM32CubeIDE_1.14.1/STM32CubeIDE/plugins/com.st.stm32cube.ide.mcu.externaltools.gnu-tools-for-stm32.11.3.rel1.win32_1.1.100.202309141235/tools/bin/../lib/gcc/arm-none-eabi/11.3.1/../../../../arm-none-eabi/lib/thumb/v7e-m+fp/hard\libc_nano.a(libc_a-stdio.o)
                0x000000000800cac2                __sclose
 .text.memset   0x000000000800caca       0x10 C:/ST/STM32CubeIDE_1.14.1/STM32CubeIDE/plugins/com.st.stm32cube.ide.mcu.externaltools.gnu-tools-for-stm32.11.3.rel1.win32_1.1.100.202309141235/tools/bin/../lib/gcc/arm-none-eabi/11.3.1/../../../../arm-none-eabi/lib/thumb/v7e-m+fp/hard\libc_nano.a(libc_a-memset.o)
                0x000000000800caca                memset
 .text.strncmp  0x000000000800cada       0x24 C:/ST/STM32CubeIDE_1.14.1/STM32CubeIDE/plugins/com.st.stm32cube.ide.mcu.externaltools.gnu-tools-for-stm32.11.3.rel1.win32_1.1.100.202309141235/tools/bin/../lib/gcc/arm-none-eabi/11.3.1/../../../../arm-none-eabi/lib/thumb/v7e-m+fp/hard\libc_nano.a(libc_a-strncmp.o)
                0x000000000800cada                strncmp
 *fill*         0x000000000800cafe        0x2 
 .text._close_r
                0x000000000800cb00       0x20 C:/ST/STM32CubeIDE_1.14.1/STM32CubeIDE/plugins/com.st.stm32cube.ide.mcu.externaltools.gnu-tools-for-stm32.11.3.rel1.win32_1.1.100.202309141235/tools/bin/../lib/gcc/arm-none-eabi/11.3.1/../../../../arm-none-eabi/lib/thumb/v7e-m+fp/hard\libc_nano.a(libc_a-closer.o)
                0x000000000800cb00                _close_r
 .text._lseek_r
                0x000000000800cb20       0x24 C:/ST/STM32CubeIDE_1.14.1/STM32CubeIDE/plugins/com.st.stm32cube.ide.mcu.externaltools.gnu-tools-for-stm32.11.3.rel1.win32_1.1.100.202309141235/tools/bin/../lib/gcc/arm-none-eabi/11.3.1/../../../../arm-none-eabi/lib/thumb/v7e-m+fp/hard\libc_nano.a(libc_a-lseekr.o)
                0x000000000800cb20                _lseek_r
 .text._read_r  0x000000000800cb44       0x24 C:/ST/STM32CubeIDE_1.14.1/STM32CubeIDE/plugins/com.st.stm32cube.ide.mcu.externaltools.gnu-tools-for-stm32.11.3.rel1.win32_1.1.100.202309141235/tools/bin/../lib/gcc/arm-none-eabi/11.3.1/../../../../arm-none-eabi/lib/thumb/v7e-m+fp/hard\libc_nano.a(libc_a-readr.o)
                0x000000000800cb44                _read_r
 .text._write_r
                0x000000000800cb68       0x24 C:/ST/STM32CubeIDE_1.14.1/STM32CubeIDE/plugins/com.st.stm32cube.ide.mcu.externaltools.gnu-tools-for-stm32.11.3.rel1.win32_1.1.100.202309141235/tools/bin/../lib/gcc/arm-none-eabi/11.3.1/../../../../arm-none-eabi/lib/thumb/v7e-m+fp/hard\libc_nano.a(libc_a-writer.o)
                0x000000000800cb68                _write_r
 .text.__errno  0x000000000800cb8c        0xc C:/ST/STM32CubeIDE_1.14.1/STM32CubeIDE/plugins/com.st.stm32cube.ide.mcu.externaltools.gnu-tools-for-stm32.11.3.rel1.win32_1.1.100.202309141235/tools/bin/../lib/gcc/arm-none-eabi/11.3.1/../../../../arm-none-eabi/lib/thumb/v7e-m+fp/hard\libc_nano.a(libc_a-errno.o)
                0x000000000800cb8c                __errno
 .text.__libc_init_array
                0x000000000800cb98       0x48 C:/ST/STM32CubeIDE_1.14.1/STM32CubeIDE/plugins/com.st.stm32cube.ide.mcu.externaltools.gnu-tools-for-stm32.11.3.rel1.win32_1.1.100.202309141235/tools/bin/../lib/gcc/arm-none-eabi/11.3.1/../../../../arm-none-eabi/lib/thumb/v7e-m+fp/hard\libc_nano.a(libc_a-init.o)
                0x000000000800cb98                __libc_init_array
 .text.__retarget_lock_init_recursive
                0x000000000800cbe0        0x2 C:/ST/STM32CubeIDE_1.14.1/STM32CubeIDE/plugins/com.st.stm32cube.ide.mcu.externaltools.gnu-tools-for-stm32.11.3.rel1.win32_1.1.100.202309141235/tools/bin/../lib/gcc/arm-none-eabi/11.3.1/../../../../arm-none-eabi/lib/thumb/v7e-m+fp/hard\libc_nano.a(libc_a-lock.o)
                0x000000000800cbe0                __retarget_lock_init_recursive
 .text.__retarget_lock_acquire_recursive
                0x000000000800cbe2        0x2 C:/ST/STM32CubeIDE_1.14.1/STM32CubeIDE/plugins/com.st.stm32cube.ide.mcu.externaltools.gnu-tools-for-stm32.11.3.rel1.win32_1.1.100.202309141235/tools/bin/../lib/gcc/arm-none-eabi/11.3.1/../../../../arm-none-eabi/lib/thumb/v7e-m+fp/hard\libc_nano.a(libc_a-lock.o)
                0x000000000800cbe2                __retarget_lock_acquire_recursive
 .text.__retarget_lock_release_recursive
                0x000000000800cbe4        0x2 C:/ST/STM32CubeIDE_1.14.1/STM32CubeIDE/plugins/com.st.stm32cube.ide.mcu.externaltools.gnu-tools-for-stm32.11.3.rel1.win32_1.1.100.202309141235/tools/bin/../lib/gcc/arm-none-eabi/11.3.1/../../../../arm-none-eabi/lib/thumb/v7e-m+fp/hard\libc_nano.a(libc_a-lock.o)
                0x000000000800cbe4                __retarget_lock_release_recursive
 .text.memcpy   0x000000000800cbe6       0x1c C:/ST/STM32CubeIDE_1.14.1/STM32CubeIDE/plugins/com.st.stm32cube.ide.mcu.externaltools.gnu-tools-for-stm32.11.3.rel1.win32_1.1.100.202309141235/tools/bin/../lib/gcc/arm-none-eabi/11.3.1/../../../../arm-none-eabi/lib/thumb/v7e-m+fp/hard\libc_nano.a(libc_a-memcpy-stub.o)
                0x000000000800cbe6                memcpy
 .text.abort    0x000000000800cc02        0xe C:/ST/STM32CubeIDE_1.14.1/STM32CubeIDE/plugins/com.st.stm32cube.ide.mcu.externaltools.gnu-tools-for-stm32.11.3.rel1.win32_1.1.100.202309141235/tools/bin/../lib/gcc/arm-none-eabi/11.3.1/../../../../arm-none-eabi/lib/thumb/v7e-m+fp/hard\libc_nano.a(libc_a-abort.o)
                0x000000000800cc02                abort
 .text._free_r  0x000000000800cc10       0x98 C:/ST/STM32CubeIDE_1.14.1/STM32CubeIDE/plugins/com.st.stm32cube.ide.mcu.externaltools.gnu-tools-for-stm32.11.3.rel1.win32_1.1.100.202309141235/tools/bin/../lib/gcc/arm-none-eabi/11.3.1/../../../../arm-none-eabi/lib/thumb/v7e-m+fp/hard\libc_nano.a(libc_a-freer.o)
                0x000000000800cc10                _free_r
 .text.sbrk_aligned
                0x000000000800cca8       0x40 C:/ST/STM32CubeIDE_1.14.1/STM32CubeIDE/plugins/com.st.stm32cube.ide.mcu.externaltools.gnu-tools-for-stm32.11.3.rel1.win32_1.1.100.202309141235/tools/bin/../lib/gcc/arm-none-eabi/11.3.1/../../../../arm-none-eabi/lib/thumb/v7e-m+fp/hard\libc_nano.a(libc_a-mallocr.o)
 .text._malloc_r
                0x000000000800cce8      0x100 C:/ST/STM32CubeIDE_1.14.1/STM32CubeIDE/plugins/com.st.stm32cube.ide.mcu.externaltools.gnu-tools-for-stm32.11.3.rel1.win32_1.1.100.202309141235/tools/bin/../lib/gcc/arm-none-eabi/11.3.1/../../../../arm-none-eabi/lib/thumb/v7e-m+fp/hard\libc_nano.a(libc_a-mallocr.o)
                0x000000000800cce8                _malloc_r
 .text.__malloc_lock
                0x000000000800cde8        0xc C:/ST/STM32CubeIDE_1.14.1/STM32CubeIDE/plugins/com.st.stm32cube.ide.mcu.externaltools.gnu-tools-for-stm32.11.3.rel1.win32_1.1.100.202309141235/tools/bin/../lib/gcc/arm-none-eabi/11.3.1/../../../../arm-none-eabi/lib/thumb/v7e-m+fp/hard\libc_nano.a(libc_a-mlock.o)
                0x000000000800cde8                __malloc_lock
 .text.__malloc_unlock
                0x000000000800cdf4        0xc C:/ST/STM32CubeIDE_1.14.1/STM32CubeIDE/plugins/com.st.stm32cube.ide.mcu.externaltools.gnu-tools-for-stm32.11.3.rel1.win32_1.1.100.202309141235/tools/bin/../lib/gcc/arm-none-eabi/11.3.1/../../../../arm-none-eabi/lib/thumb/v7e-m+fp/hard\libc_nano.a(libc_a-mlock.o)
                0x000000000800cdf4                __malloc_unlock
 .text.__ssputs_r
                0x000000000800ce00       0xb4 C:/ST/STM32CubeIDE_1.14.1/STM32CubeIDE/plugins/com.st.stm32cube.ide.mcu.externaltools.gnu-tools-for-stm32.11.3.rel1.win32_1.1.100.202309141235/tools/bin/../lib/gcc/arm-none-eabi/11.3.1/../../../../arm-none-eabi/lib/thumb/v7e-m+fp/hard\libc_nano.a(libc_a-nano-svfprintf.o)
                0x000000000800ce00                __ssputs_r
 .text._svfprintf_r
                0x000000000800ceb4      0x1fc C:/ST/STM32CubeIDE_1.14.1/STM32CubeIDE/plugins/com.st.stm32cube.ide.mcu.externaltools.gnu-tools-for-stm32.11.3.rel1.win32_1.1.100.202309141235/tools/bin/../lib/gcc/arm-none-eabi/11.3.1/../../../../arm-none-eabi/lib/thumb/v7e-m+fp/hard\libc_nano.a(libc_a-nano-svfprintf.o)
                0x000000000800ceb4                _svfiprintf_r
                0x000000000800ceb4                _svfprintf_r
 .text._sungetc_r
                0x000000000800d0b0       0x7a C:/ST/STM32CubeIDE_1.14.1/STM32CubeIDE/plugins/com.st.stm32cube.ide.mcu.externaltools.gnu-tools-for-stm32.11.3.rel1.win32_1.1.100.202309141235/tools/bin/../lib/gcc/arm-none-eabi/11.3.1/../../../../arm-none-eabi/lib/thumb/v7e-m+fp/hard\libc_nano.a(libc_a-nano-svfscanf.o)
                0x000000000800d0b0                _sungetc_r
 .text.__ssrefill_r
                0x000000000800d12a       0x3a C:/ST/STM32CubeIDE_1.14.1/STM32CubeIDE/plugins/com.st.stm32cube.ide.mcu.externaltools.gnu-tools-for-stm32.11.3.rel1.win32_1.1.100.202309141235/tools/bin/../lib/gcc/arm-none-eabi/11.3.1/../../../../arm-none-eabi/lib/thumb/v7e-m+fp/hard\libc_nano.a(libc_a-nano-svfscanf.o)
                0x000000000800d12a                __ssrefill_r
 .text.__ssvfscanf_r
                0x000000000800d164      0x2f0 C:/ST/STM32CubeIDE_1.14.1/STM32CubeIDE/plugins/com.st.stm32cube.ide.mcu.externaltools.gnu-tools-for-stm32.11.3.rel1.win32_1.1.100.202309141235/tools/bin/../lib/gcc/arm-none-eabi/11.3.1/../../../../arm-none-eabi/lib/thumb/v7e-m+fp/hard\libc_nano.a(libc_a-nano-svfscanf.o)
                0x000000000800d164                __ssvfiscanf_r
                0x000000000800d164                __ssvfscanf_r
 .text.__sfputc_r
                0x000000000800d454       0x2e C:/ST/STM32CubeIDE_1.14.1/STM32CubeIDE/plugins/com.st.stm32cube.ide.mcu.externaltools.gnu-tools-for-stm32.11.3.rel1.win32_1.1.100.202309141235/tools/bin/../lib/gcc/arm-none-eabi/11.3.1/../../../../arm-none-eabi/lib/thumb/v7e-m+fp/hard\libc_nano.a(libc_a-nano-vfprintf.o)
 .text.__sfputs_r
                0x000000000800d482       0x24 C:/ST/STM32CubeIDE_1.14.1/STM32CubeIDE/plugins/com.st.stm32cube.ide.mcu.externaltools.gnu-tools-for-stm32.11.3.rel1.win32_1.1.100.202309141235/tools/bin/../lib/gcc/arm-none-eabi/11.3.1/../../../../arm-none-eabi/lib/thumb/v7e-m+fp/hard\libc_nano.a(libc_a-nano-vfprintf.o)
                0x000000000800d482                __sfputs_r
 *fill*         0x000000000800d4a6        0x2 
 .text._vfprintf_r
                0x000000000800d4a8      0x234 C:/ST/STM32CubeIDE_1.14.1/STM32CubeIDE/plugins/com.st.stm32cube.ide.mcu.externaltools.gnu-tools-for-stm32.11.3.rel1.win32_1.1.100.202309141235/tools/bin/../lib/gcc/arm-none-eabi/11.3.1/../../../../arm-none-eabi/lib/thumb/v7e-m+fp/hard\libc_nano.a(libc_a-nano-vfprintf.o)
                0x000000000800d4a8                _vfprintf_r
                0x000000000800d4a8                _vfiprintf_r
 .text._printf_common
                0x000000000800d6dc       0xda C:/ST/STM32CubeIDE_1.14.1/STM32CubeIDE/plugins/com.st.stm32cube.ide.mcu.externaltools.gnu-tools-for-stm32.11.3.rel1.win32_1.1.100.202309141235/tools/bin/../lib/gcc/arm-none-eabi/11.3.1/../../../../arm-none-eabi/lib/thumb/v7e-m+fp/hard\libc_nano.a(libc_a-nano-vfprintf_i.o)
                0x000000000800d6dc                _printf_common
 *fill*         0x000000000800d7b6        0x2 
 .text._printf_i
                0x000000000800d7b8      0x244 C:/ST/STM32CubeIDE_1.14.1/STM32CubeIDE/plugins/com.st.stm32cube.ide.mcu.externaltools.gnu-tools-for-stm32.11.3.rel1.win32_1.1.100.202309141235/tools/bin/../lib/gcc/arm-none-eabi/11.3.1/../../../../arm-none-eabi/lib/thumb/v7e-m+fp/hard\libc_nano.a(libc_a-nano-vfprintf_i.o)
                0x000000000800d7b8                _printf_i
 .text._scanf_chars
                0x000000000800d9fc       0xb4 C:/ST/STM32CubeIDE_1.14.1/STM32CubeIDE/plugins/com.st.stm32cube.ide.mcu.externaltools.gnu-tools-for-stm32.11.3.rel1.win32_1.1.100.202309141235/tools/bin/../lib/gcc/arm-none-eabi/11.3.1/../../../../arm-none-eabi/lib/thumb/v7e-m+fp/hard\libc_nano.a(libc_a-nano-vfscanf_i.o)
                0x000000000800d9fc                _scanf_chars
 .text._scanf_i
                0x000000000800dab0      0x1e8 C:/ST/STM32CubeIDE_1.14.1/STM32CubeIDE/plugins/com.st.stm32cube.ide.mcu.externaltools.gnu-tools-for-stm32.11.3.rel1.win32_1.1.100.202309141235/tools/bin/../lib/gcc/arm-none-eabi/11.3.1/../../../../arm-none-eabi/lib/thumb/v7e-m+fp/hard\libc_nano.a(libc_a-nano-vfscanf_i.o)
                0x000000000800dab0                _scanf_i
 .text.__sflush_r
                0x000000000800dc98      0x10c C:/ST/STM32CubeIDE_1.14.1/STM32CubeIDE/plugins/com.st.stm32cube.ide.mcu.externaltools.gnu-tools-for-stm32.11.3.rel1.win32_1.1.100.202309141235/tools/bin/../lib/gcc/arm-none-eabi/11.3.1/../../../../arm-none-eabi/lib/thumb/v7e-m+fp/hard\libc_nano.a(libc_a-fflush.o)
                0x000000000800dc98                __sflush_r
 .text._fflush_r
                0x000000000800dda4       0x50 C:/ST/STM32CubeIDE_1.14.1/STM32CubeIDE/plugins/com.st.stm32cube.ide.mcu.externaltools.gnu-tools-for-stm32.11.3.rel1.win32_1.1.100.202309141235/tools/bin/../lib/gcc/arm-none-eabi/11.3.1/../../../../arm-none-eabi/lib/thumb/v7e-m+fp/hard\libc_nano.a(libc_a-fflush.o)
                0x000000000800dda4                _fflush_r
 .text.__sccl   0x000000000800ddf4       0x72 C:/ST/STM32CubeIDE_1.14.1/STM32CubeIDE/plugins/com.st.stm32cube.ide.mcu.externaltools.gnu-tools-for-stm32.11.3.rel1.win32_1.1.100.202309141235/tools/bin/../lib/gcc/arm-none-eabi/11.3.1/../../../../arm-none-eabi/lib/thumb/v7e-m+fp/hard\libc_nano.a(libc_a-sccl.o)
                0x000000000800ddf4                __sccl
 .text.__submore
                0x000000000800de66       0x74 C:/ST/STM32CubeIDE_1.14.1/STM32CubeIDE/plugins/com.st.stm32cube.ide.mcu.externaltools.gnu-tools-for-stm32.11.3.rel1.win32_1.1.100.202309141235/tools/bin/../lib/gcc/arm-none-eabi/11.3.1/../../../../arm-none-eabi/lib/thumb/v7e-m+fp/hard\libc_nano.a(libc_a-ungetc.o)
                0x000000000800de66                __submore
 .text.__swbuf_r
                0x000000000800deda       0x7a C:/ST/STM32CubeIDE_1.14.1/STM32CubeIDE/plugins/com.st.stm32cube.ide.mcu.externaltools.gnu-tools-for-stm32.11.3.rel1.win32_1.1.100.202309141235/tools/bin/../lib/gcc/arm-none-eabi/11.3.1/../../../../arm-none-eabi/lib/thumb/v7e-m+fp/hard\libc_nano.a(libc_a-wbuf.o)
                0x000000000800deda                __swbuf_r
 .text.__swsetup_r
                0x000000000800df54       0xb0 C:/ST/STM32CubeIDE_1.14.1/STM32CubeIDE/plugins/com.st.stm32cube.ide.mcu.externaltools.gnu-tools-for-stm32.11.3.rel1.win32_1.1.100.202309141235/tools/bin/../lib/gcc/arm-none-eabi/11.3.1/../../../../arm-none-eabi/lib/thumb/v7e-m+fp/hard\libc_nano.a(libc_a-wsetup.o)
                0x000000000800df54                __swsetup_r
 .text.memmove  0x000000000800e004       0x34 C:/ST/STM32CubeIDE_1.14.1/STM32CubeIDE/plugins/com.st.stm32cube.ide.mcu.externaltools.gnu-tools-for-stm32.11.3.rel1.win32_1.1.100.202309141235/tools/bin/../lib/gcc/arm-none-eabi/11.3.1/../../../../arm-none-eabi/lib/thumb/v7e-m+fp/hard\libc_nano.a(libc_a-memmove.o)
                0x000000000800e004                memmove
 .text._raise_r
                0x000000000800e038       0x50 C:/ST/STM32CubeIDE_1.14.1/STM32CubeIDE/plugins/com.st.stm32cube.ide.mcu.externaltools.gnu-tools-for-stm32.11.3.rel1.win32_1.1.100.202309141235/tools/bin/../lib/gcc/arm-none-eabi/11.3.1/../../../../arm-none-eabi/lib/thumb/v7e-m+fp/hard\libc_nano.a(libc_a-signal.o)
                0x000000000800e038                _raise_r
 .text.raise    0x000000000800e088       0x10 C:/ST/STM32CubeIDE_1.14.1/STM32CubeIDE/plugins/com.st.stm32cube.ide.mcu.externaltools.gnu-tools-for-stm32.11.3.rel1.win32_1.1.100.202309141235/tools/bin/../lib/gcc/arm-none-eabi/11.3.1/../../../../arm-none-eabi/lib/thumb/v7e-m+fp/hard\libc_nano.a(libc_a-signal.o)
                0x000000000800e088                raise
 .text._kill_r  0x000000000800e098       0x24 C:/ST/STM32CubeIDE_1.14.1/STM32CubeIDE/plugins/com.st.stm32cube.ide.mcu.externaltools.gnu-tools-for-stm32.11.3.rel1.win32_1.1.100.202309141235/tools/bin/../lib/gcc/arm-none-eabi/11.3.1/../../../../arm-none-eabi/lib/thumb/v7e-m+fp/hard\libc_nano.a(libc_a-signalr.o)
                0x000000000800e098                _kill_r
 .text._getpid_r
                0x000000000800e0bc        0x4 C:/ST/STM32CubeIDE_1.14.1/STM32CubeIDE/plugins/com.st.stm32cube.ide.mcu.externaltools.gnu-tools-for-stm32.11.3.rel1.win32_1.1.100.202309141235/tools/bin/../lib/gcc/arm-none-eabi/11.3.1/../../../../arm-none-eabi/lib/thumb/v7e-m+fp/hard\libc_nano.a(libc_a-signalr.o)
                0x000000000800e0bc                _getpid_r
 .text._sbrk_r  0x000000000800e0c0       0x20 C:/ST/STM32CubeIDE_1.14.1/STM32CubeIDE/plugins/com.st.stm32cube.ide.mcu.externaltools.gnu-tools-for-stm32.11.3.rel1.win32_1.1.100.202309141235/tools/bin/../lib/gcc/arm-none-eabi/11.3.1/../../../../arm-none-eabi/lib/thumb/v7e-m+fp/hard\libc_nano.a(libc_a-sbrkr.o)
                0x000000000800e0c0                _sbrk_r
 .text._realloc_r
                0x000000000800e0e0       0x5e C:/ST/STM32CubeIDE_1.14.1/STM32CubeIDE/plugins/com.st.stm32cube.ide.mcu.externaltools.gnu-tools-for-stm32.11.3.rel1.win32_1.1.100.202309141235/tools/bin/../lib/gcc/arm-none-eabi/11.3.1/../../../../arm-none-eabi/lib/thumb/v7e-m+fp/hard\libc_nano.a(libc_a-reallocr.o)
                0x000000000800e0e0                _realloc_r
 *fill*         0x000000000800e13e        0x2 
 .text._strtol_l.constprop.0
                0x000000000800e140      0x104 C:/ST/STM32CubeIDE_1.14.1/STM32CubeIDE/plugins/com.st.stm32cube.ide.mcu.externaltools.gnu-tools-for-stm32.11.3.rel1.win32_1.1.100.202309141235/tools/bin/../lib/gcc/arm-none-eabi/11.3.1/../../../../arm-none-eabi/lib/thumb/v7e-m+fp/hard\libc_nano.a(libc_a-strtol.o)
 .text._strtol_r
                0x000000000800e244        0x4 C:/ST/STM32CubeIDE_1.14.1/STM32CubeIDE/plugins/com.st.stm32cube.ide.mcu.externaltools.gnu-tools-for-stm32.11.3.rel1.win32_1.1.100.202309141235/tools/bin/../lib/gcc/arm-none-eabi/11.3.1/../../../../arm-none-eabi/lib/thumb/v7e-m+fp/hard\libc_nano.a(libc_a-strtol.o)
                0x000000000800e244                _strtol_r
 .text._strtoul_l.constprop.0
                0x000000000800e248       0xe4 C:/ST/STM32CubeIDE_1.14.1/STM32CubeIDE/plugins/com.st.stm32cube.ide.mcu.externaltools.gnu-tools-for-stm32.11.3.rel1.win32_1.1.100.202309141235/tools/bin/../lib/gcc/arm-none-eabi/11.3.1/../../../../arm-none-eabi/lib/thumb/v7e-m+fp/hard\libc_nano.a(libc_a-strtoul.o)
 .text._strtoul_r
                0x000000000800e32c        0x4 C:/ST/STM32CubeIDE_1.14.1/STM32CubeIDE/plugins/com.st.stm32cube.ide.mcu.externaltools.gnu-tools-for-stm32.11.3.rel1.win32_1.1.100.202309141235/tools/bin/../lib/gcc/arm-none-eabi/11.3.1/../../../../arm-none-eabi/lib/thumb/v7e-m+fp/hard\libc_nano.a(libc_a-strtoul.o)
                0x000000000800e32c                _strtoul_r
 .text.__swhatbuf_r
                0x000000000800e330       0x4c C:/ST/STM32CubeIDE_1.14.1/STM32CubeIDE/plugins/com.st.stm32cube.ide.mcu.externaltools.gnu-tools-for-stm32.11.3.rel1.win32_1.1.100.202309141235/tools/bin/../lib/gcc/arm-none-eabi/11.3.1/../../../../arm-none-eabi/lib/thumb/v7e-m+fp/hard\libc_nano.a(libc_a-makebuf.o)
                0x000000000800e330                __swhatbuf_r
 .text.__smakebuf_r
                0x000000000800e37c       0x78 C:/ST/STM32CubeIDE_1.14.1/STM32CubeIDE/plugins/com.st.stm32cube.ide.mcu.externaltools.gnu-tools-for-stm32.11.3.rel1.win32_1.1.100.202309141235/tools/bin/../lib/gcc/arm-none-eabi/11.3.1/../../../../arm-none-eabi/lib/thumb/v7e-m+fp/hard\libc_nano.a(libc_a-makebuf.o)
                0x000000000800e37c                __smakebuf_r
 .text._fstat_r
                0x000000000800e3f4       0x24 C:/ST/STM32CubeIDE_1.14.1/STM32CubeIDE/plugins/com.st.stm32cube.ide.mcu.externaltools.gnu-tools-for-stm32.11.3.rel1.win32_1.1.100.202309141235/tools/bin/../lib/gcc/arm-none-eabi/11.3.1/../../../../arm-none-eabi/lib/thumb/v7e-m+fp/hard\libc_nano.a(libc_a-fstatr.o)
                0x000000000800e3f4                _fstat_r
 .text._isatty_r