../Drivers/STM32F4xx_HAL_Driver/Src/stm32f4xx_hal_rcc.c:200:26:HAL_RCC_DeInit	4	static
../Drivers/STM32F4xx_HAL_Driver/Src/stm32f4xx_hal_rcc.c:218:26:HAL_RCC_OscConfig	32	static
../Drivers/STM32F4xx_HAL_Driver/Src/stm32f4xx_hal_rcc.c:549:19:HAL_RCC_ClockConfig	24	static
../Drivers/STM32F4xx_HAL_Driver/Src/stm32f4xx_hal_rcc.c:724:6:HAL_RCC_MCOConfig	56	static
../Drivers/STM32F4xx_HAL_Driver/Src/stm32f4xx_hal_rcc.c:790:6:HAL_RCC_EnableCSS	4	static
../Drivers/STM32F4xx_HAL_Driver/Src/stm32f4xx_hal_rcc.c:798:6:HAL_RCC_DisableCSS	4	static
../Drivers/STM32F4xx_HAL_Driver/Src/stm32f4xx_hal_rcc.c:832:17:HAL_RCC_GetSysClockFreq	112	static
../Drivers/STM32F4xx_HAL_Driver/Src/stm32f4xx_hal_rcc.c:889:10:HAL_RCC_GetHCLKFreq	4	static
../Drivers/STM32F4xx_HAL_Driver/Src/stm32f4xx_hal_rcc.c:899:10:HAL_RCC_GetPCLK1Freq	8	static
../Drivers/STM32F4xx_HAL_Driver/Src/stm32f4xx_hal_rcc.c:911:10:HAL_RCC_GetPCLK2Freq	8	static
../Drivers/STM32F4xx_HAL_Driver/Src/stm32f4xx_hal_rcc.c:924:13:HAL_RCC_GetOscConfig	16	static
../Drivers/STM32F4xx_HAL_Driver/Src/stm32f4xx_hal_rcc.c:991:6:HAL_RCC_GetClockConfig	16	static
../Drivers/STM32F4xx_HAL_Driver/Src/stm32f4xx_hal_rcc.c:1019:6:HAL_RCC_NMI_IRQHandler	8	static
../Drivers/STM32F4xx_HAL_Driver/Src/stm32f4xx_hal_rcc.c:1034:13:HAL_RCC_CSSCallback	4	static
