../Core/Src/main.c:80:5:main	8	static
../Core/Src/main.c:131:6:SystemClock_Config	88	static
../Core/Src/main.c:178:13:MX_ADC1_Init	24	static
../Core/Src/main.c:230:13:MX_I2C1_Init	8	static
../Core/Src/main.c:264:13:MX_TIM2_Init	32	static
../Core/Src/main.c:309:13:MX_USART1_UART_Init	8	static
../Core/Src/main.c:342:13:MX_USART2_UART_Init	8	static
../Core/Src/main.c:373:13:MX_DMA_Init	16	static
../Core/Src/main.c:391:13:MX_GPIO_Init	48	static
../Core/Src/main.c:441:6:Error_Handler	4	static,ignoring_inline_asm
