../Core/Src/main.c:81:5:main	8	static
../Core/Src/main.c:132:6:SystemClock_Config	88	static
../Core/Src/main.c:179:13:MX_ADC1_Init	24	static
../Core/Src/main.c:231:13:MX_I2C1_Init	8	static
../Core/Src/main.c:265:13:MX_TIM2_Init	32	static
../Core/Src/main.c:310:13:MX_USART1_UART_Init	8	static
../Core/Src/main.c:343:13:MX_USART2_UART_Init	8	static
../Core/Src/main.c:374:13:MX_DMA_Init	16	static
../Core/Src/main.c:392:13:MX_GPIO_Init	48	static
../Core/Src/main.c:442:6:Error_Handler	4	static,ignoring_inline_asm
