../Proyecto/ports/port_rfid/port_rfid.c:34:20:_cs_low	8	static
../Proyecto/ports/port_rfid/port_rfid.c:35:20:_cs_high	8	static
../Proyecto/ports/port_rfid/port_rfid.c:40:6:port_rfid_write_reg	24	static
../Proyecto/ports/port_rfid/port_rfid.c:52:9:port_rfid_read_reg	24	static
../Proyecto/ports/port_rfid/port_rfid.c:65:6:port_rfid_command	120	static
../Proyecto/ports/port_rfid/port_rfid.c:115:6:port_rfid_requestA	88	static
../Proyecto/ports/port_rfid/port_rfid.c:134:6:port_rfid_init	80	static
../Proyecto/ports/port_rfid/port_rfid.c:157:6:port_rfid_read_uid	40	static
